[  2%] Built target antidrone_turret__rs
[  1%] Built target antidrone_turret__rosidl_generator_type_description
[  4%] Built target gtest_main
[  4%] Built target ament_cmake_python_copy_antidrone_turret
[  6%] Built target gtest
[ 26%] Built target antidrone_turret__rosidl_generator_c
[ 27%] Built target antidrone_turret__cpp
[ 29%] Built target provided_logic_test
[ 37%] Built target antidrone_turret__rosidl_typesupport_fastrtps_c
[ 45%] Built target antidrone_turret__rosidl_typesupport_introspection_c
[ 53%] Built target antidrone_turret__rosidl_typesupport_c
[ 61%] Built target antidrone_turret__rosidl_typesupport_fastrtps_cpp
[ 69%] Built target antidrone_turret__rosidl_typesupport_introspection_cpp
running egg_info
[ 77%] Built target antidrone_turret__rosidl_typesupport_cpp
writing antidrone_turret.egg-info/PKG-INFO
writing dependency_links to antidrone_turret.egg-info/dependency_links.txt
writing top-level names to antidrone_turret.egg-info/top_level.txt
[ 77%] Built target antidrone_turret
[ 79%] Built target target_track_publisher_node
reading manifest file 'antidrone_turret.egg-info/SOURCES.txt'
writing manifest file 'antidrone_turret.egg-info/SOURCES.txt'
[ 80%] Built target actuator_node
[ 80%] Built target ament_cmake_python_build_antidrone_turret_egg
[ 81%] [32mBuilding CXX object CMakeFiles/turret_controller_node.dir/src/turret_controller_node.cpp.o[0m
[ 83%] Built target gimbal_driver_node
[ 84%] [32mBuilding CXX object CMakeFiles/yaw_servo_driver_node.dir/src/yaw_servo_driver_node.cpp.o[0m
[01m[K/home/serviom/cpp-miltech/homework_13/robot_ws/src/antidrone_turret/src/turret_controller_node.cpp:[m[K In member function ‘[01m[Kvoid TurretControllerNode::[01;32m[Kstatus_callback[m[K(antidrone_turret::msg::ActuatorStatus_<std::allocator<void> >::SharedPtr)[m[K’:
[01m[K/home/serviom/cpp-miltech/homework_13/robot_ws/src/antidrone_turret/src/turret_controller_node.cpp:42:5:[m[K [01;31m[Kerror: [m[K‘[01m[Kcurrent_actuator_status_[m[K’ was not declared in this scope; did you mean ‘[01m[Kcurrent_actuator_state_[m[K’?
   42 |     [01;31m[Kcurrent_actuator_status_[m[K = static_cast<ActuatorStatus>(msg->state);
      |     [01;31m[K^~~~~~~~~~~~~~~~~~~~~~~~[m[K
      |     [32m[Kcurrent_actuator_state_[m[K
[01m[K/home/serviom/cpp-miltech/homework_13/robot_ws/src/antidrone_turret/src/turret_controller_node.cpp:42:44:[m[K [01;31m[Kerror: [m[K‘[01m[KActuatorStatus[m[K’ does not name a type
   42 |     current_actuator_status_ = static_cast<[01;31m[KActuatorStatus[m[K>(msg->state);
      |                                            [01;31m[K^~~~~~~~~~~~~~[m[K
gmake[2]: *** [CMakeFiles/turret_controller_node.dir/build.make:76: CMakeFiles/turret_controller_node.dir/src/turret_controller_node.cpp.o] Error 1
gmake[1]: *** [CMakeFiles/Makefile2:729: CMakeFiles/turret_controller_node.dir/all] Error 2
gmake[1]: *** Waiting for unfinished jobs....
[ 85%] [32m[1mLinking CXX executable yaw_servo_driver_node[0m
[ 85%] Built target yaw_servo_driver_node
gmake: *** [Makefile:146: all] Error 2
