[  2%] Built target antidrone_turret__rs
[  1%] Built target antidrone_turret__rosidl_generator_type_description
[  4%] Built target gtest_main
[  4%] Built target ament_cmake_python_copy_antidrone_turret
[  6%] Built target gtest
[ 26%] Built target antidrone_turret__rosidl_generator_c
[ 27%] Built target antidrone_turret__cpp
[ 29%] Built target provided_logic_test
[ 37%] Built target antidrone_turret__rosidl_typesupport_fastrtps_c
[ 45%] Built target antidrone_turret__rosidl_typesupport_introspection_c
[ 53%] Built target antidrone_turret__rosidl_typesupport_c
[ 61%] Built target antidrone_turret__rosidl_typesupport_fastrtps_cpp
[ 69%] Built target antidrone_turret__rosidl_typesupport_introspection_cpp
running egg_info
[ 77%] Built target antidrone_turret__rosidl_typesupport_cpp
writing antidrone_turret.egg-info/PKG-INFO
writing dependency_links to antidrone_turret.egg-info/dependency_links.txt
writing top-level names to antidrone_turret.egg-info/top_level.txt
[ 77%] Built target antidrone_turret
[ 79%] Built target target_track_publisher_node
reading manifest file 'antidrone_turret.egg-info/SOURCES.txt'
writing manifest file 'antidrone_turret.egg-info/SOURCES.txt'
[ 80%] Built target actuator_node
[ 80%] Built target ament_cmake_python_build_antidrone_turret_egg
[ 81%] [32mBuilding CXX object CMakeFiles/turret_controller_node.dir/src/turret_controller_node.cpp.o[0m
[ 83%] Built target gimbal_driver_node
[ 84%] [32mBuilding CXX object CMakeFiles/yaw_servo_driver_node.dir/src/yaw_servo_driver_node.cpp.o[0m
[ 85%] [32m[1mLinking CXX executable yaw_servo_driver_node[0m
[ 85%] Built target yaw_servo_driver_node
