[  1%] Built target antidrone_turret__rosidl_generator_type_description
[  2%] Built target antidrone_turret__rs
[  4%] Built target gtest_main
[  4%] Built target ament_cmake_python_copy_antidrone_turret
[  6%] Built target gtest
[ 26%] Built target antidrone_turret__rosidl_generator_c
[ 27%] Built target antidrone_turret__cpp
[ 29%] Built target provided_logic_test
[ 37%] Built target antidrone_turret__rosidl_typesupport_fastrtps_c
[ 45%] Built target antidrone_turret__rosidl_typesupport_introspection_c
[ 53%] Built target antidrone_turret__rosidl_typesupport_c
[ 61%] Built target antidrone_turret__rosidl_typesupport_fastrtps_cpp
[ 69%] Built target antidrone_turret__rosidl_typesupport_introspection_cpp
running egg_info
[ 77%] Built target antidrone_turret__rosidl_typesupport_cpp
writing antidrone_turret.egg-info/PKG-INFO
writing dependency_links to antidrone_turret.egg-info/dependency_links.txt
writing top-level names to antidrone_turret.egg-info/top_level.txt
[ 77%] Built target antidrone_turret
[ 79%] Built target target_track_publisher_node
reading manifest file 'antidrone_turret.egg-info/SOURCES.txt'
writing manifest file 'antidrone_turret.egg-info/SOURCES.txt'
[ 80%] Built target actuator_node
[ 80%] Built target ament_cmake_python_build_antidrone_turret_egg
[ 81%] [32mBuilding CXX object CMakeFiles/turret_controller_node.dir/src/turret_controller_node.cpp.o[0m
[ 83%] Built target gimbal_driver_node
[ 85%] Built target yaw_servo_driver_node
[ 86%] Built target antidrone_turret__py
[ 93%] Built target antidrone_turret__rosidl_generator_py
[ 95%] Built target antidrone_turret_s__rosidl_typesupport_fastrtps_c
[ 97%] Built target antidrone_turret_s__rosidl_typesupport_introspection_c
[ 99%] Built target antidrone_turret_s__rosidl_typesupport_c
[100%] [32m[1mLinking CXX executable turret_controller_node[0m
[100%] Built target turret_controller_node
-- Install configuration: ""
-- Installing: /home/serviom/cpp-miltech/homework_13/robot_ws/install/antidrone_turret/share/ament_index/resource_index/rosidl_interfaces/antidrone_turret
-- Installing: /home/serviom/cpp-miltech/homework_13/robot_ws/install/antidrone_turret/share/antidrone_turret/msg/Target.json
-- Installing: /home/serviom/cpp-miltech/homework_13/robot_ws/install/antidrone_turret/share/antidrone_turret/msg/ActuatorStatus.json
-- Installing: /home/serviom/cpp-miltech/homework_13/robot_ws/install/antidrone_turret/share/antidrone_turret/msg/GimbalCommand.json
-- Installing: /home/serviom/cpp-miltech/homework_13/robot_ws/install/antidrone_turret/share/antidrone_turret/msg/ServoCommand.json
-- Installing: /home/serviom/cpp-miltech/homework_13/robot_ws/install/antidrone_turret/share/antidrone_turret/msg/TurretStatus.json
-- Installing: /home/serviom/cpp-miltech/homework_13/robot_ws/install/antidrone_turret/share/antidrone_turret/srv/TriggerActuator.json
-- Installing: /home/serviom/cpp-miltech/homework_13/robot_ws/install/antidrone_turret/include/antidrone_turret/antidrone_turret
-- Installing: /home/serviom/cpp-miltech/homework_13/robot_ws/install/antidrone_turret/include/antidrone_turret/antidrone_turret/msg
-- Installing: /home/serviom/cpp-miltech/homework_13/robot_ws/install/antidrone_turret/include/antidrone_turret/antidrone_turret/msg/rosidl_generator_c__visibility_control.h
-- Installing: /home/serviom/cpp-miltech/homework_13/robot_ws/install/antidrone_turret/include/antidrone_turret/antidrone_turret/msg/turret_status.h
-- Installing: /home/serviom/cpp-miltech/homework_13/robot_ws/install/antidrone_turret/include/antidrone_turret/antidrone_turret/msg/detail
-- Installing: /home/serviom/cpp-miltech/homework_13/robot_ws/install/antidrone_turret/include/antidrone_turret/antidrone_turret/msg/detail/actuator_status__struct.h
-- Installing: /home/serviom/cpp-miltech/homework_13/robot_ws/install/antidrone_turret/include/antidrone_turret/antidrone_turret/msg/detail/target__type_support.h
-- Installing: /home/serviom/cpp-miltech/homework_13/robot_ws/install/antidrone_turret/include/antidrone_turret/antidrone_turret/msg/detail/gimbal_command__functions.h
-- Installing: /home/serviom/cpp-miltech/homework_13/robot_ws/install/antidrone_turret/include/antidrone_turret/antidrone_turret/msg/detail/gimbal_command__description.c
-- Installing: /home/serviom/cpp-miltech/homework_13/robot_ws/install/antidrone_turret/include/antidrone_turret/antidrone_turret/msg/detail/target__description.c
-- Installing: /home/serviom/cpp-miltech/homework_13/robot_ws/install/antidrone_turret/include/antidrone_turret/antidrone_turret/msg/detail/servo_command__type_support.c
-- Installing: /home/serviom/cpp-miltech/homework_13/robot_ws/install/antidrone_turret/include/antidrone_turret/antidrone_turret/msg/detail/turret_status__functions.c
-- Installing: /home/serviom/cpp-miltech/homework_13/robot_ws/install/antidrone_turret/include/antidrone_turret/antidrone_turret/msg/detail/turret_status__type_support.h
-- Installing: /home/serviom/cpp-miltech/homework_13/robot_ws/install/antidrone_turret/include/antidrone_turret/antidrone_turret/msg/detail/target__functions.h
-- Installing: /home/serviom/cpp-miltech/homework_13/robot_ws/install/antidrone_turret/include/antidrone_turret/antidrone_turret/msg/detail/actuator_status__functions.c
-- Installing: /home/serviom/cpp-miltech/homework_13/robot_ws/install/antidrone_turret/include/antidrone_turret/antidrone_turret/msg/detail/servo_command__description.c
-- Installing: /home/serviom/cpp-miltech/homework_13/robot_ws/install/antidrone_turret/include/antidrone_turret/antidrone_turret/msg/detail/gimbal_command__type_support.c
-- Installing: /home/serviom/cpp-miltech/homework_13/robot_ws/install/antidrone_turret/include/antidrone_turret/antidrone_turret/msg/detail/target__type_support.c
-- Installing: /home/serviom/cpp-miltech/homework_13/robot_ws/install/antidrone_turret/include/antidrone_turret/antidrone_turret/msg/detail/target__functions.c
-- Installing: /home/serviom/cpp-miltech/homework_13/robot_ws/install/antidrone_turret/include/antidrone_turret/antidrone_turret/msg/detail/gimbal_command__type_support.h
-- Installing: /home/serviom/cpp-miltech/homework_13/robot_ws/install/antidrone_turret/include/antidrone_turret/antidrone_turret/msg/detail/target__struct.h
-- Installing: /home/serviom/cpp-miltech/homework_13/robot_ws/install/antidrone_turret/include/antidrone_turret/antidrone_turret/msg/detail/actuator_status__functions.h
-- Installing: /home/serviom/cpp-miltech/homework_13/robot_ws/install/antidrone_turret/include/antidrone_turret/antidrone_turret/msg/detail/servo_command__type_support.h
-- Installing: /home/serviom/cpp-miltech/homework_13/robot_ws/install/antidrone_turret/include/antidrone_turret/antidrone_turret/msg/detail/servo_command__functions.h
-- Installing: /home/serviom/cpp-miltech/homework_13/robot_ws/install/antidrone_turret/include/antidrone_turret/antidrone_turret/msg/detail/turret_status__functions.h
-- Installing: /home/serviom/cpp-miltech/homework_13/robot_ws/install/antidrone_turret/include/antidrone_turret/antidrone_turret/msg/detail/actuator_status__type_support.h
-- Installing: /home/serviom/cpp-miltech/homework_13/robot_ws/install/antidrone_turret/include/antidrone_turret/antidrone_turret/msg/detail/actuator_status__type_support.c
-- Installing: /home/serviom/cpp-miltech/homework_13/robot_ws/install/antidrone_turret/include/antidrone_turret/antidrone_turret/msg/detail/turret_status__type_support.c
-- Installing: /home/serviom/cpp-miltech/homework_13/robot_ws/install/antidrone_turret/include/antidrone_turret/antidrone_turret/msg/detail/gimbal_command__functions.c
-- Installing: /home/serviom/cpp-miltech/homework_13/robot_ws/install/antidrone_turret/include/antidrone_turret/antidrone_turret/msg/detail/turret_status__description.c
-- Installing: /home/serviom/cpp-miltech/homework_13/robot_ws/install/antidrone_turret/include/antidrone_turret/antidrone_turret/msg/detail/turret_status__struct.h
-- Installing: /home/serviom/cpp-miltech/homework_13/robot_ws/install/antidrone_turret/include/antidrone_turret/antidrone_turret/msg/detail/actuator_status__description.c
-- Installing: /home/serviom/cpp-miltech/homework_13/robot_ws/install/antidrone_turret/include/antidrone_turret/antidrone_turret/msg/detail/gimbal_command__struct.h
-- Installing: /home/serviom/cpp-miltech/homework_13/robot_ws/install/antidrone_turret/include/antidrone_turret/antidrone_turret/msg/detail/servo_command__functions.c
-- Installing: /home/serviom/cpp-miltech/homework_13/robot_ws/install/antidrone_turret/include/antidrone_turret/antidrone_turret/msg/detail/servo_command__struct.h
-- Installing: /home/serviom/cpp-miltech/homework_13/robot_ws/install/antidrone_turret/include/antidrone_turret/antidrone_turret/msg/gimbal_command.h
-- Installing: /home/serviom/cpp-miltech/homework_13/robot_ws/install/antidrone_turret/include/antidrone_turret/antidrone_turret/msg/servo_command.h
-- Installing: /home/serviom/cpp-miltech/homework_13/robot_ws/install/antidrone_turret/include/antidrone_turret/antidrone_turret/msg/target.h
-- Installing: /home/serviom/cpp-miltech/homework_13/robot_ws/install/antidrone_turret/include/antidrone_turret/antidrone_turret/msg/actuator_status.h
-- Installing: /home/serviom/cpp-miltech/homework_13/robot_ws/install/antidrone_turret/include/antidrone_turret/antidrone_turret/srv
-- Installing: /home/serviom/cpp-miltech/homework_13/robot_ws/install/antidrone_turret/include/antidrone_turret/antidrone_turret/srv/detail
-- Installing: /home/serviom/cpp-miltech/homework_13/robot_ws/install/antidrone_turret/include/antidrone_turret/antidrone_turret/srv/detail/trigger_actuator__functions.h
-- Installing: /home/serviom/cpp-miltech/homework_13/robot_ws/install/antidrone_turret/include/antidrone_turret/antidrone_turret/srv/detail/trigger_actuator__functions.c
-- Installing: /home/serviom/cpp-miltech/homework_13/robot_ws/install/antidrone_turret/include/antidrone_turret/antidrone_turret/srv/detail/trigger_actuator__description.c
-- Installing: /home/serviom/cpp-miltech/homework_13/robot_ws/install/antidrone_turret/include/antidrone_turret/antidrone_turret/srv/detail/trigger_actuator__type_support.c
-- Installing: /home/serviom/cpp-miltech/homework_13/robot_ws/install/antidrone_turret/include/antidrone_turret/antidrone_turret/srv/detail/trigger_actuator__struct.h
-- Installing: /home/serviom/cpp-miltech/homework_13/robot_ws/install/antidrone_turret/include/antidrone_turret/antidrone_turret/srv/detail/trigger_actuator__type_support.h
-- Installing: /home/serviom/cpp-miltech/homework_13/robot_ws/install/antidrone_turret/include/antidrone_turret/antidrone_turret/srv/trigger_actuator.h
-- Installing: /home/serviom/cpp-miltech/homework_13/robot_ws/install/antidrone_turret/share/antidrone_turret/environment/library_path.sh
-- Installing: /home/serviom/cpp-miltech/homework_13/robot_ws/install/antidrone_turret/share/antidrone_turret/environment/library_path.dsv
-- Installing: /home/serviom/cpp-miltech/homework_13/robot_ws/install/antidrone_turret/lib/libantidrone_turret__rosidl_generator_c.so
-- Set non-toolchain portion of runtime path of "/home/serviom/cpp-miltech/homework_13/robot_ws/install/antidrone_turret/lib/libantidrone_turret__rosidl_generator_c.so" to ""
-- Up-to-date: /home/serviom/cpp-miltech/homework_13/robot_ws/install/antidrone_turret/include/antidrone_turret/antidrone_turret
-- Up-to-date: /home/serviom/cpp-miltech/homework_13/robot_ws/install/antidrone_turret/include/antidrone_turret/antidrone_turret/msg
-- Installing: /home/serviom/cpp-miltech/homework_13/robot_ws/install/antidrone_turret/include/antidrone_turret/antidrone_turret/msg/rosidl_typesupport_fastrtps_c__visibility_control.h
-- Up-to-date: /home/serviom/cpp-miltech/homework_13/robot_ws/install/antidrone_turret/include/antidrone_turret/antidrone_turret/msg/detail
-- Installing: /home/serviom/cpp-miltech/homework_13/robot_ws/install/antidrone_turret/include/antidrone_turret/antidrone_turret/msg/detail/turret_status__rosidl_typesupport_fastrtps_c.h
-- Installing: /home/serviom/cpp-miltech/homework_13/robot_ws/install/antidrone_turret/include/antidrone_turret/antidrone_turret/msg/detail/target__rosidl_typesupport_fastrtps_c.h
-- Installing: /home/serviom/cpp-miltech/homework_13/robot_ws/install/antidrone_turret/include/antidrone_turret/antidrone_turret/msg/detail/servo_command__rosidl_typesupport_fastrtps_c.h
-- Installing: /home/serviom/cpp-miltech/homework_13/robot_ws/install/antidrone_turret/include/antidrone_turret/antidrone_turret/msg/detail/actuator_status__rosidl_typesupport_fastrtps_c.h
-- Installing: /home/serviom/cpp-miltech/homework_13/robot_ws/install/antidrone_turret/include/antidrone_turret/antidrone_turret/msg/detail/gimbal_command__rosidl_typesupport_fastrtps_c.h
-- Up-to-date: /home/serviom/cpp-miltech/homework_13/robot_ws/install/antidrone_turret/include/antidrone_turret/antidrone_turret/srv
-- Up-to-date: /home/serviom/cpp-miltech/homework_13/robot_ws/install/antidrone_turret/include/antidrone_turret/antidrone_turret/srv/detail
-- Installing: /home/serviom/cpp-miltech/homework_13/robot_ws/install/antidrone_turret/include/antidrone_turret/antidrone_turret/srv/detail/trigger_actuator__rosidl_typesupport_fastrtps_c.h
-- Installing: /home/serviom/cpp-miltech/homework_13/robot_ws/install/antidrone_turret/lib/libantidrone_turret__rosidl_typesupport_fastrtps_c.so
-- Set non-toolchain portion of runtime path of "/home/serviom/cpp-miltech/homework_13/robot_ws/install/antidrone_turret/lib/libantidrone_turret__rosidl_typesupport_fastrtps_c.so" to ""
-- Up-to-date: /home/serviom/cpp-miltech/homework_13/robot_ws/install/antidrone_turret/include/antidrone_turret/antidrone_turret
-- Up-to-date: /home/serviom/cpp-miltech/homework_13/robot_ws/install/antidrone_turret/include/antidrone_turret/antidrone_turret/msg
-- Installing: /home/serviom/cpp-miltech/homework_13/robot_ws/install/antidrone_turret/include/antidrone_turret/antidrone_turret/msg/rosidl_typesupport_introspection_c__visibility_control.h
-- Up-to-date: /home/serviom/cpp-miltech/homework_13/robot_ws/install/antidrone_turret/include/antidrone_turret/antidrone_turret/msg/detail
-- Installing: /home/serviom/cpp-miltech/homework_13/robot_ws/install/antidrone_turret/include/antidrone_turret/antidrone_turret/msg/detail/servo_command__type_support.c
-- Installing: /home/serviom/cpp-miltech/homework_13/robot_ws/install/antidrone_turret/include/antidrone_turret/antidrone_turret/msg/detail/gimbal_command__type_support.c
-- Installing: /home/serviom/cpp-miltech/homework_13/robot_ws/install/antidrone_turret/include/antidrone_turret/antidrone_turret/msg/detail/target__type_support.c
-- Installing: /home/serviom/cpp-miltech/homework_13/robot_ws/install/antidrone_turret/include/antidrone_turret/antidrone_turret/msg/detail/turret_status__rosidl_typesupport_introspection_c.h
-- Installing: /home/serviom/cpp-miltech/homework_13/robot_ws/install/antidrone_turret/include/antidrone_turret/antidrone_turret/msg/detail/gimbal_command__rosidl_typesupport_introspection_c.h
-- Installing: /home/serviom/cpp-miltech/homework_13/robot_ws/install/antidrone_turret/include/antidrone_turret/antidrone_turret/msg/detail/servo_command__rosidl_typesupport_introspection_c.h
-- Installing: /home/serviom/cpp-miltech/homework_13/robot_ws/install/antidrone_turret/include/antidrone_turret/antidrone_turret/msg/detail/actuator_status__type_support.c
-- Installing: /home/serviom/cpp-miltech/homework_13/robot_ws/install/antidrone_turret/include/antidrone_turret/antidrone_turret/msg/detail/turret_status__type_support.c
-- Installing: /home/serviom/cpp-miltech/homework_13/robot_ws/install/antidrone_turret/include/antidrone_turret/antidrone_turret/msg/detail/target__rosidl_typesupport_introspection_c.h
-- Installing: /home/serviom/cpp-miltech/homework_13/robot_ws/install/antidrone_turret/include/antidrone_turret/antidrone_turret/msg/detail/actuator_status__rosidl_typesupport_introspection_c.h
-- Up-to-date: /home/serviom/cpp-miltech/homework_13/robot_ws/install/antidrone_turret/include/antidrone_turret/antidrone_turret/srv
-- Up-to-date: /home/serviom/cpp-miltech/homework_13/robot_ws/install/antidrone_turret/include/antidrone_turret/antidrone_turret/srv/detail
-- Installing: /home/serviom/cpp-miltech/homework_13/robot_ws/install/antidrone_turret/include/antidrone_turret/antidrone_turret/srv/detail/trigger_actuator__rosidl_typesupport_introspection_c.h
-- Installing: /home/serviom/cpp-miltech/homework_13/robot_ws/install/antidrone_turret/include/antidrone_turret/antidrone_turret/srv/detail/trigger_actuator__type_support.c
-- Installing: /home/serviom/cpp-miltech/homework_13/robot_ws/install/antidrone_turret/lib/libantidrone_turret__rosidl_typesupport_introspection_c.so
-- Set non-toolchain portion of runtime path of "/home/serviom/cpp-miltech/homework_13/robot_ws/install/antidrone_turret/lib/libantidrone_turret__rosidl_typesupport_introspection_c.so" to ""
-- Installing: /home/serviom/cpp-miltech/homework_13/robot_ws/install/antidrone_turret/lib/libantidrone_turret__rosidl_typesupport_c.so
-- Set non-toolchain portion of runtime path of "/home/serviom/cpp-miltech/homework_13/robot_ws/install/antidrone_turret/lib/libantidrone_turret__rosidl_typesupport_c.so" to ""
-- Up-to-date: /home/serviom/cpp-miltech/homework_13/robot_ws/install/antidrone_turret/include/antidrone_turret/antidrone_turret
-- Up-to-date: /home/serviom/cpp-miltech/homework_13/robot_ws/install/antidrone_turret/include/antidrone_turret/antidrone_turret/msg
-- Installing: /home/serviom/cpp-miltech/homework_13/robot_ws/install/antidrone_turret/include/antidrone_turret/antidrone_turret/msg/turret_status.hpp
-- Up-to-date: /home/serviom/cpp-miltech/homework_13/robot_ws/install/antidrone_turret/include/antidrone_turret/antidrone_turret/msg/detail
-- Installing: /home/serviom/cpp-miltech/homework_13/robot_ws/install/antidrone_turret/include/antidrone_turret/antidrone_turret/msg/detail/turret_status__struct.hpp
-- Installing: /home/serviom/cpp-miltech/homework_13/robot_ws/install/antidrone_turret/include/antidrone_turret/antidrone_turret/msg/detail/target__builder.hpp
-- Installing: /home/serviom/cpp-miltech/homework_13/robot_ws/install/antidrone_turret/include/antidrone_turret/antidrone_turret/msg/detail/gimbal_command__struct.hpp
-- Installing: /home/serviom/cpp-miltech/homework_13/robot_ws/install/antidrone_turret/include/antidrone_turret/antidrone_turret/msg/detail/target__type_support.hpp
-- Installing: /home/serviom/cpp-miltech/homework_13/robot_ws/install/antidrone_turret/include/antidrone_turret/antidrone_turret/msg/detail/servo_command__builder.hpp
-- Installing: /home/serviom/cpp-miltech/homework_13/robot_ws/install/antidrone_turret/include/antidrone_turret/antidrone_turret/msg/detail/actuator_status__type_support.hpp
-- Installing: /home/serviom/cpp-miltech/homework_13/robot_ws/install/antidrone_turret/include/antidrone_turret/antidrone_turret/msg/detail/turret_status__builder.hpp
-- Installing: /home/serviom/cpp-miltech/homework_13/robot_ws/install/antidrone_turret/include/antidrone_turret/antidrone_turret/msg/detail/servo_command__struct.hpp
-- Installing: /home/serviom/cpp-miltech/homework_13/robot_ws/install/antidrone_turret/include/antidrone_turret/antidrone_turret/msg/detail/actuator_status__struct.hpp
-- Installing: /home/serviom/cpp-miltech/homework_13/robot_ws/install/antidrone_turret/include/antidrone_turret/antidrone_turret/msg/detail/actuator_status__traits.hpp
-- Installing: /home/serviom/cpp-miltech/homework_13/robot_ws/install/antidrone_turret/include/antidrone_turret/antidrone_turret/msg/detail/target__struct.hpp
-- Installing: /home/serviom/cpp-miltech/homework_13/robot_ws/install/antidrone_turret/include/antidrone_turret/antidrone_turret/msg/detail/actuator_status__builder.hpp
-- Installing: /home/serviom/cpp-miltech/homework_13/robot_ws/install/antidrone_turret/include/antidrone_turret/antidrone_turret/msg/detail/gimbal_command__type_support.hpp
-- Installing: /home/serviom/cpp-miltech/homework_13/robot_ws/install/antidrone_turret/include/antidrone_turret/antidrone_turret/msg/detail/turret_status__type_support.hpp
-- Installing: /home/serviom/cpp-miltech/homework_13/robot_ws/install/antidrone_turret/include/antidrone_turret/antidrone_turret/msg/detail/gimbal_command__builder.hpp
-- Installing: /home/serviom/cpp-miltech/homework_13/robot_ws/install/antidrone_turret/include/antidrone_turret/antidrone_turret/msg/detail/servo_command__traits.hpp
-- Installing: /home/serviom/cpp-miltech/homework_13/robot_ws/install/antidrone_turret/include/antidrone_turret/antidrone_turret/msg/detail/target__traits.hpp
-- Installing: /home/serviom/cpp-miltech/homework_13/robot_ws/install/antidrone_turret/include/antidrone_turret/antidrone_turret/msg/detail/gimbal_command__traits.hpp
-- Installing: /home/serviom/cpp-miltech/homework_13/robot_ws/install/antidrone_turret/include/antidrone_turret/antidrone_turret/msg/detail/servo_command__type_support.hpp
-- Installing: /home/serviom/cpp-miltech/homework_13/robot_ws/install/antidrone_turret/include/antidrone_turret/antidrone_turret/msg/detail/turret_status__traits.hpp
-- Installing: /home/serviom/cpp-miltech/homework_13/robot_ws/install/antidrone_turret/include/antidrone_turret/antidrone_turret/msg/servo_command.hpp
-- Installing: /home/serviom/cpp-miltech/homework_13/robot_ws/install/antidrone_turret/include/antidrone_turret/antidrone_turret/msg/rosidl_generator_cpp__visibility_control.hpp
-- Installing: /home/serviom/cpp-miltech/homework_13/robot_ws/install/antidrone_turret/include/antidrone_turret/antidrone_turret/msg/target.hpp
-- Installing: /home/serviom/cpp-miltech/homework_13/robot_ws/install/antidrone_turret/include/antidrone_turret/antidrone_turret/msg/gimbal_command.hpp
-- Installing: /home/serviom/cpp-miltech/homework_13/robot_ws/install/antidrone_turret/include/antidrone_turret/antidrone_turret/msg/actuator_status.hpp
-- Up-to-date: /home/serviom/cpp-miltech/homework_13/robot_ws/install/antidrone_turret/include/antidrone_turret/antidrone_turret/srv
-- Installing: /home/serviom/cpp-miltech/homework_13/robot_ws/install/antidrone_turret/include/antidrone_turret/antidrone_turret/srv/trigger_actuator.hpp
-- Up-to-date: /home/serviom/cpp-miltech/homework_13/robot_ws/install/antidrone_turret/include/antidrone_turret/antidrone_turret/srv/detail
-- Installing: /home/serviom/cpp-miltech/homework_13/robot_ws/install/antidrone_turret/include/antidrone_turret/antidrone_turret/srv/detail/trigger_actuator__builder.hpp
-- Installing: /home/serviom/cpp-miltech/homework_13/robot_ws/install/antidrone_turret/include/antidrone_turret/antidrone_turret/srv/detail/trigger_actuator__traits.hpp
-- Installing: /home/serviom/cpp-miltech/homework_13/robot_ws/install/antidrone_turret/include/antidrone_turret/antidrone_turret/srv/detail/trigger_actuator__struct.hpp
-- Installing: /home/serviom/cpp-miltech/homework_13/robot_ws/install/antidrone_turret/include/antidrone_turret/antidrone_turret/srv/detail/trigger_actuator__type_support.hpp
-- Up-to-date: /home/serviom/cpp-miltech/homework_13/robot_ws/install/antidrone_turret/include/antidrone_turret/antidrone_turret
-- Up-to-date: /home/serviom/cpp-miltech/homework_13/robot_ws/install/antidrone_turret/include/antidrone_turret/antidrone_turret/msg
-- Up-to-date: /home/serviom/cpp-miltech/homework_13/robot_ws/install/antidrone_turret/include/antidrone_turret/antidrone_turret/msg/detail
-- Installing: /home/serviom/cpp-miltech/homework_13/robot_ws/install/antidrone_turret/include/antidrone_turret/antidrone_turret/msg/detail/actuator_status__rosidl_typesupport_fastrtps_cpp.hpp
-- Installing: /home/serviom/cpp-miltech/homework_13/robot_ws/install/antidrone_turret/include/antidrone_turret/antidrone_turret/msg/detail/gimbal_command__rosidl_typesupport_fastrtps_cpp.hpp
-- Installing: /home/serviom/cpp-miltech/homework_13/robot_ws/install/antidrone_turret/include/antidrone_turret/antidrone_turret/msg/detail/dds_fastrtps
-- Installing: /home/serviom/cpp-miltech/homework_13/robot_ws/install/antidrone_turret/include/antidrone_turret/antidrone_turret/msg/detail/target__rosidl_typesupport_fastrtps_cpp.hpp
-- Installing: /home/serviom/cpp-miltech/homework_13/robot_ws/install/antidrone_turret/include/antidrone_turret/antidrone_turret/msg/detail/servo_command__rosidl_typesupport_fastrtps_cpp.hpp
-- Installing: /home/serviom/cpp-miltech/homework_13/robot_ws/install/antidrone_turret/include/antidrone_turret/antidrone_turret/msg/detail/turret_status__rosidl_typesupport_fastrtps_cpp.hpp
-- Installing: /home/serviom/cpp-miltech/homework_13/robot_ws/install/antidrone_turret/include/antidrone_turret/antidrone_turret/msg/rosidl_typesupport_fastrtps_cpp__visibility_control.h
-- Up-to-date: /home/serviom/cpp-miltech/homework_13/robot_ws/install/antidrone_turret/include/antidrone_turret/antidrone_turret/srv
-- Up-to-date: /home/serviom/cpp-miltech/homework_13/robot_ws/install/antidrone_turret/include/antidrone_turret/antidrone_turret/srv/detail
-- Installing: /home/serviom/cpp-miltech/homework_13/robot_ws/install/antidrone_turret/include/antidrone_turret/antidrone_turret/srv/detail/trigger_actuator__rosidl_typesupport_fastrtps_cpp.hpp
-- Installing: /home/serviom/cpp-miltech/homework_13/robot_ws/install/antidrone_turret/include/antidrone_turret/antidrone_turret/srv/detail/dds_fastrtps
-- Installing: /home/serviom/cpp-miltech/homework_13/robot_ws/install/antidrone_turret/lib/libantidrone_turret__rosidl_typesupport_fastrtps_cpp.so
-- Set non-toolchain portion of runtime path of "/home/serviom/cpp-miltech/homework_13/robot_ws/install/antidrone_turret/lib/libantidrone_turret__rosidl_typesupport_fastrtps_cpp.so" to ""
-- Up-to-date: /home/serviom/cpp-miltech/homework_13/robot_ws/install/antidrone_turret/include/antidrone_turret/antidrone_turret
-- Up-to-date: /home/serviom/cpp-miltech/homework_13/robot_ws/install/antidrone_turret/include/antidrone_turret/antidrone_turret/msg
-- Up-to-date: /home/serviom/cpp-miltech/homework_13/robot_ws/install/antidrone_turret/include/antidrone_turret/antidrone_turret/msg/detail
-- Installing: /home/serviom/cpp-miltech/homework_13/robot_ws/install/antidrone_turret/include/antidrone_turret/antidrone_turret/msg/detail/target__rosidl_typesupport_introspection_cpp.hpp
-- Installing: /home/serviom/cpp-miltech/homework_13/robot_ws/install/antidrone_turret/include/antidrone_turret/antidrone_turret/msg/detail/servo_command__rosidl_typesupport_introspection_cpp.hpp
-- Installing: /home/serviom/cpp-miltech/homework_13/robot_ws/install/antidrone_turret/include/antidrone_turret/antidrone_turret/msg/detail/gimbal_command__rosidl_typesupport_introspection_cpp.hpp
-- Installing: /home/serviom/cpp-miltech/homework_13/robot_ws/install/antidrone_turret/include/antidrone_turret/antidrone_turret/msg/detail/turret_status__type_support.cpp
-- Installing: /home/serviom/cpp-miltech/homework_13/robot_ws/install/antidrone_turret/include/antidrone_turret/antidrone_turret/msg/detail/actuator_status__type_support.cpp
-- Installing: /home/serviom/cpp-miltech/homework_13/robot_ws/install/antidrone_turret/include/antidrone_turret/antidrone_turret/msg/detail/target__type_support.cpp
-- Installing: /home/serviom/cpp-miltech/homework_13/robot_ws/install/antidrone_turret/include/antidrone_turret/antidrone_turret/msg/detail/actuator_status__rosidl_typesupport_introspection_cpp.hpp
-- Installing: /home/serviom/cpp-miltech/homework_13/robot_ws/install/antidrone_turret/include/antidrone_turret/antidrone_turret/msg/detail/gimbal_command__type_support.cpp
-- Installing: /home/serviom/cpp-miltech/homework_13/robot_ws/install/antidrone_turret/include/antidrone_turret/antidrone_turret/msg/detail/turret_status__rosidl_typesupport_introspection_cpp.hpp
-- Installing: /home/serviom/cpp-miltech/homework_13/robot_ws/install/antidrone_turret/include/antidrone_turret/antidrone_turret/msg/detail/servo_command__type_support.cpp
-- Up-to-date: /home/serviom/cpp-miltech/homework_13/robot_ws/install/antidrone_turret/include/antidrone_turret/antidrone_turret/srv
-- Up-to-date: /home/serviom/cpp-miltech/homework_13/robot_ws/install/antidrone_turret/include/antidrone_turret/antidrone_turret/srv/detail
-- Installing: /home/serviom/cpp-miltech/homework_13/robot_ws/install/antidrone_turret/include/antidrone_turret/antidrone_turret/srv/detail/trigger_actuator__rosidl_typesupport_introspection_cpp.hpp
-- Installing: /home/serviom/cpp-miltech/homework_13/robot_ws/install/antidrone_turret/include/antidrone_turret/antidrone_turret/srv/detail/trigger_actuator__type_support.cpp
-- Installing: /home/serviom/cpp-miltech/homework_13/robot_ws/install/antidrone_turret/lib/libantidrone_turret__rosidl_typesupport_introspection_cpp.so
-- Set non-toolchain portion of runtime path of "/home/serviom/cpp-miltech/homework_13/robot_ws/install/antidrone_turret/lib/libantidrone_turret__rosidl_typesupport_introspection_cpp.so" to ""
-- Installing: /home/serviom/cpp-miltech/homework_13/robot_ws/install/antidrone_turret/lib/libantidrone_turret__rosidl_typesupport_cpp.so
-- Set non-toolchain portion of runtime path of "/home/serviom/cpp-miltech/homework_13/robot_ws/install/antidrone_turret/lib/libantidrone_turret__rosidl_typesupport_cpp.so" to ""
-- Installing: /home/serviom/cpp-miltech/homework_13/robot_ws/install/antidrone_turret/share/antidrone_turret/environment/pythonpath.sh
-- Installing: /home/serviom/cpp-miltech/homework_13/robot_ws/install/antidrone_turret/share/antidrone_turret/environment/pythonpath.dsv
-- Installing: /home/serviom/cpp-miltech/homework_13/robot_ws/install/antidrone_turret/lib/python3.12/site-packages/antidrone_turret-0.1.0-py3.12.egg-info
-- Installing: /home/serviom/cpp-miltech/homework_13/robot_ws/install/antidrone_turret/lib/python3.12/site-packages/antidrone_turret-0.1.0-py3.12.egg-info/dependency_links.txt
-- Installing: /home/serviom/cpp-miltech/homework_13/robot_ws/install/antidrone_turret/lib/python3.12/site-packages/antidrone_turret-0.1.0-py3.12.egg-info/SOURCES.txt
-- Installing: /home/serviom/cpp-miltech/homework_13/robot_ws/install/antidrone_turret/lib/python3.12/site-packages/antidrone_turret-0.1.0-py3.12.egg-info/PKG-INFO
-- Installing: /home/serviom/cpp-miltech/homework_13/robot_ws/install/antidrone_turret/lib/python3.12/site-packages/antidrone_turret-0.1.0-py3.12.egg-info/top_level.txt
-- Installing: /home/serviom/cpp-miltech/homework_13/robot_ws/install/antidrone_turret/lib/python3.12/site-packages/antidrone_turret
-- Installing: /home/serviom/cpp-miltech/homework_13/robot_ws/install/antidrone_turret/lib/python3.12/site-packages/antidrone_turret/msg
-- Installing: /home/serviom/cpp-miltech/homework_13/robot_ws/install/antidrone_turret/lib/python3.12/site-packages/antidrone_turret/msg/_servo_command_s.c
-- Installing: /home/serviom/cpp-miltech/homework_13/robot_ws/install/antidrone_turret/lib/python3.12/site-packages/antidrone_turret/msg/_turret_status.py
-- Installing: /home/serviom/cpp-miltech/homework_13/robot_ws/install/antidrone_turret/lib/python3.12/site-packages/antidrone_turret/msg/_target.py
-- Installing: /home/serviom/cpp-miltech/homework_13/robot_ws/install/antidrone_turret/lib/python3.12/site-packages/antidrone_turret/msg/_gimbal_command.py
-- Installing: /home/serviom/cpp-miltech/homework_13/robot_ws/install/antidrone_turret/lib/python3.12/site-packages/antidrone_turret/msg/_turret_status_s.c
-- Installing: /home/serviom/cpp-miltech/homework_13/robot_ws/install/antidrone_turret/lib/python3.12/site-packages/antidrone_turret/msg/_target_s.c
-- Installing: /home/serviom/cpp-miltech/homework_13/robot_ws/install/antidrone_turret/lib/python3.12/site-packages/antidrone_turret/msg/_gimbal_command_s.c
-- Installing: /home/serviom/cpp-miltech/homework_13/robot_ws/install/antidrone_turret/lib/python3.12/site-packages/antidrone_turret/msg/__init__.py
-- Installing: /home/serviom/cpp-miltech/homework_13/robot_ws/install/antidrone_turret/lib/python3.12/site-packages/antidrone_turret/msg/_actuator_status.py
-- Installing: /home/serviom/cpp-miltech/homework_13/robot_ws/install/antidrone_turret/lib/python3.12/site-packages/antidrone_turret/msg/_actuator_status_s.c
-- Installing: /home/serviom/cpp-miltech/homework_13/robot_ws/install/antidrone_turret/lib/python3.12/site-packages/antidrone_turret/msg/_servo_command.py
-- Installing: /home/serviom/cpp-miltech/homework_13/robot_ws/install/antidrone_turret/lib/python3.12/site-packages/antidrone_turret/antidrone_turret_s__rosidl_typesupport_introspection_c.so
-- Installing: /home/serviom/cpp-miltech/homework_13/robot_ws/install/antidrone_turret/lib/python3.12/site-packages/antidrone_turret/_antidrone_turret_s.ep.rosidl_typesupport_c.c
-- Installing: /home/serviom/cpp-miltech/homework_13/robot_ws/install/antidrone_turret/lib/python3.12/site-packages/antidrone_turret/_antidrone_turret_s.ep.rosidl_typesupport_introspection_c.c
-- Installing: /home/serviom/cpp-miltech/homework_13/robot_ws/install/antidrone_turret/lib/python3.12/site-packages/antidrone_turret/antidrone_turret_s__rosidl_typesupport_fastrtps_c.so
-- Installing: /home/serviom/cpp-miltech/homework_13/robot_ws/install/antidrone_turret/lib/python3.12/site-packages/antidrone_turret/antidrone_turret_s__rosidl_typesupport_c.so
-- Installing: /home/serviom/cpp-miltech/homework_13/robot_ws/install/antidrone_turret/lib/python3.12/site-packages/antidrone_turret/__init__.py
-- Installing: /home/serviom/cpp-miltech/homework_13/robot_ws/install/antidrone_turret/lib/python3.12/site-packages/antidrone_turret/srv
-- Installing: /home/serviom/cpp-miltech/homework_13/robot_ws/install/antidrone_turret/lib/python3.12/site-packages/antidrone_turret/srv/_trigger_actuator_s.c
-- Installing: /home/serviom/cpp-miltech/homework_13/robot_ws/install/antidrone_turret/lib/python3.12/site-packages/antidrone_turret/srv/__init__.py
-- Installing: /home/serviom/cpp-miltech/homework_13/robot_ws/install/antidrone_turret/lib/python3.12/site-packages/antidrone_turret/srv/_trigger_actuator.py
-- Installing: /home/serviom/cpp-miltech/homework_13/robot_ws/install/antidrone_turret/lib/python3.12/site-packages/antidrone_turret/_antidrone_turret_s.ep.rosidl_typesupport_fastrtps_c.c
Listing '/home/serviom/cpp-miltech/homework_13/robot_ws/install/antidrone_turret/lib/python3.12/site-packages/antidrone_turret'...
Compiling '/home/serviom/cpp-miltech/homework_13/robot_ws/install/antidrone_turret/lib/python3.12/site-packages/antidrone_turret/__init__.py'...
Listing '/home/serviom/cpp-miltech/homework_13/robot_ws/install/antidrone_turret/lib/python3.12/site-packages/antidrone_turret/msg'...
Compiling '/home/serviom/cpp-miltech/homework_13/robot_ws/install/antidrone_turret/lib/python3.12/site-packages/antidrone_turret/msg/__init__.py'...
Compiling '/home/serviom/cpp-miltech/homework_13/robot_ws/install/antidrone_turret/lib/python3.12/site-packages/antidrone_turret/msg/_actuator_status.py'...
Compiling '/home/serviom/cpp-miltech/homework_13/robot_ws/install/antidrone_turret/lib/python3.12/site-packages/antidrone_turret/msg/_gimbal_command.py'...
Compiling '/home/serviom/cpp-miltech/homework_13/robot_ws/install/antidrone_turret/lib/python3.12/site-packages/antidrone_turret/msg/_servo_command.py'...
Compiling '/home/serviom/cpp-miltech/homework_13/robot_ws/install/antidrone_turret/lib/python3.12/site-packages/antidrone_turret/msg/_target.py'...
Compiling '/home/serviom/cpp-miltech/homework_13/robot_ws/install/antidrone_turret/lib/python3.12/site-packages/antidrone_turret/msg/_turret_status.py'...
Listing '/home/serviom/cpp-miltech/homework_13/robot_ws/install/antidrone_turret/lib/python3.12/site-packages/antidrone_turret/srv'...
Compiling '/home/serviom/cpp-miltech/homework_13/robot_ws/install/antidrone_turret/lib/python3.12/site-packages/antidrone_turret/srv/__init__.py'...
Compiling '/home/serviom/cpp-miltech/homework_13/robot_ws/install/antidrone_turret/lib/python3.12/site-packages/antidrone_turret/srv/_trigger_actuator.py'...
-- Installing: /home/serviom/cpp-miltech/homework_13/robot_ws/install/antidrone_turret/lib/python3.12/site-packages/antidrone_turret/antidrone_turret_s__rosidl_typesupport_fastrtps_c.so
-- Set non-toolchain portion of runtime path of "/home/serviom/cpp-miltech/homework_13/robot_ws/install/antidrone_turret/lib/python3.12/site-packages/antidrone_turret/antidrone_turret_s__rosidl_typesupport_fastrtps_c.so" to ""
-- Installing: /home/serviom/cpp-miltech/homework_13/robot_ws/install/antidrone_turret/lib/python3.12/site-packages/antidrone_turret/antidrone_turret_s__rosidl_typesupport_introspection_c.so
-- Set non-toolchain portion of runtime path of "/home/serviom/cpp-miltech/homework_13/robot_ws/install/antidrone_turret/lib/python3.12/site-packages/antidrone_turret/antidrone_turret_s__rosidl_typesupport_introspection_c.so" to ""
-- Installing: /home/serviom/cpp-miltech/homework_13/robot_ws/install/antidrone_turret/lib/python3.12/site-packages/antidrone_turret/antidrone_turret_s__rosidl_typesupport_c.so
-- Set non-toolchain portion of runtime path of "/home/serviom/cpp-miltech/homework_13/robot_ws/install/antidrone_turret/lib/python3.12/site-packages/antidrone_turret/antidrone_turret_s__rosidl_typesupport_c.so" to ""
-- Installing: /home/serviom/cpp-miltech/homework_13/robot_ws/install/antidrone_turret/lib/libantidrone_turret__rosidl_generator_py.so
-- Set non-toolchain portion of runtime path of "/home/serviom/cpp-miltech/homework_13/robot_ws/install/antidrone_turret/lib/libantidrone_turret__rosidl_generator_py.so" to ""
-- Installing: /home/serviom/cpp-miltech/homework_13/robot_ws/install/antidrone_turret/share/ament_index/resource_index/rust_packages/antidrone_turret
-- Installing: /home/serviom/cpp-miltech/homework_13/robot_ws/install/antidrone_turret/share/antidrone_turret/rust
-- Installing: /home/serviom/cpp-miltech/homework_13/robot_ws/install/antidrone_turret/share/antidrone_turret/rust/Cargo.toml
-- Installing: /home/serviom/cpp-miltech/homework_13/robot_ws/install/antidrone_turret/share/antidrone_turret/rust/src
-- Installing: /home/serviom/cpp-miltech/homework_13/robot_ws/install/antidrone_turret/share/antidrone_turret/rust/src/msg
-- Installing: /home/serviom/cpp-miltech/homework_13/robot_ws/install/antidrone_turret/share/antidrone_turret/rust/src/msg/rmw.rs
-- Installing: /home/serviom/cpp-miltech/homework_13/robot_ws/install/antidrone_turret/share/antidrone_turret/rust/src/lib.rs
-- Installing: /home/serviom/cpp-miltech/homework_13/robot_ws/install/antidrone_turret/share/antidrone_turret/rust/src/msg.rs
-- Installing: /home/serviom/cpp-miltech/homework_13/robot_ws/install/antidrone_turret/share/antidrone_turret/rust/src/srv.rs
-- Installing: /home/serviom/cpp-miltech/homework_13/robot_ws/install/antidrone_turret/share/antidrone_turret/rust/src/srv
-- Installing: /home/serviom/cpp-miltech/homework_13/robot_ws/install/antidrone_turret/share/antidrone_turret/rust/src/srv/rmw.rs
-- Installing: /home/serviom/cpp-miltech/homework_13/robot_ws/install/antidrone_turret/share/antidrone_turret/rust/build.rs
-- Installing: /home/serviom/cpp-miltech/homework_13/robot_ws/install/antidrone_turret/share/antidrone_turret/msg/Target.idl
-- Installing: /home/serviom/cpp-miltech/homework_13/robot_ws/install/antidrone_turret/share/antidrone_turret/msg/ActuatorStatus.idl
-- Installing: /home/serviom/cpp-miltech/homework_13/robot_ws/install/antidrone_turret/share/antidrone_turret/msg/GimbalCommand.idl
-- Installing: /home/serviom/cpp-miltech/homework_13/robot_ws/install/antidrone_turret/share/antidrone_turret/msg/ServoCommand.idl
-- Installing: /home/serviom/cpp-miltech/homework_13/robot_ws/install/antidrone_turret/share/antidrone_turret/msg/TurretStatus.idl
-- Installing: /home/serviom/cpp-miltech/homework_13/robot_ws/install/antidrone_turret/share/antidrone_turret/srv/TriggerActuator.idl
-- Installing: /home/serviom/cpp-miltech/homework_13/robot_ws/install/antidrone_turret/share/antidrone_turret/msg/Target.msg
-- Installing: /home/serviom/cpp-miltech/homework_13/robot_ws/install/antidrone_turret/share/antidrone_turret/msg/ActuatorStatus.msg
-- Installing: /home/serviom/cpp-miltech/homework_13/robot_ws/install/antidrone_turret/share/antidrone_turret/msg/GimbalCommand.msg
-- Installing: /home/serviom/cpp-miltech/homework_13/robot_ws/install/antidrone_turret/share/antidrone_turret/msg/ServoCommand.msg
-- Installing: /home/serviom/cpp-miltech/homework_13/robot_ws/install/antidrone_turret/share/antidrone_turret/msg/TurretStatus.msg
-- Installing: /home/serviom/cpp-miltech/homework_13/robot_ws/install/antidrone_turret/share/antidrone_turret/srv/TriggerActuator.srv
-- Up-to-date: /home/serviom/cpp-miltech/homework_13/robot_ws/install/antidrone_turret/include/antidrone_turret
-- Up-to-date: /home/serviom/cpp-miltech/homework_13/robot_ws/install/antidrone_turret/include/antidrone_turret/antidrone_turret
-- Installing: /home/serviom/cpp-miltech/homework_13/robot_ws/install/antidrone_turret/include/antidrone_turret/antidrone_turret/target_track_loader.hpp
-- Installing: /home/serviom/cpp-miltech/homework_13/robot_ws/install/antidrone_turret/include/antidrone_turret/antidrone_turret/target_track_simulation.hpp
-- Installing: /home/serviom/cpp-miltech/homework_13/robot_ws/install/antidrone_turret/include/antidrone_turret/antidrone_turret/actuator_model.hpp
-- Installing: /home/serviom/cpp-miltech/homework_13/robot_ws/install/antidrone_turret/include/antidrone_turret/antidrone_turret/turret_logic.hpp
-- Installing: /home/serviom/cpp-miltech/homework_13/robot_ws/install/antidrone_turret/include/antidrone_turret/antidrone_turret/target_sequence.hpp
-- Installing: /home/serviom/cpp-miltech/homework_13/robot_ws/install/antidrone_turret/lib/antidrone_turret/target_track_publisher_node
-- Set non-toolchain portion of runtime path of "/home/serviom/cpp-miltech/homework_13/robot_ws/install/antidrone_turret/lib/antidrone_turret/target_track_publisher_node" to ""
-- Installing: /home/serviom/cpp-miltech/homework_13/robot_ws/install/antidrone_turret/lib/antidrone_turret/actuator_node
-- Set non-toolchain portion of runtime path of "/home/serviom/cpp-miltech/homework_13/robot_ws/install/antidrone_turret/lib/antidrone_turret/actuator_node" to ""
-- Installing: /home/serviom/cpp-miltech/homework_13/robot_ws/install/antidrone_turret/lib/antidrone_turret/turret_controller_node
-- Set non-toolchain portion of runtime path of "/home/serviom/cpp-miltech/homework_13/robot_ws/install/antidrone_turret/lib/antidrone_turret/turret_controller_node" to ""
-- Installing: /home/serviom/cpp-miltech/homework_13/robot_ws/install/antidrone_turret/lib/antidrone_turret/gimbal_driver_node
-- Set non-toolchain portion of runtime path of "/home/serviom/cpp-miltech/homework_13/robot_ws/install/antidrone_turret/lib/antidrone_turret/gimbal_driver_node" to ""
-- Installing: /home/serviom/cpp-miltech/homework_13/robot_ws/install/antidrone_turret/lib/antidrone_turret/yaw_servo_driver_node
-- Set non-toolchain portion of runtime path of "/home/serviom/cpp-miltech/homework_13/robot_ws/install/antidrone_turret/lib/antidrone_turret/yaw_servo_driver_node" to ""
-- Installing: /home/serviom/cpp-miltech/homework_13/robot_ws/install/antidrone_turret/share/antidrone_turret/launch
-- Installing: /home/serviom/cpp-miltech/homework_13/robot_ws/install/antidrone_turret/share/antidrone_turret/launch/system.launch.py
-- Installing: /home/serviom/cpp-miltech/homework_13/robot_ws/install/antidrone_turret/share/antidrone_turret/config
-- Installing: /home/serviom/cpp-miltech/homework_13/robot_ws/install/antidrone_turret/share/antidrone_turret/config/sequence.yaml
-- Installing: /home/serviom/cpp-miltech/homework_13/robot_ws/install/antidrone_turret/share/antidrone_turret/tracks
-- Installing: /home/serviom/cpp-miltech/homework_13/robot_ws/install/antidrone_turret/share/antidrone_turret/tracks/approach_trigger.csv
-- Installing: /home/serviom/cpp-miltech/homework_13/robot_ws/install/antidrone_turret/share/antidrone_turret/tracks/reload_pressure.csv
-- Installing: /home/serviom/cpp-miltech/homework_13/robot_ws/install/antidrone_turret/share/antidrone_turret/tracks/far_flyby_no_trigger.csv
-- Installing: /home/serviom/cpp-miltech/homework_13/robot_ws/install/antidrone_turret/share/antidrone_turret/tracks/low_confidence_no_trigger.csv
-- Installing: /home/serviom/cpp-miltech/homework_13/robot_ws/install/antidrone_turret/share/ament_index/resource_index/package_run_dependencies/antidrone_turret
-- Installing: /home/serviom/cpp-miltech/homework_13/robot_ws/install/antidrone_turret/share/ament_index/resource_index/parent_prefix_path/antidrone_turret
-- Installing: /home/serviom/cpp-miltech/homework_13/robot_ws/install/antidrone_turret/share/antidrone_turret/environment/ament_prefix_path.sh
-- Installing: /home/serviom/cpp-miltech/homework_13/robot_ws/install/antidrone_turret/share/antidrone_turret/environment/ament_prefix_path.dsv
-- Installing: /home/serviom/cpp-miltech/homework_13/robot_ws/install/antidrone_turret/share/antidrone_turret/environment/path.sh
-- Installing: /home/serviom/cpp-miltech/homework_13/robot_ws/install/antidrone_turret/share/antidrone_turret/environment/path.dsv
-- Installing: /home/serviom/cpp-miltech/homework_13/robot_ws/install/antidrone_turret/share/antidrone_turret/local_setup.bash
-- Installing: /home/serviom/cpp-miltech/homework_13/robot_ws/install/antidrone_turret/share/antidrone_turret/local_setup.sh
-- Installing: /home/serviom/cpp-miltech/homework_13/robot_ws/install/antidrone_turret/share/antidrone_turret/local_setup.zsh
-- Installing: /home/serviom/cpp-miltech/homework_13/robot_ws/install/antidrone_turret/share/antidrone_turret/local_setup.dsv
-- Installing: /home/serviom/cpp-miltech/homework_13/robot_ws/install/antidrone_turret/share/antidrone_turret/package.dsv
-- Installing: /home/serviom/cpp-miltech/homework_13/robot_ws/install/antidrone_turret/share/ament_index/resource_index/packages/antidrone_turret
-- Installing: /home/serviom/cpp-miltech/homework_13/robot_ws/install/antidrone_turret/share/antidrone_turret/cmake/export_antidrone_turret__rosidl_generator_cExport.cmake
-- Installing: /home/serviom/cpp-miltech/homework_13/robot_ws/install/antidrone_turret/share/antidrone_turret/cmake/export_antidrone_turret__rosidl_generator_cExport-noconfig.cmake
-- Installing: /home/serviom/cpp-miltech/homework_13/robot_ws/install/antidrone_turret/share/antidrone_turret/cmake/export_antidrone_turret__rosidl_typesupport_fastrtps_cExport.cmake
-- Installing: /home/serviom/cpp-miltech/homework_13/robot_ws/install/antidrone_turret/share/antidrone_turret/cmake/export_antidrone_turret__rosidl_typesupport_fastrtps_cExport-noconfig.cmake
-- Installing: /home/serviom/cpp-miltech/homework_13/robot_ws/install/antidrone_turret/share/antidrone_turret/cmake/antidrone_turret__rosidl_typesupport_introspection_cExport.cmake
-- Installing: /home/serviom/cpp-miltech/homework_13/robot_ws/install/antidrone_turret/share/antidrone_turret/cmake/antidrone_turret__rosidl_typesupport_introspection_cExport-noconfig.cmake
-- Installing: /home/serviom/cpp-miltech/homework_13/robot_ws/install/antidrone_turret/share/antidrone_turret/cmake/antidrone_turret__rosidl_typesupport_cExport.cmake
-- Installing: /home/serviom/cpp-miltech/homework_13/robot_ws/install/antidrone_turret/share/antidrone_turret/cmake/antidrone_turret__rosidl_typesupport_cExport-noconfig.cmake
-- Installing: /home/serviom/cpp-miltech/homework_13/robot_ws/install/antidrone_turret/share/antidrone_turret/cmake/export_antidrone_turret__rosidl_generator_cppExport.cmake
-- Installing: /home/serviom/cpp-miltech/homework_13/robot_ws/install/antidrone_turret/share/antidrone_turret/cmake/export_antidrone_turret__rosidl_typesupport_fastrtps_cppExport.cmake
-- Installing: /home/serviom/cpp-miltech/homework_13/robot_ws/install/antidrone_turret/share/antidrone_turret/cmake/export_antidrone_turret__rosidl_typesupport_fastrtps_cppExport-noconfig.cmake
-- Installing: /home/serviom/cpp-miltech/homework_13/robot_ws/install/antidrone_turret/share/antidrone_turret/cmake/antidrone_turret__rosidl_typesupport_introspection_cppExport.cmake
-- Installing: /home/serviom/cpp-miltech/homework_13/robot_ws/install/antidrone_turret/share/antidrone_turret/cmake/antidrone_turret__rosidl_typesupport_introspection_cppExport-noconfig.cmake
-- Installing: /home/serviom/cpp-miltech/homework_13/robot_ws/install/antidrone_turret/share/antidrone_turret/cmake/antidrone_turret__rosidl_typesupport_cppExport.cmake
-- Installing: /home/serviom/cpp-miltech/homework_13/robot_ws/install/antidrone_turret/share/antidrone_turret/cmake/antidrone_turret__rosidl_typesupport_cppExport-noconfig.cmake
-- Installing: /home/serviom/cpp-miltech/homework_13/robot_ws/install/antidrone_turret/share/antidrone_turret/cmake/export_antidrone_turret__rosidl_generator_pyExport.cmake
-- Installing: /home/serviom/cpp-miltech/homework_13/robot_ws/install/antidrone_turret/share/antidrone_turret/cmake/export_antidrone_turret__rosidl_generator_pyExport-noconfig.cmake
-- Installing: /home/serviom/cpp-miltech/homework_13/robot_ws/install/antidrone_turret/share/antidrone_turret/cmake/rosidl_cmake-extras.cmake
-- Installing: /home/serviom/cpp-miltech/homework_13/robot_ws/install/antidrone_turret/share/antidrone_turret/cmake/ament_cmake_export_dependencies-extras.cmake
-- Installing: /home/serviom/cpp-miltech/homework_13/robot_ws/install/antidrone_turret/share/antidrone_turret/cmake/ament_cmake_export_include_directories-extras.cmake
-- Installing: /home/serviom/cpp-miltech/homework_13/robot_ws/install/antidrone_turret/share/antidrone_turret/cmake/ament_cmake_export_libraries-extras.cmake
-- Installing: /home/serviom/cpp-miltech/homework_13/robot_ws/install/antidrone_turret/share/antidrone_turret/cmake/ament_cmake_export_targets-extras.cmake
-- Installing: /home/serviom/cpp-miltech/homework_13/robot_ws/install/antidrone_turret/share/antidrone_turret/cmake/rosidl_cmake_export_typesupport_targets-extras.cmake
-- Installing: /home/serviom/cpp-miltech/homework_13/robot_ws/install/antidrone_turret/share/antidrone_turret/cmake/rosidl_cmake_export_typesupport_libraries-extras.cmake
-- Installing: /home/serviom/cpp-miltech/homework_13/robot_ws/install/antidrone_turret/share/antidrone_turret/cmake/rosidl_cmake_aggregate_target-extras.cmake
-- Installing: /home/serviom/cpp-miltech/homework_13/robot_ws/install/antidrone_turret/share/antidrone_turret/cmake/antidrone_turretConfig.cmake
-- Installing: /home/serviom/cpp-miltech/homework_13/robot_ws/install/antidrone_turret/share/antidrone_turret/cmake/antidrone_turretConfig-version.cmake
-- Installing: /home/serviom/cpp-miltech/homework_13/robot_ws/install/antidrone_turret/share/antidrone_turret/package.xml
