[0.019s] Invoking command in '/home/serviom/cpp-miltech/homework_13/robot_ws/src/antidrone_turret/build/antidrone_turret': CMAKE_PREFIX_PATH=${CMAKE_PREFIX_PATH}:/opt/ros/jazzy DEBUGINFOD_URLS=https://debuginfod.ubuntu.com /usr/bin/cmake --build /home/serviom/cpp-miltech/homework_13/robot_ws/src/antidrone_turret/build/antidrone_turret -- -j4 -l4
[0.081s] -- Found ament_cmake_auto: 2.5.6 (/opt/ros/jazzy/share/ament_cmake_auto/cmake)
[0.287s] -- Using all available rosidl_typesupport_c: rosidl_typesupport_fastrtps_c;rosidl_typesupport_introspection_c
[0.351s] -- Using all available rosidl_typesupport_cpp: rosidl_typesupport_fastrtps_cpp;rosidl_typesupport_introspection_cpp
[0.397s] -- Found rosidl_adapter: 4.6.9 (/opt/ros/jazzy/share/rosidl_adapter/cmake)
[0.506s] -- Found rmw_implementation_cmake: 7.3.3 (/opt/ros/jazzy/share/rmw_implementation_cmake/cmake)
[0.510s] -- Found rmw_cyclonedds_cpp: 2.2.3 (/opt/ros/jazzy/share/rmw_cyclonedds_cpp/cmake)
[0.544s] -- Using RMW implementation 'rmw_cyclonedds_cpp' as default
[0.768s] -- Found ament_cmake_ros: 0.12.1 (/opt/ros/jazzy/share/ament_cmake_ros/cmake)
[0.847s] -- Using all available rosidl_typesupport_c: rosidl_typesupport_fastrtps_c;rosidl_typesupport_introspection_c
[0.949s] -- Using all available rosidl_typesupport_cpp: rosidl_typesupport_fastrtps_cpp;rosidl_typesupport_introspection_cpp
[0.951s] -- Found python_cmake_module: 0.11.1 (/opt/ros/jazzy/share/python_cmake_module/cmake)
[1.222s] -- Found Python3: /usr/bin/python3 (found version "3.12.3") found components: Interpreter Development NumPy Development.Module Development.Embed 
[1.259s] -- Found Python3: /usr/bin/python3 (found version "3.12.3") found components: Interpreter 
[1.265s] -- Found gtest sources under '/opt/ros/jazzy/src/gtest_vendor': C++ tests using 'Google Test' will be built
[1.287s] -- Configuring done (1.2s)
[1.397s] -- Generating done (0.1s)
[1.417s] -- Build files have been written to: /home/serviom/cpp-miltech/homework_13/robot_ws/src/antidrone_turret/build/antidrone_turret
[1.446s] [  1%] [34m[1mGenerating Rust code for ROS interfaces[0m
[1.446s] [  2%] [34m[1mGenerating type hashes for ROS interfaces[0m
[1.452s] [  4%] Built target gtest_main
[1.466s] [  4%] Built target ament_cmake_python_copy_antidrone_turret
[1.472s] [  6%] Built target gtest
[1.489s] [  7%] [32mBuilding CXX object CMakeFiles/provided_logic_test.dir/test/provided_logic_test.cpp.o[0m
[1.624s] running egg_info
[1.639s] writing antidrone_turret.egg-info/PKG-INFO
[1.639s] writing dependency_links to antidrone_turret.egg-info/dependency_links.txt
[1.639s] writing top-level names to antidrone_turret.egg-info/top_level.txt
[1.695s] reading manifest file 'antidrone_turret.egg-info/SOURCES.txt'
[1.699s] writing manifest file 'antidrone_turret.egg-info/SOURCES.txt'
[1.727s] [  7%] Built target ament_cmake_python_build_antidrone_turret_egg
[1.750s] [  7%] Built target antidrone_turret__rosidl_generator_type_description
[1.765s] [  8%] [34m[1mGenerating C code for ROS interfaces[0m
[1.772s] [  9%] [34m[1mGenerating C++ code for ROS interfaces[0m
[1.802s] [  9%] Built target antidrone_turret__rs
[2.263s] [  9%] Built target antidrone_turret__cpp
[2.329s] [ 12%] [32mBuilding C object CMakeFiles/antidrone_turret__rosidl_generator_c.dir/rosidl_generator_c/antidrone_turret/msg/detail/target__functions.c.o[0m
[2.329s] [ 12%] [32mBuilding C object CMakeFiles/antidrone_turret__rosidl_generator_c.dir/rosidl_generator_c/antidrone_turret/msg/detail/target__type_support.c.o[0m
[2.329s] [ 12%] [32mBuilding C object CMakeFiles/antidrone_turret__rosidl_generator_c.dir/rosidl_generator_c/antidrone_turret/msg/detail/target__description.c.o[0m
[2.375s] [ 13%] [32mBuilding C object CMakeFiles/antidrone_turret__rosidl_generator_c.dir/rosidl_generator_c/antidrone_turret/msg/detail/actuator_status__description.c.o[0m
[2.375s] [ 14%] [32mBuilding C object CMakeFiles/antidrone_turret__rosidl_generator_c.dir/rosidl_generator_c/antidrone_turret/msg/detail/actuator_status__functions.c.o[0m
[2.381s] [ 15%] [32mBuilding C object CMakeFiles/antidrone_turret__rosidl_generator_c.dir/rosidl_generator_c/antidrone_turret/msg/detail/actuator_status__type_support.c.o[0m
[2.400s] [ 16%] [32mBuilding C object CMakeFiles/antidrone_turret__rosidl_generator_c.dir/rosidl_generator_c/antidrone_turret/msg/detail/gimbal_command__description.c.o[0m
[2.403s] [ 17%] [32mBuilding C object CMakeFiles/antidrone_turret__rosidl_generator_c.dir/rosidl_generator_c/antidrone_turret/msg/detail/gimbal_command__functions.c.o[0m
[2.408s] [ 18%] [32mBuilding C object CMakeFiles/antidrone_turret__rosidl_generator_c.dir/rosidl_generator_c/antidrone_turret/msg/detail/gimbal_command__type_support.c.o[0m
[2.427s] [ 19%] [32mBuilding C object CMakeFiles/antidrone_turret__rosidl_generator_c.dir/rosidl_generator_c/antidrone_turret/msg/detail/servo_command__description.c.o[0m
[2.434s] [ 20%] [32mBuilding C object CMakeFiles/antidrone_turret__rosidl_generator_c.dir/rosidl_generator_c/antidrone_turret/msg/detail/servo_command__functions.c.o[0m
[2.444s] [ 21%] [32mBuilding C object CMakeFiles/antidrone_turret__rosidl_generator_c.dir/rosidl_generator_c/antidrone_turret/msg/detail/servo_command__type_support.c.o[0m
[2.459s] [ 22%] [32mBuilding C object CMakeFiles/antidrone_turret__rosidl_generator_c.dir/rosidl_generator_c/antidrone_turret/msg/detail/turret_status__description.c.o[0m
[2.470s] [ 23%] [32mBuilding C object CMakeFiles/antidrone_turret__rosidl_generator_c.dir/rosidl_generator_c/antidrone_turret/msg/detail/turret_status__functions.c.o[0m
[2.474s] [ 24%] [32mBuilding C object CMakeFiles/antidrone_turret__rosidl_generator_c.dir/rosidl_generator_c/antidrone_turret/msg/detail/turret_status__type_support.c.o[0m
[2.484s] [ 25%] [32mBuilding C object CMakeFiles/antidrone_turret__rosidl_generator_c.dir/rosidl_generator_c/antidrone_turret/srv/detail/trigger_actuator__description.c.o[0m
[2.494s] [ 26%] [32mBuilding C object CMakeFiles/antidrone_turret__rosidl_generator_c.dir/rosidl_generator_c/antidrone_turret/srv/detail/trigger_actuator__functions.c.o[0m
[2.507s] [ 27%] [32mBuilding C object CMakeFiles/antidrone_turret__rosidl_generator_c.dir/rosidl_generator_c/antidrone_turret/srv/detail/trigger_actuator__type_support.c.o[0m
[2.545s] [ 28%] [32m[1mLinking C shared library libantidrone_turret__rosidl_generator_c.so[0m
[2.582s] [ 28%] Built target antidrone_turret__rosidl_generator_c
[2.589s] [ 30%] [34m[1mGenerating C introspection for ROS interfaces[0m
[2.589s] [ 31%] [34m[1mGenerating C type support dispatch for ROS interfaces[0m
[2.589s] [ 31%] [34m[1mGenerating C type support for eProsima Fast-RTPS[0m
[2.922s] [ 32%] [32mBuilding CXX object CMakeFiles/antidrone_turret__rosidl_typesupport_c.dir/rosidl_typesupport_c/antidrone_turret/msg/target__type_support.cpp.o[0m
[2.955s] [ 34%] [32mBuilding CXX object CMakeFiles/antidrone_turret__rosidl_typesupport_c.dir/rosidl_typesupport_c/antidrone_turret/msg/actuator_status__type_support.cpp.o[0m
[2.983s] [ 35%] [32mBuilding CXX object CMakeFiles/antidrone_turret__rosidl_typesupport_c.dir/rosidl_typesupport_c/antidrone_turret/msg/gimbal_command__type_support.cpp.o[0m
[3.000s] [ 36%] [32mBuilding C object CMakeFiles/antidrone_turret__rosidl_typesupport_introspection_c.dir/rosidl_typesupport_introspection_c/antidrone_turret/msg/detail/target__type_support.c.o[0m
[3.012s] [ 37%] [32mBuilding CXX object CMakeFiles/antidrone_turret__rosidl_typesupport_c.dir/rosidl_typesupport_c/antidrone_turret/msg/servo_command__type_support.cpp.o[0m
[3.026s] [ 39%] [32m[1mLinking CXX executable provided_logic_test[0m
[3.026s] [ 39%] [32mBuilding C object CMakeFiles/antidrone_turret__rosidl_typesupport_introspection_c.dir/rosidl_typesupport_introspection_c/antidrone_turret/msg/detail/actuator_status__type_support.c.o[0m
[3.042s] [ 40%] [32mBuilding CXX object CMakeFiles/antidrone_turret__rosidl_typesupport_c.dir/rosidl_typesupport_c/antidrone_turret/msg/turret_status__type_support.cpp.o[0m
[3.053s] [ 41%] [32mBuilding C object CMakeFiles/antidrone_turret__rosidl_typesupport_introspection_c.dir/rosidl_typesupport_introspection_c/antidrone_turret/msg/detail/gimbal_command__type_support.c.o[0m
[3.071s] [ 42%] [32mBuilding CXX object CMakeFiles/antidrone_turret__rosidl_typesupport_c.dir/rosidl_typesupport_c/antidrone_turret/srv/trigger_actuator__type_support.cpp.o[0m
[3.080s] [ 43%] [32mBuilding C object CMakeFiles/antidrone_turret__rosidl_typesupport_introspection_c.dir/rosidl_typesupport_introspection_c/antidrone_turret/msg/detail/servo_command__type_support.c.o[0m
[3.084s] [ 44%] [32mBuilding CXX object CMakeFiles/antidrone_turret__rosidl_typesupport_fastrtps_c.dir/rosidl_typesupport_fastrtps_c/antidrone_turret/msg/detail/target__type_support_c.cpp.o[0m
[3.109s] [ 45%] [32mBuilding C object CMakeFiles/antidrone_turret__rosidl_typesupport_introspection_c.dir/rosidl_typesupport_introspection_c/antidrone_turret/msg/detail/turret_status__type_support.c.o[0m
[3.118s] [ 46%] [32m[1mLinking CXX shared library libantidrone_turret__rosidl_typesupport_c.so[0m
[3.127s] [ 46%] Built target provided_logic_test
[3.134s] [ 47%] [32mBuilding C object CMakeFiles/antidrone_turret__rosidl_typesupport_introspection_c.dir/rosidl_typesupport_introspection_c/antidrone_turret/srv/detail/trigger_actuator__type_support.c.o[0m
[3.139s] [ 48%] [32mBuilding CXX object CMakeFiles/antidrone_turret__rosidl_typesupport_fastrtps_c.dir/rosidl_typesupport_fastrtps_c/antidrone_turret/msg/detail/actuator_status__type_support_c.cpp.o[0m
[3.151s] [ 48%] Built target antidrone_turret__rosidl_typesupport_c
[3.163s] [ 49%] [32mBuilding CXX object CMakeFiles/antidrone_turret__rosidl_typesupport_fastrtps_c.dir/rosidl_typesupport_fastrtps_c/antidrone_turret/msg/detail/gimbal_command__type_support_c.cpp.o[0m
[3.169s] [ 50%] [32m[1mLinking C shared library libantidrone_turret__rosidl_typesupport_introspection_c.so[0m
[3.194s] [ 50%] Built target antidrone_turret__rosidl_typesupport_introspection_c
[3.202s] [ 51%] [32mBuilding CXX object CMakeFiles/antidrone_turret__rosidl_typesupport_fastrtps_c.dir/rosidl_typesupport_fastrtps_c/antidrone_turret/msg/detail/servo_command__type_support_c.cpp.o[0m
[3.451s] [ 52%] [34m[1mGenerating C++ type support for eProsima Fast-RTPS[0m
[3.493s] [ 53%] [34m[1mGenerating C++ introspection for ROS interfaces[0m
[3.514s] [ 54%] [34m[1mGenerating C++ type support dispatch for ROS interfaces[0m
[3.547s] [ 55%] [32mBuilding CXX object CMakeFiles/antidrone_turret__rosidl_typesupport_fastrtps_c.dir/rosidl_typesupport_fastrtps_c/antidrone_turret/msg/detail/turret_status__type_support_c.cpp.o[0m
[3.817s] [ 56%] [32mBuilding CXX object CMakeFiles/antidrone_turret__rosidl_typesupport_cpp.dir/rosidl_typesupport_cpp/antidrone_turret/msg/target__type_support.cpp.o[0m
[3.832s] [ 57%] [32mBuilding CXX object CMakeFiles/antidrone_turret__rosidl_typesupport_fastrtps_c.dir/rosidl_typesupport_fastrtps_c/antidrone_turret/srv/detail/trigger_actuator__type_support_c.cpp.o[0m
[3.861s] [ 58%] [32mBuilding CXX object CMakeFiles/antidrone_turret__rosidl_typesupport_introspection_cpp.dir/rosidl_typesupport_introspection_cpp/antidrone_turret/msg/detail/target__type_support.cpp.o[0m
[3.888s] [ 59%] [32mBuilding CXX object CMakeFiles/antidrone_turret__rosidl_typesupport_fastrtps_cpp.dir/rosidl_typesupport_fastrtps_cpp/antidrone_turret/msg/detail/dds_fastrtps/target__type_support.cpp.o[0m
[4.015s] [ 60%] [32mBuilding CXX object CMakeFiles/antidrone_turret__rosidl_typesupport_cpp.dir/rosidl_typesupport_cpp/antidrone_turret/msg/actuator_status__type_support.cpp.o[0m
[4.057s] [ 61%] [32mBuilding CXX object CMakeFiles/antidrone_turret__rosidl_typesupport_introspection_cpp.dir/rosidl_typesupport_introspection_cpp/antidrone_turret/msg/detail/actuator_status__type_support.cpp.o[0m
[4.178s] [ 62%] [32m[1mLinking CXX shared library libantidrone_turret__rosidl_typesupport_fastrtps_c.so[0m
[4.194s] [ 63%] [32mBuilding CXX object CMakeFiles/antidrone_turret__rosidl_typesupport_fastrtps_cpp.dir/rosidl_typesupport_fastrtps_cpp/antidrone_turret/msg/detail/dds_fastrtps/actuator_status__type_support.cpp.o[0m
[4.219s] [ 64%] [32mBuilding CXX object CMakeFiles/antidrone_turret__rosidl_typesupport_cpp.dir/rosidl_typesupport_cpp/antidrone_turret/msg/gimbal_command__type_support.cpp.o[0m
[4.226s] [ 64%] Built target antidrone_turret__rosidl_typesupport_fastrtps_c
[4.232s] [ 65%] [32mBuilding CXX object CMakeFiles/antidrone_turret__rosidl_typesupport_introspection_cpp.dir/rosidl_typesupport_introspection_cpp/antidrone_turret/msg/detail/gimbal_command__type_support.cpp.o[0m
[4.251s] [ 67%] [32mBuilding CXX object CMakeFiles/antidrone_turret__rosidl_typesupport_fastrtps_cpp.dir/rosidl_typesupport_fastrtps_cpp/antidrone_turret/msg/detail/dds_fastrtps/gimbal_command__type_support.cpp.o[0m
[4.415s] [ 68%] [32mBuilding CXX object CMakeFiles/antidrone_turret__rosidl_typesupport_cpp.dir/rosidl_typesupport_cpp/antidrone_turret/msg/servo_command__type_support.cpp.o[0m
[4.425s] [ 69%] [32mBuilding CXX object CMakeFiles/antidrone_turret__rosidl_typesupport_introspection_cpp.dir/rosidl_typesupport_introspection_cpp/antidrone_turret/msg/detail/servo_command__type_support.cpp.o[0m
[4.487s] [ 70%] [32mBuilding CXX object CMakeFiles/antidrone_turret__rosidl_typesupport_cpp.dir/rosidl_typesupport_cpp/antidrone_turret/msg/turret_status__type_support.cpp.o[0m
[4.554s] [ 71%] [32mBuilding CXX object CMakeFiles/antidrone_turret__rosidl_typesupport_fastrtps_cpp.dir/rosidl_typesupport_fastrtps_cpp/antidrone_turret/msg/detail/dds_fastrtps/servo_command__type_support.cpp.o[0m
[4.618s] [ 72%] [32mBuilding CXX object CMakeFiles/antidrone_turret__rosidl_typesupport_fastrtps_cpp.dir/rosidl_typesupport_fastrtps_cpp/antidrone_turret/msg/detail/dds_fastrtps/turret_status__type_support.cpp.o[0m
[4.625s] [ 73%] [32mBuilding CXX object CMakeFiles/antidrone_turret__rosidl_typesupport_introspection_cpp.dir/rosidl_typesupport_introspection_cpp/antidrone_turret/msg/detail/turret_status__type_support.cpp.o[0m
[4.704s] [ 74%] [32mBuilding CXX object CMakeFiles/antidrone_turret__rosidl_typesupport_cpp.dir/rosidl_typesupport_cpp/antidrone_turret/srv/trigger_actuator__type_support.cpp.o[0m
[4.819s] [ 75%] [32mBuilding CXX object CMakeFiles/antidrone_turret__rosidl_typesupport_introspection_cpp.dir/rosidl_typesupport_introspection_cpp/antidrone_turret/srv/detail/trigger_actuator__type_support.cpp.o[0m
[4.871s] [ 76%] [32mBuilding CXX object CMakeFiles/antidrone_turret__rosidl_typesupport_fastrtps_cpp.dir/rosidl_typesupport_fastrtps_cpp/antidrone_turret/srv/detail/dds_fastrtps/trigger_actuator__type_support.cpp.o[0m
[4.955s] [ 77%] [32m[1mLinking CXX shared library libantidrone_turret__rosidl_typesupport_cpp.so[0m
[5.005s] [ 77%] Built target antidrone_turret__rosidl_typesupport_cpp
[5.043s] [ 78%] [32mBuilding CXX object CMakeFiles/actuator_node.dir/src/actuator_node.cpp.o[0m
[5.044s] [ 79%] [32mBuilding CXX object CMakeFiles/target_track_publisher_node.dir/src/target_track_publisher_node.cpp.o[0m
[5.089s] [ 80%] [32m[1mLinking CXX shared library libantidrone_turret__rosidl_typesupport_introspection_cpp.so[0m
[5.147s] [ 80%] Built target antidrone_turret__rosidl_typesupport_introspection_cpp
[5.173s] [ 81%] [32mBuilding CXX object CMakeFiles/turret_controller_node.dir/src/turret_controller_node.cpp.o[0m
[5.263s] [ 82%] [32m[1mLinking CXX shared library libantidrone_turret__rosidl_typesupport_fastrtps_cpp.so[0m
[5.321s] [ 82%] Built target antidrone_turret__rosidl_typesupport_fastrtps_cpp
[5.339s] [ 82%] Built target antidrone_turret
[5.350s] [ 83%] [34m[1mGenerating Python code for ROS interfaces[0m
[6.046s] [ 83%] Built target antidrone_turret__py
[6.077s] [ 84%] [32mBuilding C object CMakeFiles/antidrone_turret__rosidl_generator_py.dir/rosidl_generator_py/antidrone_turret/msg/_target_s.c.o[0m
[6.237s] [ 85%] [32mBuilding C object CMakeFiles/antidrone_turret__rosidl_generator_py.dir/rosidl_generator_py/antidrone_turret/msg/_actuator_status_s.c.o[0m
[6.334s] [ 86%] [32mBuilding C object CMakeFiles/antidrone_turret__rosidl_generator_py.dir/rosidl_generator_py/antidrone_turret/msg/_gimbal_command_s.c.o[0m
[6.423s] [ 87%] [32mBuilding C object CMakeFiles/antidrone_turret__rosidl_generator_py.dir/rosidl_generator_py/antidrone_turret/msg/_servo_command_s.c.o[0m
[6.509s] [ 88%] [32mBuilding C object CMakeFiles/antidrone_turret__rosidl_generator_py.dir/rosidl_generator_py/antidrone_turret/msg/_turret_status_s.c.o[0m
[6.602s] [ 89%] [32mBuilding C object CMakeFiles/antidrone_turret__rosidl_generator_py.dir/rosidl_generator_py/antidrone_turret/srv/_trigger_actuator_s.c.o[0m
[6.710s] [ 90%] [32m[1mLinking C shared library libantidrone_turret__rosidl_generator_py.so[0m
[6.747s] [ 90%] Built target antidrone_turret__rosidl_generator_py
[6.767s] [ 91%] [32mBuilding C object CMakeFiles/antidrone_turret_s__rosidl_typesupport_fastrtps_c.dir/rosidl_generator_py/antidrone_turret/_antidrone_turret_s.ep.rosidl_typesupport_fastrtps_c.c.o[0m
[6.856s] [ 92%] [32m[1mLinking C shared module rosidl_generator_py/antidrone_turret/antidrone_turret_s__rosidl_typesupport_fastrtps_c.so[0m
[6.883s] [ 92%] Built target antidrone_turret_s__rosidl_typesupport_fastrtps_c
[6.909s] [ 93%] [32mBuilding C object CMakeFiles/antidrone_turret_s__rosidl_typesupport_introspection_c.dir/rosidl_generator_py/antidrone_turret/_antidrone_turret_s.ep.rosidl_typesupport_introspection_c.c.o[0m
[7.016s] [ 94%] [32m[1mLinking C shared module rosidl_generator_py/antidrone_turret/antidrone_turret_s__rosidl_typesupport_introspection_c.so[0m
[7.040s] [ 94%] Built target antidrone_turret_s__rosidl_typesupport_introspection_c
[7.065s] [ 95%] [32mBuilding C object CMakeFiles/antidrone_turret_s__rosidl_typesupport_c.dir/rosidl_generator_py/antidrone_turret/_antidrone_turret_s.ep.rosidl_typesupport_c.c.o[0m
[7.153s] [ 96%] [32m[1mLinking C shared module rosidl_generator_py/antidrone_turret/antidrone_turret_s__rosidl_typesupport_c.so[0m
[7.178s] [ 96%] Built target antidrone_turret_s__rosidl_typesupport_c
[7.397s] [01m[K/home/serviom/cpp-miltech/homework_13/robot_ws/src/antidrone_turret/src/turret_controller_node.cpp:[m[K In member function ‘[01m[Kvoid TurretControllerNode::[01;32m[Kprocess[m[K(antidrone_turret::msg::Target_<std::allocator<void> >::SharedPtr)[m[K’:
[7.397s] [01m[K/home/serviom/cpp-miltech/homework_13/robot_ws/src/antidrone_turret/src/turret_controller_node.cpp:40:19:[m[K [01;31m[Kerror: [m[K‘[01m[Kusing std::__shared_ptr_access<antidrone_turret::msg::Target_<std::allocator<void> >, __gnu_cxx::_S_atomic, false, false>::element_type = struct antidrone_turret::msg::Target_<std::allocator<void> >[m[K’ {aka ‘[01m[Kstruct antidrone_turret::msg::Target_<std::allocator<void> >[m[K’} has no member named ‘[01m[Kdistance[m[K’; did you mean ‘[01m[Kdistance_m[m[K’?
[7.397s]    40 |     Target t{msg->[01;31m[Kdistance[m[K, msg->azimuth, msg->elevation, msg->locked};
[7.397s]       |                   [01;31m[K^~~~~~~~[m[K
[7.397s]       |                   [32m[Kdistance_m[m[K
[7.397s] [01m[K/home/serviom/cpp-miltech/homework_13/robot_ws/src/antidrone_turret/src/turret_controller_node.cpp:40:34:[m[K [01;31m[Kerror: [m[K‘[01m[Kusing std::__shared_ptr_access<antidrone_turret::msg::Target_<std::allocator<void> >, __gnu_cxx::_S_atomic, false, false>::element_type = struct antidrone_turret::msg::Target_<std::allocator<void> >[m[K’ {aka ‘[01m[Kstruct antidrone_turret::msg::Target_<std::allocator<void> >[m[K’} has no member named ‘[01m[Kazimuth[m[K’
[7.397s]    40 |     Target t{msg->distance, msg->[01;31m[Kazimuth[m[K, msg->elevation, msg->locked};
[7.397s]       |                                  [01;31m[K^~~~~~~[m[K
[7.397s] [01m[K/home/serviom/cpp-miltech/homework_13/robot_ws/src/antidrone_turret/src/turret_controller_node.cpp:40:48:[m[K [01;31m[Kerror: [m[K‘[01m[Kusing std::__shared_ptr_access<antidrone_turret::msg::Target_<std::allocator<void> >, __gnu_cxx::_S_atomic, false, false>::element_type = struct antidrone_turret::msg::Target_<std::allocator<void> >[m[K’ {aka ‘[01m[Kstruct antidrone_turret::msg::Target_<std::allocator<void> >[m[K’} has no member named ‘[01m[Kelevation[m[K’
[7.397s]    40 |     Target t{msg->distance, msg->azimuth, msg->[01;31m[Kelevation[m[K, msg->locked};
[7.397s]       |                                                [01;31m[K^~~~~~~~~[m[K
[7.397s] [01m[K/home/serviom/cpp-miltech/homework_13/robot_ws/src/antidrone_turret/src/turret_controller_node.cpp:40:64:[m[K [01;31m[Kerror: [m[K‘[01m[Kusing std::__shared_ptr_access<antidrone_turret::msg::Target_<std::allocator<void> >, __gnu_cxx::_S_atomic, false, false>::element_type = struct antidrone_turret::msg::Target_<std::allocator<void> >[m[K’ {aka ‘[01m[Kstruct antidrone_turret::msg::Target_<std::allocator<void> >[m[K’} has no member named ‘[01m[Klocked[m[K’
[7.397s]    40 |     Target t{msg->distance, msg->azimuth, msg->elevation, msg->[01;31m[Klocked[m[K};
[7.397s]       |                                                                [01;31m[K^~~~~~[m[K
[7.397s] [01m[K/home/serviom/cpp-miltech/homework_13/robot_ws/src/antidrone_turret/src/turret_controller_node.cpp:47:16:[m[K [01;31m[Kerror: [m[K‘[01m[Kstruct antidrone_turret::msg::GimbalCommand_<std::allocator<void> >[m[K’ has no member named ‘[01m[Kazimuth[m[K’
[7.397s]    47 |     gimbal_msg.[01;31m[Kazimuth[m[K = result.gimbal.target_azimuth;
[7.397s]       |                [01;31m[K^~~~~~~[m[K
[7.397s] [01m[K/home/serviom/cpp-miltech/homework_13/robot_ws/src/antidrone_turret/src/turret_controller_node.cpp:48:16:[m[K [01;31m[Kerror: [m[K‘[01m[Kstruct antidrone_turret::msg::GimbalCommand_<std::allocator<void> >[m[K’ has no member named ‘[01m[Kelevation[m[K’
[7.397s]    48 |     gimbal_msg.[01;31m[Kelevation[m[K = result.gimbal.target_elevation;
[7.397s]       |                [01;31m[K^~~~~~~~~[m[K
[7.397s] [01m[K/home/serviom/cpp-miltech/homework_13/robot_ws/src/antidrone_turret/src/turret_controller_node.cpp:53:33:[m[K [01;31m[Kerror: [m[K‘[01m[Kusing std::__shared_ptr_access<antidrone_turret::msg::Target_<std::allocator<void> >, __gnu_cxx::_S_atomic, false, false>::element_type = struct antidrone_turret::msg::Target_<std::allocator<void> >[m[K’ {aka ‘[01m[Kstruct antidrone_turret::msg::Target_<std::allocator<void> >[m[K’} has no member named ‘[01m[Kdistance[m[K’; did you mean ‘[01m[Kdistance_m[m[K’?
[7.397s]    53 |       call_trigger_service(msg->[01;31m[Kdistance[m[K);
[7.397s]       |                                 [01;31m[K^~~~~~~~[m[K
[7.397s]       |                                 [32m[Kdistance_m[m[K
[10.097s] [ 97%] [32m[1mLinking CXX executable actuator_node[0m
[10.124s] gmake[2]: *** [CMakeFiles/turret_controller_node.dir/build.make:76: CMakeFiles/turret_controller_node.dir/src/turret_controller_node.cpp.o] Error 1
[10.124s] gmake[1]: *** [CMakeFiles/Makefile2:725: CMakeFiles/turret_controller_node.dir/all] Error 2
[10.124s] gmake[1]: *** Waiting for unfinished jobs....
[10.273s] [ 97%] Built target actuator_node
[12.411s] [ 98%] [32m[1mLinking CXX executable target_track_publisher_node[0m
[12.624s] [ 98%] Built target target_track_publisher_node
[12.625s] gmake: *** [Makefile:146: all] Error 2
[12.627s] Invoked command in '/home/serviom/cpp-miltech/homework_13/robot_ws/src/antidrone_turret/build/antidrone_turret' returned '2': CMAKE_PREFIX_PATH=${CMAKE_PREFIX_PATH}:/opt/ros/jazzy DEBUGINFOD_URLS=https://debuginfod.ubuntu.com /usr/bin/cmake --build /home/serviom/cpp-miltech/homework_13/robot_ws/src/antidrone_turret/build/antidrone_turret -- -j4 -l4
