[0.509s] DEBUG:colcon:Command line arguments: ['/usr/bin/colcon', 'build', '--packages-select', 'antidrone_turret']
[0.510s] DEBUG:colcon:Parsed command line arguments: Namespace(log_base=None, log_level=None, verb_name='build', build_base='build', install_base='install', merge_install=False, symlink_install=False, test_result_base=None, continue_on_error=False, executor='parallel', parallel_workers=2, event_handlers=None, ignore_user_meta=False, metas=['./colcon.meta'], base_paths=['.'], packages_ignore=None, packages_ignore_regex=None, paths=None, packages_up_to=None, packages_up_to_regex=None, packages_above=None, packages_above_and_dependencies=None, packages_above_depth=None, packages_select_by_dep=None, packages_skip_by_dep=None, packages_skip_up_to=None, packages_select_build_failed=False, packages_skip_build_finished=False, packages_select_test_failures=False, packages_skip_test_passed=False, packages_select=['antidrone_turret'], packages_skip=None, packages_select_regex=None, packages_skip_regex=None, packages_start=None, packages_end=None, cmake_args=None, cmake_target=None, cmake_target_skip_unavailable=False, cmake_clean_cache=False, cmake_clean_first=False, cmake_force_configure=False, ament_cmake_args=None, catkin_cmake_args=None, catkin_skip_building_tests=False, mixin_files=None, mixin=None, verb_parser=<colcon_mixin.mixin.mixin_argument.MixinArgumentDecorator object at 0x7a0e2b824da0>, verb_extension=<colcon_core.verb.build.BuildVerb object at 0x7a0e2b975310>, main=<bound method BuildVerb.main of <colcon_core.verb.build.BuildVerb object at 0x7a0e2b975310>>, mixin_verb=('build',))
[0.636s] Level 1:colcon.colcon_core.package_discovery:discover_packages(colcon_meta) check parameters
[0.637s] Level 1:colcon.colcon_core.package_discovery:discover_packages(recursive) check parameters
[0.637s] Level 1:colcon.colcon_core.package_discovery:discover_packages(ignore) check parameters
[0.637s] Level 1:colcon.colcon_core.package_discovery:discover_packages(path) check parameters
[0.637s] Level 1:colcon.colcon_core.package_discovery:discover_packages(colcon_meta) discover
[0.637s] Level 1:colcon.colcon_core.package_discovery:discover_packages(recursive) discover
[0.637s] INFO:colcon.colcon_core.package_discovery:Crawling recursively for packages in '/home/serviom/cpp-miltech/homework_13/robot_ws/src'
[0.637s] Level 1:colcon.colcon_core.package_identification:_identify(.) by extensions ['ignore', 'ignore_ament_install']
[0.638s] Level 1:colcon.colcon_core.package_identification:_identify(.) by extension 'ignore'
[0.638s] Level 1:colcon.colcon_core.package_identification:_identify(.) by extension 'ignore_ament_install'
[0.638s] Level 1:colcon.colcon_core.package_identification:_identify(.) by extensions ['colcon_pkg']
[0.638s] Level 1:colcon.colcon_core.package_identification:_identify(.) by extension 'colcon_pkg'
[0.638s] Level 1:colcon.colcon_core.package_identification:_identify(.) by extensions ['colcon_meta']
[0.638s] Level 1:colcon.colcon_core.package_identification:_identify(.) by extension 'colcon_meta'
[0.638s] Level 1:colcon.colcon_core.package_identification:_identify(.) by extensions ['ros']
[0.638s] Level 1:colcon.colcon_core.package_identification:_identify(.) by extension 'ros'
[0.697s] Level 1:colcon.colcon_core.package_identification:_identify(.) by extensions ['cmake', 'python']
[0.698s] Level 1:colcon.colcon_core.package_identification:_identify(.) by extension 'cmake'
[0.698s] Level 1:colcon.colcon_core.package_identification:_identify(.) by extension 'python'
[0.698s] Level 1:colcon.colcon_core.package_identification:_identify(.) by extensions ['python_setup_py']
[0.698s] Level 1:colcon.colcon_core.package_identification:_identify(.) by extension 'python_setup_py'
[0.698s] Level 1:colcon.colcon_core.package_identification:_identify(antidrone_turret) by extensions ['ignore', 'ignore_ament_install']
[0.698s] Level 1:colcon.colcon_core.package_identification:_identify(antidrone_turret) by extension 'ignore'
[0.699s] Level 1:colcon.colcon_core.package_identification:_identify(antidrone_turret) by extension 'ignore_ament_install'
[0.699s] Level 1:colcon.colcon_core.package_identification:_identify(antidrone_turret) by extensions ['colcon_pkg']
[0.699s] Level 1:colcon.colcon_core.package_identification:_identify(antidrone_turret) by extension 'colcon_pkg'
[0.699s] Level 1:colcon.colcon_core.package_identification:_identify(antidrone_turret) by extensions ['colcon_meta']
[0.699s] Level 1:colcon.colcon_core.package_identification:_identify(antidrone_turret) by extension 'colcon_meta'
[0.699s] Level 1:colcon.colcon_core.package_identification:_identify(antidrone_turret) by extensions ['ros']
[0.699s] Level 1:colcon.colcon_core.package_identification:_identify(antidrone_turret) by extension 'ros'
[0.703s] DEBUG:colcon.colcon_core.package_identification:Package 'antidrone_turret' with type 'ros.ament_cmake' and name 'antidrone_turret'
[0.704s] Level 1:colcon.colcon_core.package_identification:_identify(build) by extensions ['ignore', 'ignore_ament_install']
[0.704s] Level 1:colcon.colcon_core.package_identification:_identify(build) by extension 'ignore'
[0.704s] Level 1:colcon.colcon_core.package_identification:_identify(build) ignored
[0.704s] Level 1:colcon.colcon_core.package_identification:_identify(install) by extensions ['ignore', 'ignore_ament_install']
[0.704s] Level 1:colcon.colcon_core.package_identification:_identify(install) by extension 'ignore'
[0.704s] Level 1:colcon.colcon_core.package_identification:_identify(install) ignored
[0.704s] Level 1:colcon.colcon_core.package_identification:_identify(log) by extensions ['ignore', 'ignore_ament_install']
[0.705s] Level 1:colcon.colcon_core.package_identification:_identify(log) by extension 'ignore'
[0.705s] Level 1:colcon.colcon_core.package_identification:_identify(log) ignored
[0.705s] Level 1:colcon.colcon_core.package_discovery:discover_packages(recursive) using defaults
[0.705s] Level 1:colcon.colcon_core.package_discovery:discover_packages(ignore) discover
[0.705s] Level 1:colcon.colcon_core.package_discovery:discover_packages(ignore) using defaults
[0.705s] Level 1:colcon.colcon_core.package_discovery:discover_packages(path) discover
[0.705s] Level 1:colcon.colcon_core.package_discovery:discover_packages(path) using defaults
[0.756s] Level 5:colcon.colcon_core.verb:set package 'antidrone_turret' build argument 'cmake_args' from command line to 'None'
[0.756s] Level 5:colcon.colcon_core.verb:set package 'antidrone_turret' build argument 'cmake_target' from command line to 'None'
[0.756s] Level 5:colcon.colcon_core.verb:set package 'antidrone_turret' build argument 'cmake_target_skip_unavailable' from command line to 'False'
[0.756s] Level 5:colcon.colcon_core.verb:set package 'antidrone_turret' build argument 'cmake_clean_cache' from command line to 'False'
[0.756s] Level 5:colcon.colcon_core.verb:set package 'antidrone_turret' build argument 'cmake_clean_first' from command line to 'False'
[0.756s] Level 5:colcon.colcon_core.verb:set package 'antidrone_turret' build argument 'cmake_force_configure' from command line to 'False'
[0.756s] Level 5:colcon.colcon_core.verb:set package 'antidrone_turret' build argument 'ament_cmake_args' from command line to 'None'
[0.756s] Level 5:colcon.colcon_core.verb:set package 'antidrone_turret' build argument 'catkin_cmake_args' from command line to 'None'
[0.756s] Level 5:colcon.colcon_core.verb:set package 'antidrone_turret' build argument 'catkin_skip_building_tests' from command line to 'False'
[0.756s] DEBUG:colcon.colcon_core.verb:Building package 'antidrone_turret' with the following arguments: {'ament_cmake_args': None, 'build_base': '/home/serviom/cpp-miltech/homework_13/robot_ws/src/build/antidrone_turret', 'catkin_cmake_args': None, 'catkin_skip_building_tests': False, 'cmake_args': None, 'cmake_clean_cache': False, 'cmake_clean_first': False, 'cmake_force_configure': False, 'cmake_target': None, 'cmake_target_skip_unavailable': False, 'install_base': '/home/serviom/cpp-miltech/homework_13/robot_ws/src/install/antidrone_turret', 'merge_install': False, 'path': '/home/serviom/cpp-miltech/homework_13/robot_ws/src/antidrone_turret', 'symlink_install': False, 'test_result_base': None}
[0.756s] INFO:colcon.colcon_core.executor:Executing jobs using 'parallel' executor
[0.759s] DEBUG:colcon.colcon_parallel_executor.executor.parallel:run_until_complete
[0.759s] INFO:colcon.colcon_ros.task.ament_cmake.build:Building ROS package in '/home/serviom/cpp-miltech/homework_13/robot_ws/src/antidrone_turret' with build type 'ament_cmake'
[0.759s] INFO:colcon.colcon_cmake.task.cmake.build:Building CMake package in '/home/serviom/cpp-miltech/homework_13/robot_ws/src/antidrone_turret'
[0.772s] INFO:colcon.colcon_core.plugin_system:Skipping extension 'colcon_core.shell.bat': Not used on non-Windows systems
[0.772s] INFO:colcon.colcon_core.shell:Skip shell extension 'powershell' for command environment: Not usable outside of PowerShell
[0.772s] DEBUG:colcon.colcon_core.shell:Skip shell extension 'dsv' for command environment
[0.807s] DEBUG:colcon.colcon_core.event_handler.log_command:Invoking command in '/home/serviom/cpp-miltech/homework_13/robot_ws/src/build/antidrone_turret': CMAKE_PREFIX_PATH=${CMAKE_PREFIX_PATH}:/opt/ros/jazzy DEBUGINFOD_URLS=https://debuginfod.ubuntu.com /usr/bin/cmake /home/serviom/cpp-miltech/homework_13/robot_ws/src/antidrone_turret -DCMAKE_INSTALL_PREFIX=/home/serviom/cpp-miltech/homework_13/robot_ws/src/install/antidrone_turret
[6.739s] DEBUG:colcon.colcon_core.event_handler.log_command:Invoked command in '/home/serviom/cpp-miltech/homework_13/robot_ws/src/build/antidrone_turret' returned '0': CMAKE_PREFIX_PATH=${CMAKE_PREFIX_PATH}:/opt/ros/jazzy DEBUGINFOD_URLS=https://debuginfod.ubuntu.com /usr/bin/cmake /home/serviom/cpp-miltech/homework_13/robot_ws/src/antidrone_turret -DCMAKE_INSTALL_PREFIX=/home/serviom/cpp-miltech/homework_13/robot_ws/src/install/antidrone_turret
[6.743s] DEBUG:colcon.colcon_core.event_handler.log_command:Invoking command in '/home/serviom/cpp-miltech/homework_13/robot_ws/src/build/antidrone_turret': CMAKE_PREFIX_PATH=${CMAKE_PREFIX_PATH}:/opt/ros/jazzy DEBUGINFOD_URLS=https://debuginfod.ubuntu.com /usr/bin/cmake --build /home/serviom/cpp-miltech/homework_13/robot_ws/src/build/antidrone_turret -- -j2 -l2
[60.825s] Level 1:colcon.colcon_core.environment:create_environment_scripts_only(antidrone_turret)
[60.827s] DEBUG:colcon.colcon_core.event_handler.log_command:Invoked command in '/home/serviom/cpp-miltech/homework_13/robot_ws/src/build/antidrone_turret' returned '2': CMAKE_PREFIX_PATH=${CMAKE_PREFIX_PATH}:/opt/ros/jazzy DEBUGINFOD_URLS=https://debuginfod.ubuntu.com /usr/bin/cmake --build /home/serviom/cpp-miltech/homework_13/robot_ws/src/build/antidrone_turret -- -j2 -l2
[60.842s] Level 1:colcon.colcon_core.environment:checking '/home/serviom/cpp-miltech/homework_13/robot_ws/src/install/antidrone_turret' for CMake module files
[60.843s] Level 1:colcon.colcon_core.environment:checking '/home/serviom/cpp-miltech/homework_13/robot_ws/src/install/antidrone_turret' for CMake config files
[60.844s] Level 1:colcon.colcon_core.environment:checking '/home/serviom/cpp-miltech/homework_13/robot_ws/src/install/antidrone_turret/bin'
[60.844s] Level 1:colcon.colcon_core.environment:checking '/home/serviom/cpp-miltech/homework_13/robot_ws/src/install/antidrone_turret/lib/pkgconfig/antidrone_turret.pc'
[60.848s] Level 1:colcon.colcon_core.environment:checking '/home/serviom/cpp-miltech/homework_13/robot_ws/src/install/antidrone_turret/lib/python3.12/site-packages'
[60.849s] Level 1:colcon.colcon_core.environment:checking '/home/serviom/cpp-miltech/homework_13/robot_ws/src/install/antidrone_turret/bin'
[60.849s] INFO:colcon.colcon_core.shell:Creating package script '/home/serviom/cpp-miltech/homework_13/robot_ws/src/install/antidrone_turret/share/antidrone_turret/package.ps1'
[60.852s] INFO:colcon.colcon_core.shell:Creating package descriptor '/home/serviom/cpp-miltech/homework_13/robot_ws/src/install/antidrone_turret/share/antidrone_turret/package.dsv'
[60.853s] INFO:colcon.colcon_core.shell:Creating package script '/home/serviom/cpp-miltech/homework_13/robot_ws/src/install/antidrone_turret/share/antidrone_turret/package.sh'
[60.854s] INFO:colcon.colcon_core.shell:Creating package script '/home/serviom/cpp-miltech/homework_13/robot_ws/src/install/antidrone_turret/share/antidrone_turret/package.bash'
[60.855s] INFO:colcon.colcon_core.shell:Creating package script '/home/serviom/cpp-miltech/homework_13/robot_ws/src/install/antidrone_turret/share/antidrone_turret/package.zsh'
[60.856s] Level 1:colcon.colcon_core.environment:create_file_with_runtime_dependencies(/home/serviom/cpp-miltech/homework_13/robot_ws/src/install/antidrone_turret/share/colcon-core/packages/antidrone_turret)
[60.867s] DEBUG:colcon.colcon_parallel_executor.executor.parallel:closing loop
[60.868s] DEBUG:colcon.colcon_parallel_executor.executor.parallel:loop closed
[60.870s] DEBUG:colcon.colcon_parallel_executor.executor.parallel:run_until_complete finished with '2'
[60.870s] DEBUG:colcon.colcon_core.event_reactor:joining thread
[60.893s] INFO:colcon.colcon_core.plugin_system:Skipping extension 'colcon_notification.desktop_notification.notify_send': Could not find 'notify-send'
[60.894s] INFO:colcon.colcon_core.plugin_system:Skipping extension 'colcon_notification.desktop_notification.terminal_notifier': Not used on non-Darwin systems
[60.894s] INFO:colcon.colcon_core.plugin_system:Skipping extension 'colcon_notification.desktop_notification.win32': Not used on non-Windows systems
[60.894s] INFO:colcon.colcon_notification.desktop_notification:Sending desktop notification using 'notify2'
[60.910s] DEBUG:colcon.colcon_notification.desktop_notification.notify2:Failed to initialize notify2: org.freedesktop.DBus.Error.Spawn.ExecFailed: /usr/bin/dbus-launch terminated abnormally without any error message
[60.911s] DEBUG:colcon.colcon_core.event_reactor:joined thread
[60.911s] INFO:colcon.colcon_core.shell:Creating prefix script '/home/serviom/cpp-miltech/homework_13/robot_ws/src/install/local_setup.ps1'
[60.913s] INFO:colcon.colcon_core.shell:Creating prefix util module '/home/serviom/cpp-miltech/homework_13/robot_ws/src/install/_local_setup_util_ps1.py'
[60.915s] INFO:colcon.colcon_core.shell:Creating prefix chain script '/home/serviom/cpp-miltech/homework_13/robot_ws/src/install/setup.ps1'
[60.923s] INFO:colcon.colcon_core.shell:Creating prefix script '/home/serviom/cpp-miltech/homework_13/robot_ws/src/install/local_setup.sh'
[60.926s] INFO:colcon.colcon_core.shell:Creating prefix util module '/home/serviom/cpp-miltech/homework_13/robot_ws/src/install/_local_setup_util_sh.py'
[60.927s] INFO:colcon.colcon_core.shell:Creating prefix chain script '/home/serviom/cpp-miltech/homework_13/robot_ws/src/install/setup.sh'
[60.928s] INFO:colcon.colcon_core.shell:Creating prefix script '/home/serviom/cpp-miltech/homework_13/robot_ws/src/install/local_setup.bash'
[60.929s] INFO:colcon.colcon_core.shell:Creating prefix chain script '/home/serviom/cpp-miltech/homework_13/robot_ws/src/install/setup.bash'
[60.930s] INFO:colcon.colcon_core.shell:Creating prefix script '/home/serviom/cpp-miltech/homework_13/robot_ws/src/install/local_setup.zsh'
[60.931s] INFO:colcon.colcon_core.shell:Creating prefix chain script '/home/serviom/cpp-miltech/homework_13/robot_ws/src/install/setup.zsh'
