[  1%] Built target antidrone_turret__rs
[  2%] Built target antidrone_turret__rosidl_generator_type_description
[  4%] Built target gtest_main
[  4%] Built target ament_cmake_python_copy_antidrone_turret
[  6%] Built target gtest
[ 26%] Built target antidrone_turret__rosidl_generator_c
[ 27%] Built target antidrone_turret__cpp
[ 29%] Built target provided_logic_test
[ 37%] Built target antidrone_turret__rosidl_typesupport_fastrtps_c
[ 45%] Built target antidrone_turret__rosidl_typesupport_introspection_c
[ 53%] Built target antidrone_turret__rosidl_typesupport_c
[ 61%] Built target antidrone_turret__rosidl_typesupport_fastrtps_cpp
[ 69%] Built target antidrone_turret__rosidl_typesupport_introspection_cpp
[ 77%] Built target antidrone_turret__rosidl_typesupport_cpp
running egg_info
[ 77%] Built target antidrone_turret
writing antidrone_turret.egg-info/PKG-INFO
writing dependency_links to antidrone_turret.egg-info/dependency_links.txt
writing top-level names to antidrone_turret.egg-info/top_level.txt
[ 79%] Built target target_track_publisher_node
[ 80%] Built target actuator_node
reading manifest file 'antidrone_turret.egg-info/SOURCES.txt'
writing manifest file 'antidrone_turret.egg-info/SOURCES.txt'
[ 81%] [32mBuilding CXX object CMakeFiles/turret_controller_node.dir/src/turret_controller_node.cpp.o[0m
[ 81%] Built target ament_cmake_python_build_antidrone_turret_egg
[ 83%] Built target gimbal_driver_node
[ 85%] Built target yaw_servo_driver_node
[ 86%] [34m[1mGenerating Python code for ROS interfaces[0m
[ 86%] Built target antidrone_turret__py
[ 87%] [32mBuilding C object CMakeFiles/antidrone_turret__rosidl_generator_py.dir/rosidl_generator_py/antidrone_turret/msg/_target_s.c.o[0m
[ 88%] [32mBuilding C object CMakeFiles/antidrone_turret__rosidl_generator_py.dir/rosidl_generator_py/antidrone_turret/msg/_actuator_status_s.c.o[0m
[ 89%] [32mBuilding C object CMakeFiles/antidrone_turret__rosidl_generator_py.dir/rosidl_generator_py/antidrone_turret/msg/_gimbal_command_s.c.o[0m
[ 90%] [32mBuilding C object CMakeFiles/antidrone_turret__rosidl_generator_py.dir/rosidl_generator_py/antidrone_turret/msg/_servo_command_s.c.o[0m
[ 91%] [32mBuilding C object CMakeFiles/antidrone_turret__rosidl_generator_py.dir/rosidl_generator_py/antidrone_turret/msg/_turret_status_s.c.o[0m
[ 92%] [32mBuilding C object CMakeFiles/antidrone_turret__rosidl_generator_py.dir/rosidl_generator_py/antidrone_turret/srv/_trigger_actuator_s.c.o[0m
[ 93%] [32m[1mLinking C shared library libantidrone_turret__rosidl_generator_py.so[0m
[ 93%] Built target antidrone_turret__rosidl_generator_py
[ 94%] [32mBuilding C object CMakeFiles/antidrone_turret_s__rosidl_typesupport_fastrtps_c.dir/rosidl_generator_py/antidrone_turret/_antidrone_turret_s.ep.rosidl_typesupport_fastrtps_c.c.o[0m
[ 95%] [32m[1mLinking C shared module rosidl_generator_py/antidrone_turret/antidrone_turret_s__rosidl_typesupport_fastrtps_c.so[0m
[ 95%] Built target antidrone_turret_s__rosidl_typesupport_fastrtps_c
[ 96%] [32mBuilding C object CMakeFiles/antidrone_turret_s__rosidl_typesupport_introspection_c.dir/rosidl_generator_py/antidrone_turret/_antidrone_turret_s.ep.rosidl_typesupport_introspection_c.c.o[0m
[ 97%] [32m[1mLinking C shared module rosidl_generator_py/antidrone_turret/antidrone_turret_s__rosidl_typesupport_introspection_c.so[0m
[ 97%] Built target antidrone_turret_s__rosidl_typesupport_introspection_c
[ 98%] [32mBuilding C object CMakeFiles/antidrone_turret_s__rosidl_typesupport_c.dir/rosidl_generator_py/antidrone_turret/_antidrone_turret_s.ep.rosidl_typesupport_c.c.o[0m
[ 99%] [32m[1mLinking C shared module rosidl_generator_py/antidrone_turret/antidrone_turret_s__rosidl_typesupport_c.so[0m
[ 99%] Built target antidrone_turret_s__rosidl_typesupport_c
