[0.126s] DEBUG:colcon:Command line arguments: ['/usr/bin/colcon', 'build']
[0.126s] DEBUG:colcon:Parsed command line arguments: Namespace(log_base=None, log_level=None, verb_name='build', build_base='build', install_base='install', merge_install=False, symlink_install=False, test_result_base=None, continue_on_error=False, executor='parallel', parallel_workers=2, event_handlers=None, ignore_user_meta=False, metas=['./colcon.meta'], base_paths=['.'], packages_ignore=None, packages_ignore_regex=None, paths=None, packages_up_to=None, packages_up_to_regex=None, packages_above=None, packages_above_and_dependencies=None, packages_above_depth=None, packages_select_by_dep=None, packages_skip_by_dep=None, packages_skip_up_to=None, packages_select_build_failed=False, packages_skip_build_finished=False, packages_select_test_failures=False, packages_skip_test_passed=False, packages_select=None, packages_skip=None, packages_select_regex=None, packages_skip_regex=None, packages_start=None, packages_end=None, cmake_args=None, cmake_target=None, cmake_target_skip_unavailable=False, cmake_clean_cache=False, cmake_clean_first=False, cmake_force_configure=False, ament_cmake_args=None, catkin_cmake_args=None, catkin_skip_building_tests=False, mixin_files=None, mixin=None, verb_parser=<colcon_mixin.mixin.mixin_argument.MixinArgumentDecorator object at 0x78941adb1be0>, verb_extension=<colcon_core.verb.build.BuildVerb object at 0x78941a509340>, main=<bound method BuildVerb.main of <colcon_core.verb.build.BuildVerb object at 0x78941a509340>>, mixin_verb=('build',))
[0.190s] Level 1:colcon.colcon_core.package_discovery:discover_packages(colcon_meta) check parameters
[0.191s] Level 1:colcon.colcon_core.package_discovery:discover_packages(recursive) check parameters
[0.191s] Level 1:colcon.colcon_core.package_discovery:discover_packages(ignore) check parameters
[0.191s] Level 1:colcon.colcon_core.package_discovery:discover_packages(path) check parameters
[0.191s] Level 1:colcon.colcon_core.package_discovery:discover_packages(colcon_meta) discover
[0.191s] Level 1:colcon.colcon_core.package_discovery:discover_packages(recursive) discover
[0.192s] INFO:colcon.colcon_core.package_discovery:Crawling recursively for packages in '/home/serviom/cpp-miltech/homework_13/robot_ws'
[0.192s] Level 1:colcon.colcon_core.package_identification:_identify(.) by extensions ['ignore', 'ignore_ament_install']
[0.192s] Level 1:colcon.colcon_core.package_identification:_identify(.) by extension 'ignore'
[0.193s] Level 1:colcon.colcon_core.package_identification:_identify(.) by extension 'ignore_ament_install'
[0.193s] Level 1:colcon.colcon_core.package_identification:_identify(.) by extensions ['colcon_pkg']
[0.193s] Level 1:colcon.colcon_core.package_identification:_identify(.) by extension 'colcon_pkg'
[0.193s] Level 1:colcon.colcon_core.package_identification:_identify(.) by extensions ['colcon_meta']
[0.193s] Level 1:colcon.colcon_core.package_identification:_identify(.) by extension 'colcon_meta'
[0.193s] Level 1:colcon.colcon_core.package_identification:_identify(.) by extensions ['ros']
[0.193s] Level 1:colcon.colcon_core.package_identification:_identify(.) by extension 'ros'
[0.227s] Level 1:colcon.colcon_core.package_identification:_identify(.) by extensions ['cmake', 'python']
[0.227s] Level 1:colcon.colcon_core.package_identification:_identify(.) by extension 'cmake'
[0.227s] Level 1:colcon.colcon_core.package_identification:_identify(.) by extension 'python'
[0.227s] Level 1:colcon.colcon_core.package_identification:_identify(.) by extensions ['python_setup_py']
[0.227s] Level 1:colcon.colcon_core.package_identification:_identify(.) by extension 'python_setup_py'
[0.227s] Level 1:colcon.colcon_core.package_identification:_identify(build) by extensions ['ignore', 'ignore_ament_install']
[0.228s] Level 1:colcon.colcon_core.package_identification:_identify(build) by extension 'ignore'
[0.228s] Level 1:colcon.colcon_core.package_identification:_identify(build) ignored
[0.228s] Level 1:colcon.colcon_core.package_identification:_identify(install) by extensions ['ignore', 'ignore_ament_install']
[0.228s] Level 1:colcon.colcon_core.package_identification:_identify(install) by extension 'ignore'
[0.228s] Level 1:colcon.colcon_core.package_identification:_identify(install) ignored
[0.228s] Level 1:colcon.colcon_core.package_identification:_identify(log) by extensions ['ignore', 'ignore_ament_install']
[0.228s] Level 1:colcon.colcon_core.package_identification:_identify(log) by extension 'ignore'
[0.228s] Level 1:colcon.colcon_core.package_identification:_identify(log) ignored
[0.228s] Level 1:colcon.colcon_core.package_identification:_identify(src) by extensions ['ignore', 'ignore_ament_install']
[0.229s] Level 1:colcon.colcon_core.package_identification:_identify(src) by extension 'ignore'
[0.229s] Level 1:colcon.colcon_core.package_identification:_identify(src) by extension 'ignore_ament_install'
[0.229s] Level 1:colcon.colcon_core.package_identification:_identify(src) by extensions ['colcon_pkg']
[0.229s] Level 1:colcon.colcon_core.package_identification:_identify(src) by extension 'colcon_pkg'
[0.229s] Level 1:colcon.colcon_core.package_identification:_identify(src) by extensions ['colcon_meta']
[0.229s] Level 1:colcon.colcon_core.package_identification:_identify(src) by extension 'colcon_meta'
[0.229s] Level 1:colcon.colcon_core.package_identification:_identify(src) by extensions ['ros']
[0.229s] Level 1:colcon.colcon_core.package_identification:_identify(src) by extension 'ros'
[0.229s] Level 1:colcon.colcon_core.package_identification:_identify(src) by extensions ['cmake', 'python']
[0.229s] Level 1:colcon.colcon_core.package_identification:_identify(src) by extension 'cmake'
[0.229s] Level 1:colcon.colcon_core.package_identification:_identify(src) by extension 'python'
[0.229s] Level 1:colcon.colcon_core.package_identification:_identify(src) by extensions ['python_setup_py']
[0.229s] Level 1:colcon.colcon_core.package_identification:_identify(src) by extension 'python_setup_py'
[0.230s] Level 1:colcon.colcon_core.package_identification:_identify(src/antidrone_turret) by extensions ['ignore', 'ignore_ament_install']
[0.230s] Level 1:colcon.colcon_core.package_identification:_identify(src/antidrone_turret) by extension 'ignore'
[0.230s] Level 1:colcon.colcon_core.package_identification:_identify(src/antidrone_turret) by extension 'ignore_ament_install'
[0.230s] Level 1:colcon.colcon_core.package_identification:_identify(src/antidrone_turret) by extensions ['colcon_pkg']
[0.230s] Level 1:colcon.colcon_core.package_identification:_identify(src/antidrone_turret) by extension 'colcon_pkg'
[0.230s] Level 1:colcon.colcon_core.package_identification:_identify(src/antidrone_turret) by extensions ['colcon_meta']
[0.230s] Level 1:colcon.colcon_core.package_identification:_identify(src/antidrone_turret) by extension 'colcon_meta'
[0.230s] Level 1:colcon.colcon_core.package_identification:_identify(src/antidrone_turret) by extensions ['ros']
[0.230s] Level 1:colcon.colcon_core.package_identification:_identify(src/antidrone_turret) by extension 'ros'
[0.233s] DEBUG:colcon.colcon_core.package_identification:Package 'src/antidrone_turret' with type 'ros.ament_cmake' and name 'antidrone_turret'
[0.233s] Level 1:colcon.colcon_core.package_identification:_identify(src/build) by extensions ['ignore', 'ignore_ament_install']
[0.233s] Level 1:colcon.colcon_core.package_identification:_identify(src/build) by extension 'ignore'
[0.233s] Level 1:colcon.colcon_core.package_identification:_identify(src/build) ignored
[0.233s] Level 1:colcon.colcon_core.package_identification:_identify(src/install) by extensions ['ignore', 'ignore_ament_install']
[0.233s] Level 1:colcon.colcon_core.package_identification:_identify(src/install) by extension 'ignore'
[0.233s] Level 1:colcon.colcon_core.package_identification:_identify(src/install) ignored
[0.234s] Level 1:colcon.colcon_core.package_identification:_identify(src/log) by extensions ['ignore', 'ignore_ament_install']
[0.234s] Level 1:colcon.colcon_core.package_identification:_identify(src/log) by extension 'ignore'
[0.234s] Level 1:colcon.colcon_core.package_identification:_identify(src/log) ignored
[0.234s] Level 1:colcon.colcon_core.package_discovery:discover_packages(recursive) using defaults
[0.234s] Level 1:colcon.colcon_core.package_discovery:discover_packages(ignore) discover
[0.234s] Level 1:colcon.colcon_core.package_discovery:discover_packages(ignore) using defaults
[0.234s] Level 1:colcon.colcon_core.package_discovery:discover_packages(path) discover
[0.234s] Level 1:colcon.colcon_core.package_discovery:discover_packages(path) using defaults
[0.254s] Level 5:colcon.colcon_core.verb:set package 'antidrone_turret' build argument 'cmake_args' from command line to 'None'
[0.254s] Level 5:colcon.colcon_core.verb:set package 'antidrone_turret' build argument 'cmake_target' from command line to 'None'
[0.254s] Level 5:colcon.colcon_core.verb:set package 'antidrone_turret' build argument 'cmake_target_skip_unavailable' from command line to 'False'
[0.254s] Level 5:colcon.colcon_core.verb:set package 'antidrone_turret' build argument 'cmake_clean_cache' from command line to 'False'
[0.254s] Level 5:colcon.colcon_core.verb:set package 'antidrone_turret' build argument 'cmake_clean_first' from command line to 'False'
[0.254s] Level 5:colcon.colcon_core.verb:set package 'antidrone_turret' build argument 'cmake_force_configure' from command line to 'False'
[0.254s] Level 5:colcon.colcon_core.verb:set package 'antidrone_turret' build argument 'ament_cmake_args' from command line to 'None'
[0.254s] Level 5:colcon.colcon_core.verb:set package 'antidrone_turret' build argument 'catkin_cmake_args' from command line to 'None'
[0.254s] Level 5:colcon.colcon_core.verb:set package 'antidrone_turret' build argument 'catkin_skip_building_tests' from command line to 'False'
[0.254s] DEBUG:colcon.colcon_core.verb:Building package 'antidrone_turret' with the following arguments: {'ament_cmake_args': None, 'build_base': '/home/serviom/cpp-miltech/homework_13/robot_ws/build/antidrone_turret', 'catkin_cmake_args': None, 'catkin_skip_building_tests': False, 'cmake_args': None, 'cmake_clean_cache': False, 'cmake_clean_first': False, 'cmake_force_configure': False, 'cmake_target': None, 'cmake_target_skip_unavailable': False, 'install_base': '/home/serviom/cpp-miltech/homework_13/robot_ws/install/antidrone_turret', 'merge_install': False, 'path': '/home/serviom/cpp-miltech/homework_13/robot_ws/src/antidrone_turret', 'symlink_install': False, 'test_result_base': None}
[0.254s] INFO:colcon.colcon_core.executor:Executing jobs using 'parallel' executor
[0.255s] DEBUG:colcon.colcon_parallel_executor.executor.parallel:run_until_complete
[0.255s] INFO:colcon.colcon_ros.task.ament_cmake.build:Building ROS package in '/home/serviom/cpp-miltech/homework_13/robot_ws/src/antidrone_turret' with build type 'ament_cmake'
[0.256s] INFO:colcon.colcon_cmake.task.cmake.build:Building CMake package in '/home/serviom/cpp-miltech/homework_13/robot_ws/src/antidrone_turret'
[0.258s] INFO:colcon.colcon_core.plugin_system:Skipping extension 'colcon_core.shell.bat': Not used on non-Windows systems
[0.258s] INFO:colcon.colcon_core.shell:Skip shell extension 'powershell' for command environment: Not usable outside of PowerShell
[0.258s] DEBUG:colcon.colcon_core.shell:Skip shell extension 'dsv' for command environment
[0.273s] DEBUG:colcon.colcon_core.event_handler.log_command:Invoking command in '/home/serviom/cpp-miltech/homework_13/robot_ws/build/antidrone_turret': CMAKE_PREFIX_PATH=${CMAKE_PREFIX_PATH}:/opt/ros/jazzy DEBUGINFOD_URLS=https://debuginfod.ubuntu.com /usr/bin/cmake --build /home/serviom/cpp-miltech/homework_13/robot_ws/build/antidrone_turret -- -j2 -l2
[23.410s] DEBUG:colcon.colcon_core.event_handler.log_command:Invoked command in '/home/serviom/cpp-miltech/homework_13/robot_ws/build/antidrone_turret' returned '0': CMAKE_PREFIX_PATH=${CMAKE_PREFIX_PATH}:/opt/ros/jazzy DEBUGINFOD_URLS=https://debuginfod.ubuntu.com /usr/bin/cmake --build /home/serviom/cpp-miltech/homework_13/robot_ws/build/antidrone_turret -- -j2 -l2
[23.425s] DEBUG:colcon.colcon_core.event_handler.log_command:Invoking command in '/home/serviom/cpp-miltech/homework_13/robot_ws/build/antidrone_turret': CMAKE_PREFIX_PATH=${CMAKE_PREFIX_PATH}:/opt/ros/jazzy DEBUGINFOD_URLS=https://debuginfod.ubuntu.com /usr/bin/cmake --install /home/serviom/cpp-miltech/homework_13/robot_ws/build/antidrone_turret
[23.706s] Level 1:colcon.colcon_core.environment:create_environment_scripts_only(antidrone_turret)
[23.709s] DEBUG:colcon.colcon_core.event_handler.log_command:Invoked command in '/home/serviom/cpp-miltech/homework_13/robot_ws/build/antidrone_turret' returned '0': CMAKE_PREFIX_PATH=${CMAKE_PREFIX_PATH}:/opt/ros/jazzy DEBUGINFOD_URLS=https://debuginfod.ubuntu.com /usr/bin/cmake --install /home/serviom/cpp-miltech/homework_13/robot_ws/build/antidrone_turret
[23.711s] Level 1:colcon.colcon_core.environment:checking '/home/serviom/cpp-miltech/homework_13/robot_ws/install/antidrone_turret' for CMake module files
[23.713s] Level 1:colcon.colcon_core.environment:checking '/home/serviom/cpp-miltech/homework_13/robot_ws/install/antidrone_turret' for CMake config files
[23.714s] Level 1:colcon.colcon_core.shell:create_environment_hook('antidrone_turret', 'cmake_prefix_path')
[23.715s] INFO:colcon.colcon_core.shell:Creating environment hook '/home/serviom/cpp-miltech/homework_13/robot_ws/install/antidrone_turret/share/antidrone_turret/hook/cmake_prefix_path.ps1'
[23.717s] INFO:colcon.colcon_core.shell:Creating environment descriptor '/home/serviom/cpp-miltech/homework_13/robot_ws/install/antidrone_turret/share/antidrone_turret/hook/cmake_prefix_path.dsv'
[23.718s] INFO:colcon.colcon_core.shell:Creating environment hook '/home/serviom/cpp-miltech/homework_13/robot_ws/install/antidrone_turret/share/antidrone_turret/hook/cmake_prefix_path.sh'
[23.719s] Level 1:colcon.colcon_core.environment:checking '/home/serviom/cpp-miltech/homework_13/robot_ws/install/antidrone_turret/lib'
[23.720s] Level 1:colcon.colcon_core.shell:create_environment_hook('antidrone_turret', 'ld_library_path_lib')
[23.720s] INFO:colcon.colcon_core.shell:Creating environment hook '/home/serviom/cpp-miltech/homework_13/robot_ws/install/antidrone_turret/share/antidrone_turret/hook/ld_library_path_lib.ps1'
[23.720s] INFO:colcon.colcon_core.shell:Creating environment descriptor '/home/serviom/cpp-miltech/homework_13/robot_ws/install/antidrone_turret/share/antidrone_turret/hook/ld_library_path_lib.dsv'
[23.721s] INFO:colcon.colcon_core.shell:Creating environment hook '/home/serviom/cpp-miltech/homework_13/robot_ws/install/antidrone_turret/share/antidrone_turret/hook/ld_library_path_lib.sh'
[23.721s] Level 1:colcon.colcon_core.environment:checking '/home/serviom/cpp-miltech/homework_13/robot_ws/install/antidrone_turret/bin'
[23.722s] Level 1:colcon.colcon_core.environment:checking '/home/serviom/cpp-miltech/homework_13/robot_ws/install/antidrone_turret/lib/pkgconfig/antidrone_turret.pc'
[23.724s] Level 1:colcon.colcon_core.environment:checking '/home/serviom/cpp-miltech/homework_13/robot_ws/install/antidrone_turret/lib/python3.12/site-packages'
[23.724s] Level 1:colcon.colcon_core.shell:create_environment_hook('antidrone_turret', 'pythonpath')
[23.724s] INFO:colcon.colcon_core.shell:Creating environment hook '/home/serviom/cpp-miltech/homework_13/robot_ws/install/antidrone_turret/share/antidrone_turret/hook/pythonpath.ps1'
[23.726s] INFO:colcon.colcon_core.shell:Creating environment descriptor '/home/serviom/cpp-miltech/homework_13/robot_ws/install/antidrone_turret/share/antidrone_turret/hook/pythonpath.dsv'
[23.726s] INFO:colcon.colcon_core.shell:Creating environment hook '/home/serviom/cpp-miltech/homework_13/robot_ws/install/antidrone_turret/share/antidrone_turret/hook/pythonpath.sh'
[23.727s] Level 1:colcon.colcon_core.environment:checking '/home/serviom/cpp-miltech/homework_13/robot_ws/install/antidrone_turret/bin'
[23.728s] INFO:colcon.colcon_core.shell:Creating package script '/home/serviom/cpp-miltech/homework_13/robot_ws/install/antidrone_turret/share/antidrone_turret/package.ps1'
[23.729s] INFO:colcon.colcon_core.shell:Creating package descriptor '/home/serviom/cpp-miltech/homework_13/robot_ws/install/antidrone_turret/share/antidrone_turret/package.dsv'
[23.730s] INFO:colcon.colcon_core.shell:Creating package script '/home/serviom/cpp-miltech/homework_13/robot_ws/install/antidrone_turret/share/antidrone_turret/package.sh'
[23.731s] INFO:colcon.colcon_core.shell:Creating package script '/home/serviom/cpp-miltech/homework_13/robot_ws/install/antidrone_turret/share/antidrone_turret/package.bash'
[23.734s] INFO:colcon.colcon_core.shell:Creating package script '/home/serviom/cpp-miltech/homework_13/robot_ws/install/antidrone_turret/share/antidrone_turret/package.zsh'
[23.735s] Level 1:colcon.colcon_core.environment:create_file_with_runtime_dependencies(/home/serviom/cpp-miltech/homework_13/robot_ws/install/antidrone_turret/share/colcon-core/packages/antidrone_turret)
[23.737s] Level 1:colcon.colcon_core.environment:create_environment_scripts_only(antidrone_turret)
[23.737s] Level 1:colcon.colcon_core.environment:checking '/home/serviom/cpp-miltech/homework_13/robot_ws/install/antidrone_turret' for CMake module files
[23.738s] Level 1:colcon.colcon_core.environment:checking '/home/serviom/cpp-miltech/homework_13/robot_ws/install/antidrone_turret' for CMake config files
[23.739s] Level 1:colcon.colcon_core.shell:create_environment_hook('antidrone_turret', 'cmake_prefix_path')
[23.739s] INFO:colcon.colcon_core.shell:Creating environment hook '/home/serviom/cpp-miltech/homework_13/robot_ws/install/antidrone_turret/share/antidrone_turret/hook/cmake_prefix_path.ps1'
[23.740s] INFO:colcon.colcon_core.shell:Creating environment descriptor '/home/serviom/cpp-miltech/homework_13/robot_ws/install/antidrone_turret/share/antidrone_turret/hook/cmake_prefix_path.dsv'
[23.741s] INFO:colcon.colcon_core.shell:Creating environment hook '/home/serviom/cpp-miltech/homework_13/robot_ws/install/antidrone_turret/share/antidrone_turret/hook/cmake_prefix_path.sh'
[23.742s] Level 1:colcon.colcon_core.environment:checking '/home/serviom/cpp-miltech/homework_13/robot_ws/install/antidrone_turret/lib'
[23.742s] Level 1:colcon.colcon_core.shell:create_environment_hook('antidrone_turret', 'ld_library_path_lib')
[23.742s] INFO:colcon.colcon_core.shell:Creating environment hook '/home/serviom/cpp-miltech/homework_13/robot_ws/install/antidrone_turret/share/antidrone_turret/hook/ld_library_path_lib.ps1'
[23.743s] INFO:colcon.colcon_core.shell:Creating environment descriptor '/home/serviom/cpp-miltech/homework_13/robot_ws/install/antidrone_turret/share/antidrone_turret/hook/ld_library_path_lib.dsv'
[23.743s] INFO:colcon.colcon_core.shell:Creating environment hook '/home/serviom/cpp-miltech/homework_13/robot_ws/install/antidrone_turret/share/antidrone_turret/hook/ld_library_path_lib.sh'
[23.744s] Level 1:colcon.colcon_core.environment:checking '/home/serviom/cpp-miltech/homework_13/robot_ws/install/antidrone_turret/bin'
[23.744s] Level 1:colcon.colcon_core.environment:checking '/home/serviom/cpp-miltech/homework_13/robot_ws/install/antidrone_turret/lib/pkgconfig/antidrone_turret.pc'
[23.744s] Level 1:colcon.colcon_core.environment:checking '/home/serviom/cpp-miltech/homework_13/robot_ws/install/antidrone_turret/lib/python3.12/site-packages'
[23.744s] Level 1:colcon.colcon_core.shell:create_environment_hook('antidrone_turret', 'pythonpath')
[23.744s] INFO:colcon.colcon_core.shell:Creating environment hook '/home/serviom/cpp-miltech/homework_13/robot_ws/install/antidrone_turret/share/antidrone_turret/hook/pythonpath.ps1'
[23.745s] INFO:colcon.colcon_core.shell:Creating environment descriptor '/home/serviom/cpp-miltech/homework_13/robot_ws/install/antidrone_turret/share/antidrone_turret/hook/pythonpath.dsv'
[23.746s] INFO:colcon.colcon_core.shell:Creating environment hook '/home/serviom/cpp-miltech/homework_13/robot_ws/install/antidrone_turret/share/antidrone_turret/hook/pythonpath.sh'
[23.747s] Level 1:colcon.colcon_core.environment:checking '/home/serviom/cpp-miltech/homework_13/robot_ws/install/antidrone_turret/bin'
[23.747s] INFO:colcon.colcon_core.shell:Creating package script '/home/serviom/cpp-miltech/homework_13/robot_ws/install/antidrone_turret/share/antidrone_turret/package.ps1'
[23.748s] INFO:colcon.colcon_core.shell:Creating package descriptor '/home/serviom/cpp-miltech/homework_13/robot_ws/install/antidrone_turret/share/antidrone_turret/package.dsv'
[23.750s] INFO:colcon.colcon_core.shell:Creating package script '/home/serviom/cpp-miltech/homework_13/robot_ws/install/antidrone_turret/share/antidrone_turret/package.sh'
[23.751s] INFO:colcon.colcon_core.shell:Creating package script '/home/serviom/cpp-miltech/homework_13/robot_ws/install/antidrone_turret/share/antidrone_turret/package.bash'
[23.752s] INFO:colcon.colcon_core.shell:Creating package script '/home/serviom/cpp-miltech/homework_13/robot_ws/install/antidrone_turret/share/antidrone_turret/package.zsh'
[23.752s] Level 1:colcon.colcon_core.environment:create_file_with_runtime_dependencies(/home/serviom/cpp-miltech/homework_13/robot_ws/install/antidrone_turret/share/colcon-core/packages/antidrone_turret)
[23.753s] DEBUG:colcon.colcon_parallel_executor.executor.parallel:closing loop
[23.754s] DEBUG:colcon.colcon_parallel_executor.executor.parallel:loop closed
[23.754s] DEBUG:colcon.colcon_parallel_executor.executor.parallel:run_until_complete finished with '0'
[23.754s] DEBUG:colcon.colcon_core.event_reactor:joining thread
[23.770s] INFO:colcon.colcon_core.plugin_system:Skipping extension 'colcon_notification.desktop_notification.notify_send': Could not find 'notify-send'
[23.770s] INFO:colcon.colcon_core.plugin_system:Skipping extension 'colcon_notification.desktop_notification.terminal_notifier': Not used on non-Darwin systems
[23.770s] INFO:colcon.colcon_core.plugin_system:Skipping extension 'colcon_notification.desktop_notification.win32': Not used on non-Windows systems
[23.770s] INFO:colcon.colcon_notification.desktop_notification:Sending desktop notification using 'notify2'
[23.774s] DEBUG:colcon.colcon_notification.desktop_notification.notify2:Failed to initialize notify2: org.freedesktop.DBus.Error.Spawn.ExecFailed: /usr/bin/dbus-launch terminated abnormally without any error message
[23.774s] DEBUG:colcon.colcon_core.event_reactor:joined thread
[23.775s] INFO:colcon.colcon_core.shell:Creating prefix script '/home/serviom/cpp-miltech/homework_13/robot_ws/install/local_setup.ps1'
[23.776s] INFO:colcon.colcon_core.shell:Creating prefix util module '/home/serviom/cpp-miltech/homework_13/robot_ws/install/_local_setup_util_ps1.py'
[23.780s] INFO:colcon.colcon_core.shell:Creating prefix chain script '/home/serviom/cpp-miltech/homework_13/robot_ws/install/setup.ps1'
[23.782s] INFO:colcon.colcon_core.shell:Creating prefix script '/home/serviom/cpp-miltech/homework_13/robot_ws/install/local_setup.sh'
[23.784s] INFO:colcon.colcon_core.shell:Creating prefix util module '/home/serviom/cpp-miltech/homework_13/robot_ws/install/_local_setup_util_sh.py'
[23.785s] INFO:colcon.colcon_core.shell:Creating prefix chain script '/home/serviom/cpp-miltech/homework_13/robot_ws/install/setup.sh'
[23.786s] INFO:colcon.colcon_core.shell:Creating prefix script '/home/serviom/cpp-miltech/homework_13/robot_ws/install/local_setup.bash'
[23.787s] INFO:colcon.colcon_core.shell:Creating prefix chain script '/home/serviom/cpp-miltech/homework_13/robot_ws/install/setup.bash'
[23.788s] INFO:colcon.colcon_core.shell:Creating prefix script '/home/serviom/cpp-miltech/homework_13/robot_ws/install/local_setup.zsh'
[23.789s] INFO:colcon.colcon_core.shell:Creating prefix chain script '/home/serviom/cpp-miltech/homework_13/robot_ws/install/setup.zsh'
