[0.020s] Invoking command in '/home/serviom/cpp-miltech/homework_13/robot_ws/build/antidrone_turret': CMAKE_PREFIX_PATH=${CMAKE_PREFIX_PATH}:/opt/ros/jazzy DEBUGINFOD_URLS=https://debuginfod.ubuntu.com /usr/bin/cmake /home/serviom/cpp-miltech/homework_13/robot_ws/src/antidrone_turret -DCMAKE_INSTALL_PREFIX=/home/serviom/cpp-miltech/homework_13/robot_ws/install/antidrone_turret
[0.108s] -- The C compiler identification is GNU 13.3.0
[0.191s] -- The CXX compiler identification is GNU 13.3.0
[0.217s] -- Detecting C compiler ABI info
[0.355s] -- Detecting C compiler ABI info - done
[0.373s] -- Check for working C compiler: /usr/bin/cc - skipped
[0.374s] -- Detecting C compile features
[0.376s] -- Detecting C compile features - done
[0.393s] -- Detecting CXX compiler ABI info
[0.580s] -- Detecting CXX compiler ABI info - done
[0.593s] -- Check for working CXX compiler: /usr/bin/c++ - skipped
[0.593s] -- Detecting CXX compile features
[0.594s] -- Detecting CXX compile features - done
[0.599s] -- Found ament_cmake_auto: 2.5.6 (/opt/ros/jazzy/share/ament_cmake_auto/cmake)
[0.812s] -- Found Python3: /usr/bin/python3 (found version "3.12.3") found components: Interpreter 
[1.102s] -- Using all available rosidl_typesupport_c: rosidl_typesupport_fastrtps_c;rosidl_typesupport_introspection_c
[1.184s] -- Using all available rosidl_typesupport_cpp: rosidl_typesupport_fastrtps_cpp;rosidl_typesupport_introspection_cpp
[1.261s] -- Found rosidl_adapter: 4.6.9 (/opt/ros/jazzy/share/rosidl_adapter/cmake)
[1.394s] -- Found rmw_implementation_cmake: 7.3.3 (/opt/ros/jazzy/share/rmw_implementation_cmake/cmake)
[1.401s] -- Found rmw_cyclonedds_cpp: 2.2.3 (/opt/ros/jazzy/share/rmw_cyclonedds_cpp/cmake)
[1.449s] -- Using RMW implementation 'rmw_cyclonedds_cpp' as default
[2.281s] -- Found ament_cmake_ros: 0.12.1 (/opt/ros/jazzy/share/ament_cmake_ros/cmake)
[2.862s] -- Using all available rosidl_typesupport_c: rosidl_typesupport_fastrtps_c;rosidl_typesupport_introspection_c
[3.610s] -- Using all available rosidl_typesupport_cpp: rosidl_typesupport_fastrtps_cpp;rosidl_typesupport_introspection_cpp
[3.617s] -- Found python_cmake_module: 0.11.1 (/opt/ros/jazzy/share/python_cmake_module/cmake)
[3.802s] -- Found PythonExtra: /usr/bin/python3  
[4.516s] -- Found Python3: /usr/bin/python3 (found version "3.12.3") found components: Interpreter Development NumPy Development.Module Development.Embed 
[4.656s] -- Found Python3: /usr/bin/python3 (found version "3.12.3") found components: Interpreter 
[4.669s] -- Found gtest sources under '/opt/ros/jazzy/src/gtest_vendor': C++ tests using 'Google Test' will be built
[4.674s] -- Performing Test CMAKE_HAVE_LIBC_PTHREAD
[4.816s] -- Performing Test CMAKE_HAVE_LIBC_PTHREAD - Success
[4.818s] -- Found Threads: TRUE  
[4.836s] -- Configuring done (4.8s)
[5.018s] -- Generating done (0.2s)
[5.061s] -- Build files have been written to: /home/serviom/cpp-miltech/homework_13/robot_ws/build/antidrone_turret
[5.075s] Invoked command in '/home/serviom/cpp-miltech/homework_13/robot_ws/build/antidrone_turret' returned '0': CMAKE_PREFIX_PATH=${CMAKE_PREFIX_PATH}:/opt/ros/jazzy DEBUGINFOD_URLS=https://debuginfod.ubuntu.com /usr/bin/cmake /home/serviom/cpp-miltech/homework_13/robot_ws/src/antidrone_turret -DCMAKE_INSTALL_PREFIX=/home/serviom/cpp-miltech/homework_13/robot_ws/install/antidrone_turret
[5.075s] Invoking command in '/home/serviom/cpp-miltech/homework_13/robot_ws/build/antidrone_turret': CMAKE_PREFIX_PATH=${CMAKE_PREFIX_PATH}:/opt/ros/jazzy DEBUGINFOD_URLS=https://debuginfod.ubuntu.com /usr/bin/cmake --build /home/serviom/cpp-miltech/homework_13/robot_ws/build/antidrone_turret -- -j2 -l2
[5.173s] [  1%] [34m[1mGenerating Rust code for ROS interfaces[0m
[5.183s] [  2%] [34m[1mGenerating type hashes for ROS interfaces[0m
[5.712s] [  2%] Built target antidrone_turret__rosidl_generator_type_description
[5.779s] [  2%] Built target ament_cmake_python_copy_antidrone_turret
[5.815s] [  2%] Built target antidrone_turret__rs
[5.819s] [  3%] [32mBuilding CXX object gtest/CMakeFiles/gtest_main.dir/src/gtest_main.cc.o[0m
[5.849s] [  4%] [32mBuilding CXX object gtest/CMakeFiles/gtest.dir/src/gtest-all.cc.o[0m
[7.812s] [  5%] [32m[1mLinking CXX static library libgtest_main.a[0m
[7.959s] [  5%] Built target gtest_main
[8.006s] [  6%] [34m[1mGenerating C code for ROS interfaces[0m
[9.679s] [  7%] [32mBuilding C object CMakeFiles/antidrone_turret__rosidl_generator_c.dir/rosidl_generator_c/antidrone_turret/msg/detail/target__description.c.o[0m
[9.750s] [  8%] [32mBuilding C object CMakeFiles/antidrone_turret__rosidl_generator_c.dir/rosidl_generator_c/antidrone_turret/msg/detail/target__functions.c.o[0m
[9.830s] [  9%] [32mBuilding C object CMakeFiles/antidrone_turret__rosidl_generator_c.dir/rosidl_generator_c/antidrone_turret/msg/detail/target__type_support.c.o[0m
[9.881s] [ 10%] [32mBuilding C object CMakeFiles/antidrone_turret__rosidl_generator_c.dir/rosidl_generator_c/antidrone_turret/msg/detail/actuator_status__description.c.o[0m
[9.973s] [ 11%] [32mBuilding C object CMakeFiles/antidrone_turret__rosidl_generator_c.dir/rosidl_generator_c/antidrone_turret/msg/detail/actuator_status__functions.c.o[0m
[10.111s] [ 12%] [32mBuilding C object CMakeFiles/antidrone_turret__rosidl_generator_c.dir/rosidl_generator_c/antidrone_turret/msg/detail/actuator_status__type_support.c.o[0m
[10.178s] [ 13%] [32mBuilding C object CMakeFiles/antidrone_turret__rosidl_generator_c.dir/rosidl_generator_c/antidrone_turret/msg/detail/gimbal_command__description.c.o[0m
[10.246s] [ 14%] [32mBuilding C object CMakeFiles/antidrone_turret__rosidl_generator_c.dir/rosidl_generator_c/antidrone_turret/msg/detail/gimbal_command__functions.c.o[0m
[10.350s] [ 15%] [32mBuilding C object CMakeFiles/antidrone_turret__rosidl_generator_c.dir/rosidl_generator_c/antidrone_turret/msg/detail/gimbal_command__type_support.c.o[0m
[10.412s] [ 16%] [32mBuilding C object CMakeFiles/antidrone_turret__rosidl_generator_c.dir/rosidl_generator_c/antidrone_turret/msg/detail/servo_command__description.c.o[0m
[10.473s] [ 17%] [32mBuilding C object CMakeFiles/antidrone_turret__rosidl_generator_c.dir/rosidl_generator_c/antidrone_turret/msg/detail/servo_command__functions.c.o[0m
[10.553s] [ 18%] [32mBuilding C object CMakeFiles/antidrone_turret__rosidl_generator_c.dir/rosidl_generator_c/antidrone_turret/msg/detail/servo_command__type_support.c.o[0m
[10.610s] [ 19%] [32mBuilding C object CMakeFiles/antidrone_turret__rosidl_generator_c.dir/rosidl_generator_c/antidrone_turret/msg/detail/turret_status__description.c.o[0m
[10.673s] [ 20%] [32mBuilding C object CMakeFiles/antidrone_turret__rosidl_generator_c.dir/rosidl_generator_c/antidrone_turret/msg/detail/turret_status__functions.c.o[0m
[10.773s] [ 21%] [32mBuilding C object CMakeFiles/antidrone_turret__rosidl_generator_c.dir/rosidl_generator_c/antidrone_turret/msg/detail/turret_status__type_support.c.o[0m
[10.853s] [ 22%] [32mBuilding C object CMakeFiles/antidrone_turret__rosidl_generator_c.dir/rosidl_generator_c/antidrone_turret/srv/detail/trigger_actuator__description.c.o[0m
[10.966s] [ 23%] [32mBuilding C object CMakeFiles/antidrone_turret__rosidl_generator_c.dir/rosidl_generator_c/antidrone_turret/srv/detail/trigger_actuator__functions.c.o[0m
[11.240s] [ 24%] [32mBuilding C object CMakeFiles/antidrone_turret__rosidl_generator_c.dir/rosidl_generator_c/antidrone_turret/srv/detail/trigger_actuator__type_support.c.o[0m
[11.343s] [ 25%] [32m[1mLinking C shared library libantidrone_turret__rosidl_generator_c.so[0m
[11.436s] [ 25%] Built target antidrone_turret__rosidl_generator_c
[11.480s] [ 26%] [34m[1mGenerating C++ code for ROS interfaces[0m
[12.764s] [ 26%] Built target antidrone_turret__cpp
[13.103s] running egg_info
[13.105s] creating antidrone_turret.egg-info
[13.136s] writing antidrone_turret.egg-info/PKG-INFO
[13.137s] writing dependency_links to antidrone_turret.egg-info/dependency_links.txt
[13.138s] writing top-level names to antidrone_turret.egg-info/top_level.txt
[13.140s] writing manifest file 'antidrone_turret.egg-info/SOURCES.txt'
[13.213s] reading manifest file 'antidrone_turret.egg-info/SOURCES.txt'
[13.214s] writing manifest file 'antidrone_turret.egg-info/SOURCES.txt'
[13.260s] [ 26%] Built target ament_cmake_python_build_antidrone_turret_egg
[13.280s] [ 27%] [34m[1mGenerating C type support for eProsima Fast-RTPS[0m
[14.482s] [ 28%] [32m[1mLinking CXX static library libgtest.a[0m
[14.486s] [ 29%] [32mBuilding CXX object CMakeFiles/antidrone_turret__rosidl_typesupport_fastrtps_c.dir/rosidl_typesupport_fastrtps_c/antidrone_turret/msg/detail/target__type_support_c.cpp.o[0m
[14.615s] [ 29%] Built target gtest
[14.631s] [ 30%] [34m[1mGenerating C introspection for ROS interfaces[0m
[15.222s] [ 31%] [32mBuilding CXX object CMakeFiles/antidrone_turret__rosidl_typesupport_fastrtps_c.dir/rosidl_typesupport_fastrtps_c/antidrone_turret/msg/detail/actuator_status__type_support_c.cpp.o[0m
[15.477s] [ 32%] [32mBuilding C object CMakeFiles/antidrone_turret__rosidl_typesupport_introspection_c.dir/rosidl_typesupport_introspection_c/antidrone_turret/msg/detail/target__type_support.c.o[0m
[15.538s] [ 33%] [32mBuilding C object CMakeFiles/antidrone_turret__rosidl_typesupport_introspection_c.dir/rosidl_typesupport_introspection_c/antidrone_turret/msg/detail/actuator_status__type_support.c.o[0m
[15.622s] [ 34%] [32mBuilding C object CMakeFiles/antidrone_turret__rosidl_typesupport_introspection_c.dir/rosidl_typesupport_introspection_c/antidrone_turret/msg/detail/gimbal_command__type_support.c.o[0m
[15.729s] [ 35%] [32mBuilding C object CMakeFiles/antidrone_turret__rosidl_typesupport_introspection_c.dir/rosidl_typesupport_introspection_c/antidrone_turret/msg/detail/servo_command__type_support.c.o[0m
[15.795s] [ 36%] [32mBuilding C object CMakeFiles/antidrone_turret__rosidl_typesupport_introspection_c.dir/rosidl_typesupport_introspection_c/antidrone_turret/msg/detail/turret_status__type_support.c.o[0m
[15.862s] [ 37%] [32mBuilding C object CMakeFiles/antidrone_turret__rosidl_typesupport_introspection_c.dir/rosidl_typesupport_introspection_c/antidrone_turret/srv/detail/trigger_actuator__type_support.c.o[0m
[15.936s] [ 38%] [32m[1mLinking C shared library libantidrone_turret__rosidl_typesupport_introspection_c.so[0m
[15.945s] [ 39%] [32mBuilding CXX object CMakeFiles/antidrone_turret__rosidl_typesupport_fastrtps_c.dir/rosidl_typesupport_fastrtps_c/antidrone_turret/msg/detail/gimbal_command__type_support_c.cpp.o[0m
[15.991s] [ 39%] Built target antidrone_turret__rosidl_typesupport_introspection_c
[16.013s] [ 40%] [32mBuilding CXX object CMakeFiles/antidrone_turret__rosidl_typesupport_fastrtps_c.dir/rosidl_typesupport_fastrtps_c/antidrone_turret/msg/detail/servo_command__type_support_c.cpp.o[0m
[16.623s] [ 41%] [34m[1mGenerating C type support dispatch for ROS interfaces[0m
[16.720s] [ 42%] [32mBuilding CXX object CMakeFiles/antidrone_turret__rosidl_typesupport_fastrtps_c.dir/rosidl_typesupport_fastrtps_c/antidrone_turret/msg/detail/turret_status__type_support_c.cpp.o[0m
[17.264s] [ 43%] [32mBuilding CXX object CMakeFiles/antidrone_turret__rosidl_typesupport_c.dir/rosidl_typesupport_c/antidrone_turret/msg/target__type_support.cpp.o[0m
[17.335s] [ 44%] [32mBuilding CXX object CMakeFiles/antidrone_turret__rosidl_typesupport_c.dir/rosidl_typesupport_c/antidrone_turret/msg/actuator_status__type_support.cpp.o[0m
[17.412s] [ 45%] [32mBuilding CXX object CMakeFiles/antidrone_turret__rosidl_typesupport_c.dir/rosidl_typesupport_c/antidrone_turret/msg/gimbal_command__type_support.cpp.o[0m
[17.414s] [ 46%] [32mBuilding CXX object CMakeFiles/antidrone_turret__rosidl_typesupport_fastrtps_c.dir/rosidl_typesupport_fastrtps_c/antidrone_turret/srv/detail/trigger_actuator__type_support_c.cpp.o[0m
[17.484s] [ 47%] [32mBuilding CXX object CMakeFiles/antidrone_turret__rosidl_typesupport_c.dir/rosidl_typesupport_c/antidrone_turret/msg/servo_command__type_support.cpp.o[0m
[17.546s] [ 48%] [32mBuilding CXX object CMakeFiles/antidrone_turret__rosidl_typesupport_c.dir/rosidl_typesupport_c/antidrone_turret/msg/turret_status__type_support.cpp.o[0m
[17.612s] [ 49%] [32mBuilding CXX object CMakeFiles/antidrone_turret__rosidl_typesupport_c.dir/rosidl_typesupport_c/antidrone_turret/srv/trigger_actuator__type_support.cpp.o[0m
[17.709s] [ 50%] [32m[1mLinking CXX shared library libantidrone_turret__rosidl_typesupport_c.so[0m
[17.785s] [ 50%] Built target antidrone_turret__rosidl_typesupport_c
[17.802s] [ 51%] [34m[1mGenerating C++ type support for eProsima Fast-RTPS[0m
[18.314s] [ 52%] [32m[1mLinking CXX shared library libantidrone_turret__rosidl_typesupport_fastrtps_c.so[0m
[18.400s] [ 52%] Built target antidrone_turret__rosidl_typesupport_fastrtps_c
[18.415s] [ 53%] [34m[1mGenerating C++ introspection for ROS interfaces[0m
[18.816s] [ 54%] [32mBuilding CXX object CMakeFiles/antidrone_turret__rosidl_typesupport_fastrtps_cpp.dir/rosidl_typesupport_fastrtps_cpp/antidrone_turret/msg/detail/dds_fastrtps/target__type_support.cpp.o[0m
[19.182s] [ 55%] [32mBuilding CXX object CMakeFiles/antidrone_turret__rosidl_typesupport_introspection_cpp.dir/rosidl_typesupport_introspection_cpp/antidrone_turret/msg/detail/target__type_support.cpp.o[0m
[19.467s] [ 56%] [32mBuilding CXX object CMakeFiles/antidrone_turret__rosidl_typesupport_fastrtps_cpp.dir/rosidl_typesupport_fastrtps_cpp/antidrone_turret/msg/detail/dds_fastrtps/actuator_status__type_support.cpp.o[0m
[19.652s] [ 57%] [32mBuilding CXX object CMakeFiles/antidrone_turret__rosidl_typesupport_introspection_cpp.dir/rosidl_typesupport_introspection_cpp/antidrone_turret/msg/detail/actuator_status__type_support.cpp.o[0m
[20.165s] [ 58%] [32mBuilding CXX object CMakeFiles/antidrone_turret__rosidl_typesupport_fastrtps_cpp.dir/rosidl_typesupport_fastrtps_cpp/antidrone_turret/msg/detail/dds_fastrtps/gimbal_command__type_support.cpp.o[0m
[20.184s] [ 59%] [32mBuilding CXX object CMakeFiles/antidrone_turret__rosidl_typesupport_introspection_cpp.dir/rosidl_typesupport_introspection_cpp/antidrone_turret/msg/detail/gimbal_command__type_support.cpp.o[0m
[20.648s] [ 60%] [32mBuilding CXX object CMakeFiles/antidrone_turret__rosidl_typesupport_introspection_cpp.dir/rosidl_typesupport_introspection_cpp/antidrone_turret/msg/detail/servo_command__type_support.cpp.o[0m
[20.875s] [ 61%] [32mBuilding CXX object CMakeFiles/antidrone_turret__rosidl_typesupport_fastrtps_cpp.dir/rosidl_typesupport_fastrtps_cpp/antidrone_turret/msg/detail/dds_fastrtps/servo_command__type_support.cpp.o[0m
[21.119s] [ 62%] [32mBuilding CXX object CMakeFiles/antidrone_turret__rosidl_typesupport_introspection_cpp.dir/rosidl_typesupport_introspection_cpp/antidrone_turret/msg/detail/turret_status__type_support.cpp.o[0m
[21.577s] [ 63%] [32mBuilding CXX object CMakeFiles/antidrone_turret__rosidl_typesupport_fastrtps_cpp.dir/rosidl_typesupport_fastrtps_cpp/antidrone_turret/msg/detail/dds_fastrtps/turret_status__type_support.cpp.o[0m
[21.619s] [ 64%] [32mBuilding CXX object CMakeFiles/antidrone_turret__rosidl_typesupport_introspection_cpp.dir/rosidl_typesupport_introspection_cpp/antidrone_turret/srv/detail/trigger_actuator__type_support.cpp.o[0m
[22.341s] [ 65%] [32m[1mLinking CXX shared library libantidrone_turret__rosidl_typesupport_introspection_cpp.so[0m
[22.366s] [ 66%] [32mBuilding CXX object CMakeFiles/antidrone_turret__rosidl_typesupport_fastrtps_cpp.dir/rosidl_typesupport_fastrtps_cpp/antidrone_turret/srv/detail/dds_fastrtps/trigger_actuator__type_support.cpp.o[0m
[22.454s] [ 66%] Built target antidrone_turret__rosidl_typesupport_introspection_cpp
[22.471s] [ 67%] [34m[1mGenerating C++ type support dispatch for ROS interfaces[0m
[23.146s] [ 68%] [32mBuilding CXX object CMakeFiles/antidrone_turret__rosidl_typesupport_cpp.dir/rosidl_typesupport_cpp/antidrone_turret/msg/target__type_support.cpp.o[0m
[23.354s] [ 69%] [32m[1mLinking CXX shared library libantidrone_turret__rosidl_typesupport_fastrtps_cpp.so[0m
[23.475s] [ 69%] Built target antidrone_turret__rosidl_typesupport_fastrtps_cpp
[23.488s] [ 70%] [32mBuilding CXX object CMakeFiles/antidrone_turret__rosidl_typesupport_cpp.dir/rosidl_typesupport_cpp/antidrone_turret/msg/actuator_status__type_support.cpp.o[0m
[23.736s] [ 71%] [32mBuilding CXX object CMakeFiles/provided_logic_test.dir/test/provided_logic_test.cpp.o[0m
[24.188s] [ 72%] [32mBuilding CXX object CMakeFiles/antidrone_turret__rosidl_typesupport_cpp.dir/rosidl_typesupport_cpp/antidrone_turret/msg/gimbal_command__type_support.cpp.o[0m
[24.696s] [ 73%] [32mBuilding CXX object CMakeFiles/antidrone_turret__rosidl_typesupport_cpp.dir/rosidl_typesupport_cpp/antidrone_turret/msg/servo_command__type_support.cpp.o[0m
[25.197s] [ 74%] [32mBuilding CXX object CMakeFiles/antidrone_turret__rosidl_typesupport_cpp.dir/rosidl_typesupport_cpp/antidrone_turret/msg/turret_status__type_support.cpp.o[0m
[25.660s] [ 75%] [32mBuilding CXX object CMakeFiles/antidrone_turret__rosidl_typesupport_cpp.dir/rosidl_typesupport_cpp/antidrone_turret/srv/trigger_actuator__type_support.cpp.o[0m
[26.294s] [ 76%] [32m[1mLinking CXX shared library libantidrone_turret__rosidl_typesupport_cpp.so[0m
[26.414s] [ 76%] Built target antidrone_turret__rosidl_typesupport_cpp
[26.451s] [ 76%] Built target antidrone_turret
[26.512s] [ 77%] [32mBuilding CXX object CMakeFiles/target_track_publisher_node.dir/src/target_track_publisher_node.cpp.o[0m
[26.720s] [ 78%] [32m[1mLinking CXX executable provided_logic_test[0m
[26.957s] [ 78%] Built target provided_logic_test
[26.991s] [ 78%] [32mBuilding CXX object CMakeFiles/actuator_node.dir/src/actuator_node.cpp.o[0m
[37.222s] [ 79%] [32m[1mLinking CXX executable actuator_node[0m
[37.608s] [ 79%] Built target actuator_node
[37.639s] [ 80%] [32mBuilding CXX object CMakeFiles/turret_controller_node.dir/src/turret_controller_node.cpp.o[0m
[42.543s] [ 81%] [32m[1mLinking CXX executable target_track_publisher_node[0m
[42.786s] [01m[K/home/serviom/cpp-miltech/homework_13/robot_ws/src/antidrone_turret/src/turret_controller_node.cpp:118:44:[m[K [01;31m[Kerror: [m[K‘[01m[KTurretStatus[m[K’ is not a member of ‘[01m[Kantidrone_turret::msg[m[K’; did you mean ‘[01m[Kturret_logic::TurretStatus[m[K’?
[42.786s]   118 |   rclcpp::Publisher<antidrone_turret::msg::[01;31m[KTurretStatus[m[K>::SharedPtr turret_status_pub_;
[42.786s]       |                                            [01;31m[K^~~~~~~~~~~~[m[K
[42.786s] In file included from [01m[K/home/serviom/cpp-miltech/homework_13/robot_ws/src/antidrone_turret/src/turret_controller_node.cpp:2[m[K:
[42.786s] [01m[K/home/serviom/cpp-miltech/homework_13/robot_ws/src/antidrone_turret/include/antidrone_turret/turret_logic.hpp:70:8:[m[K [01;36m[Knote: [m[K‘[01m[Kturret_logic::TurretStatus[m[K’ declared here
[42.786s]    70 | struct [01;36m[KTurretStatus[m[K {
[42.786s]       |        [01;36m[K^~~~~~~~~~~~[m[K
[42.787s] [01m[K/home/serviom/cpp-miltech/homework_13/robot_ws/src/antidrone_turret/src/turret_controller_node.cpp:118:56:[m[K [01;31m[Kerror: [m[Ktemplate argument 1 is invalid
[42.787s]   118 |   rclcpp::Publisher<antidrone_turret::msg::TurretStatus[01;31m[K>[m[K::SharedPtr turret_status_pub_;
[42.787s]       |                                                        [01;31m[K^[m[K
[42.787s] [01m[K/home/serviom/cpp-miltech/homework_13/robot_ws/src/antidrone_turret/src/turret_controller_node.cpp:118:59:[m[K [01;31m[Kerror: [m[Kexpected ‘[01m[K;[m[K’ at end of member declaration
[42.787s]   118 |   rclcpp::Publisher<antidrone_turret::msg::TurretStatus>::[01;31m[KSharedPtr[m[K turret_status_pub_;
[42.787s]       |                                                           [01;31m[K^~~~~~~~~[m[K
[42.788s]       |                                                                    [32m[K;[m[K
[42.794s] [01m[K/home/serviom/cpp-miltech/homework_13/robot_ws/src/antidrone_turret/src/turret_controller_node.cpp:118:69:[m[K [01;31m[Kerror: [m[K‘[01m[Kturret_status_pub_[m[K’ does not name a type
[42.794s]   118 |   rclcpp::Publisher<antidrone_turret::msg::TurretStatus>::SharedPtr [01;31m[Kturret_status_pub_[m[K;
[42.794s]       |                                                                     [01;31m[K^~~~~~~~~~~~~~~~~~[m[K
[42.927s] [01m[K/home/serviom/cpp-miltech/homework_13/robot_ws/src/antidrone_turret/src/turret_controller_node.cpp:[m[K In constructor ‘[01m[KTurretControllerNode::[01;32m[KTurretControllerNode[m[K()[m[K’:
[42.927s] [01m[K/home/serviom/cpp-miltech/homework_13/robot_ws/src/antidrone_turret/src/turret_controller_node.cpp:32:5:[m[K [01;31m[Kerror: [m[K‘[01m[Kturret_status_pub_[m[K’ was not declared in this scope
[42.927s]    32 |     [01;31m[Kturret_status_pub_[m[K = this->create_publisher<antidrone_turret::msg::TurretStatus>("/turret/status", 10);
[42.927s]       |     [01;31m[K^~~~~~~~~~~~~~~~~~[m[K
[42.929s] [01m[K/home/serviom/cpp-miltech/homework_13/robot_ws/src/antidrone_turret/src/turret_controller_node.cpp:32:72:[m[K [01;31m[Kerror: [m[K‘[01m[KTurretStatus[m[K’ is not a member of ‘[01m[Kantidrone_turret::msg[m[K’; did you mean ‘[01m[Kturret_logic::TurretStatus[m[K’?
[42.930s]    32 |     turret_status_pub_ = this->create_publisher<antidrone_turret::msg::[01;31m[KTurretStatus[m[K>("/turret/status", 10);
[42.930s]       |                                                                        [01;31m[K^~~~~~~~~~~~[m[K
[42.930s] [01m[K/home/serviom/cpp-miltech/homework_13/robot_ws/src/antidrone_turret/include/antidrone_turret/turret_logic.hpp:70:8:[m[K [01;36m[Knote: [m[K‘[01m[Kturret_logic::TurretStatus[m[K’ declared here
[42.930s]    70 | struct [01;36m[KTurretStatus[m[K {
[42.930s]       |        [01;36m[K^~~~~~~~~~~~[m[K
[42.930s] [01m[K/home/serviom/cpp-miltech/homework_13/robot_ws/src/antidrone_turret/src/turret_controller_node.cpp:32:85:[m[K [01;31m[Kerror: [m[Kno matching function for call to ‘[01m[KTurretControllerNode::create_publisher<<expression error> >(const char [15], int)[m[K’
[42.931s]    32 |     turret_status_pub_ = [01;31m[Kthis->create_publisher<antidrone_turret::msg::TurretStatus>("/turret/status", 10)[m[K;
[42.931s]       |                          [01;31m[K~~~~~~~~~~~~~~~~~~~~~~~~~~~~~~~~~~~~~~~~~~~~~~~~~~~~~~~~~~~^~~~~~~~~~~~~~~~~~~~~~[m[K
[42.931s] In file included from [01m[K/opt/ros/jazzy/include/rclcpp/rclcpp/node.hpp:1663[m[K,
[42.931s]                  from [01m[K/opt/ros/jazzy/include/rclcpp/rclcpp/executors/single_threaded_executor.hpp:28[m[K,
[42.931s]                  from [01m[K/opt/ros/jazzy/include/rclcpp/rclcpp/executors.hpp:22[m[K,
[42.931s]                  from [01m[K/opt/ros/jazzy/include/rclcpp/rclcpp/rclcpp.hpp:176[m[K,
[42.931s]                  from [01m[K/home/serviom/cpp-miltech/homework_13/robot_ws/src/antidrone_turret/src/turret_controller_node.cpp:1[m[K:
[42.931s] [01m[K/opt/ros/jazzy/include/rclcpp/rclcpp/node_impl.hpp:73:1:[m[K [01;36m[Knote: [m[Kcandidate: ‘[01m[Ktemplate<class MessageT, class AllocatorT, class PublisherT> std::shared_ptr<PublisherT> rclcpp::Node::[01;32m[Kcreate_publisher[m[K(const std::string&, const rclcpp::QoS&, const rclcpp::PublisherOptionsWithAllocator<AllocatorT>&)[m[K’
[42.931s]    73 | [01;36m[KNode[m[K::create_publisher(
[42.935s]       | [01;36m[K^~~~[m[K
[42.936s] [01m[K/opt/ros/jazzy/include/rclcpp/rclcpp/node_impl.hpp:73:1:[m[K [01;36m[Knote: [m[K  template argument deduction/substitution failed:
[42.936s] [01m[K/home/serviom/cpp-miltech/homework_13/robot_ws/src/antidrone_turret/src/turret_controller_node.cpp:32:85:[m[K [01;31m[Kerror: [m[Ktemplate argument 1 is invalid
[42.936s]    32 |     turret_status_pub_ = [01;31m[Kthis->create_publisher<antidrone_turret::msg::TurretStatus>("/turret/status", 10)[m[K;
[42.936s]       |                          [01;31m[K~~~~~~~~~~~~~~~~~~~~~~~~~~~~~~~~~~~~~~~~~~~~~~~~~~~~~~~~~~~^~~~~~~~~~~~~~~~~~~~~~[m[K
[42.944s] [01m[K/home/serviom/cpp-miltech/homework_13/robot_ws/src/antidrone_turret/src/turret_controller_node.cpp:[m[K In member function ‘[01m[Kvoid TurretControllerNode::[01;32m[Kstatus_callback[m[K(antidrone_turret::msg::ActuatorStatus_<std::allocator<void> >::SharedPtr)[m[K’:
[42.945s] [01m[K/home/serviom/cpp-miltech/homework_13/robot_ws/src/antidrone_turret/src/turret_controller_node.cpp:41:5:[m[K [01;31m[Kerror: [m[K‘[01m[Kcurrent_actuator_status_[m[K’ was not declared in this scope; did you mean ‘[01m[Kcurrent_actuator_state_[m[K’?
[42.945s]    41 |     [01;31m[Kcurrent_actuator_status_[m[K = static_cast<ActuatorStatus>(msg->state);
[42.945s]       |     [01;31m[K^~~~~~~~~~~~~~~~~~~~~~~~[m[K
[42.945s]       |     [32m[Kcurrent_actuator_state_[m[K
[42.951s] [01m[K/home/serviom/cpp-miltech/homework_13/robot_ws/src/antidrone_turret/src/turret_controller_node.cpp:41:44:[m[K [01;31m[Kerror: [m[K‘[01m[KActuatorStatus[m[K’ does not name a type
[42.951s]    41 |     current_actuator_status_ = static_cast<[01;31m[KActuatorStatus[m[K>(msg->state);
[42.951s]       |                                            [01;31m[K^~~~~~~~~~~~~~[m[K
[42.951s] [01m[K/home/serviom/cpp-miltech/homework_13/robot_ws/src/antidrone_turret/src/turret_controller_node.cpp:[m[K In member function ‘[01m[Kvoid TurretControllerNode::[01;32m[Kprocess[m[K(antidrone_turret::msg::Target_<std::allocator<void> >::SharedPtr)[m[K’:
[42.951s] [01m[K/home/serviom/cpp-miltech/homework_13/robot_ws/src/antidrone_turret/src/turret_controller_node.cpp:58:28:[m[K [01;31m[Kerror: [m[K‘[01m[KTurretStatus[m[K’ is not a member of ‘[01m[Kantidrone_turret::msg[m[K’; did you mean ‘[01m[Kturret_logic::TurretStatus[m[K’?
[42.951s]    58 |     antidrone_turret::msg::[01;31m[KTurretStatus[m[K status_msg;
[42.951s]       |                            [01;31m[K^~~~~~~~~~~~[m[K
[42.954s] [01m[K/home/serviom/cpp-miltech/homework_13/robot_ws/src/antidrone_turret/include/antidrone_turret/turret_logic.hpp:70:8:[m[K [01;36m[Knote: [m[K‘[01m[Kturret_logic::TurretStatus[m[K’ declared here
[42.954s]    70 | struct [01;36m[KTurretStatus[m[K {
[42.954s]       |        [01;36m[K^~~~~~~~~~~~[m[K
[42.965s] [01m[K/home/serviom/cpp-miltech/homework_13/robot_ws/src/antidrone_turret/src/turret_controller_node.cpp:59:5:[m[K [01;31m[Kerror: [m[K‘[01m[Kstatus_msg[m[K’ was not declared in this scope
[42.965s]    59 |     [01;31m[Kstatus_msg[m[K.target_state = out.status.target_state;
[42.966s]       |     [01;31m[K^~~~~~~~~~[m[K
[42.999s] [01m[K/home/serviom/cpp-miltech/homework_13/robot_ws/src/antidrone_turret/src/turret_controller_node.cpp:64:5:[m[K [01;31m[Kerror: [m[K‘[01m[Kturret_status_pub_[m[K’ was not declared in this scope
[42.999s]    64 |     [01;31m[Kturret_status_pub_[m[K->publish(status_msg);
[42.999s]       |     [01;31m[K^~~~~~~~~~~~~~~~~~[m[K
[43.080s] [ 81%] Built target target_track_publisher_node
[43.123s] [ 82%] [32mBuilding CXX object CMakeFiles/gimbal_driver_node.dir/src/gimbal_driver_node.cpp.o[0m
[51.221s] gmake[2]: *** [CMakeFiles/turret_controller_node.dir/build.make:76: CMakeFiles/turret_controller_node.dir/src/turret_controller_node.cpp.o] Error 1
[51.224s] gmake[1]: *** [CMakeFiles/Makefile2:729: CMakeFiles/turret_controller_node.dir/all] Error 2
[51.224s] gmake[1]: *** Waiting for unfinished jobs....
[58.340s] [ 83%] [32m[1mLinking CXX executable gimbal_driver_node[0m
[58.757s] [ 83%] Built target gimbal_driver_node
[58.760s] gmake: *** [Makefile:146: all] Error 2
[58.763s] Invoked command in '/home/serviom/cpp-miltech/homework_13/robot_ws/build/antidrone_turret' returned '2': CMAKE_PREFIX_PATH=${CMAKE_PREFIX_PATH}:/opt/ros/jazzy DEBUGINFOD_URLS=https://debuginfod.ubuntu.com /usr/bin/cmake --build /home/serviom/cpp-miltech/homework_13/robot_ws/build/antidrone_turret -- -j2 -l2
