[0.192s] DEBUG:colcon:Command line arguments: ['/usr/bin/colcon', 'build']
[0.192s] DEBUG:colcon:Parsed command line arguments: Namespace(log_base=None, log_level=None, verb_name='build', build_base='build', install_base='install', merge_install=False, symlink_install=False, test_result_base=None, continue_on_error=False, executor='parallel', parallel_workers=2, event_handlers=None, ignore_user_meta=False, metas=['./colcon.meta'], base_paths=['.'], packages_ignore=None, packages_ignore_regex=None, paths=None, packages_up_to=None, packages_up_to_regex=None, packages_above=None, packages_above_and_dependencies=None, packages_above_depth=None, packages_select_by_dep=None, packages_skip_by_dep=None, packages_skip_up_to=None, packages_select_build_failed=False, packages_skip_build_finished=False, packages_select_test_failures=False, packages_skip_test_passed=False, packages_select=None, packages_skip=None, packages_select_regex=None, packages_skip_regex=None, packages_start=None, packages_end=None, cmake_args=None, cmake_target=None, cmake_target_skip_unavailable=False, cmake_clean_cache=False, cmake_clean_first=False, cmake_force_configure=False, ament_cmake_args=None, catkin_cmake_args=None, catkin_skip_building_tests=False, mixin_files=None, mixin=None, verb_parser=<colcon_mixin.mixin.mixin_argument.MixinArgumentDecorator object at 0x77a445d78b30>, verb_extension=<colcon_core.verb.build.BuildVerb object at 0x77a445ec93d0>, main=<bound method BuildVerb.main of <colcon_core.verb.build.BuildVerb object at 0x77a445ec93d0>>, mixin_verb=('build',))
[0.284s] Level 1:colcon.colcon_core.package_discovery:discover_packages(colcon_meta) check parameters
[0.284s] Level 1:colcon.colcon_core.package_discovery:discover_packages(recursive) check parameters
[0.284s] Level 1:colcon.colcon_core.package_discovery:discover_packages(ignore) check parameters
[0.284s] Level 1:colcon.colcon_core.package_discovery:discover_packages(path) check parameters
[0.284s] Level 1:colcon.colcon_core.package_discovery:discover_packages(colcon_meta) discover
[0.284s] Level 1:colcon.colcon_core.package_discovery:discover_packages(recursive) discover
[0.284s] INFO:colcon.colcon_core.package_discovery:Crawling recursively for packages in '/home/serviom/cpp-miltech/homework_13/robot_ws'
[0.285s] Level 1:colcon.colcon_core.package_identification:_identify(.) by extensions ['ignore', 'ignore_ament_install']
[0.285s] Level 1:colcon.colcon_core.package_identification:_identify(.) by extension 'ignore'
[0.285s] Level 1:colcon.colcon_core.package_identification:_identify(.) by extension 'ignore_ament_install'
[0.285s] Level 1:colcon.colcon_core.package_identification:_identify(.) by extensions ['colcon_pkg']
[0.285s] Level 1:colcon.colcon_core.package_identification:_identify(.) by extension 'colcon_pkg'
[0.285s] Level 1:colcon.colcon_core.package_identification:_identify(.) by extensions ['colcon_meta']
[0.285s] Level 1:colcon.colcon_core.package_identification:_identify(.) by extension 'colcon_meta'
[0.285s] Level 1:colcon.colcon_core.package_identification:_identify(.) by extensions ['ros']
[0.285s] Level 1:colcon.colcon_core.package_identification:_identify(.) by extension 'ros'
[0.314s] Level 1:colcon.colcon_core.package_identification:_identify(.) by extensions ['cmake', 'python']
[0.314s] Level 1:colcon.colcon_core.package_identification:_identify(.) by extension 'cmake'
[0.314s] Level 1:colcon.colcon_core.package_identification:_identify(.) by extension 'python'
[0.315s] Level 1:colcon.colcon_core.package_identification:_identify(.) by extensions ['python_setup_py']
[0.315s] Level 1:colcon.colcon_core.package_identification:_identify(.) by extension 'python_setup_py'
[0.315s] Level 1:colcon.colcon_core.package_identification:_identify(build) by extensions ['ignore', 'ignore_ament_install']
[0.315s] Level 1:colcon.colcon_core.package_identification:_identify(build) by extension 'ignore'
[0.315s] Level 1:colcon.colcon_core.package_identification:_identify(build) ignored
[0.315s] Level 1:colcon.colcon_core.package_identification:_identify(install) by extensions ['ignore', 'ignore_ament_install']
[0.315s] Level 1:colcon.colcon_core.package_identification:_identify(install) by extension 'ignore'
[0.315s] Level 1:colcon.colcon_core.package_identification:_identify(install) ignored
[0.315s] Level 1:colcon.colcon_core.package_identification:_identify(log) by extensions ['ignore', 'ignore_ament_install']
[0.316s] Level 1:colcon.colcon_core.package_identification:_identify(log) by extension 'ignore'
[0.316s] Level 1:colcon.colcon_core.package_identification:_identify(log) ignored
[0.316s] Level 1:colcon.colcon_core.package_identification:_identify(src) by extensions ['ignore', 'ignore_ament_install']
[0.316s] Level 1:colcon.colcon_core.package_identification:_identify(src) by extension 'ignore'
[0.316s] Level 1:colcon.colcon_core.package_identification:_identify(src) by extension 'ignore_ament_install'
[0.316s] Level 1:colcon.colcon_core.package_identification:_identify(src) by extensions ['colcon_pkg']
[0.316s] Level 1:colcon.colcon_core.package_identification:_identify(src) by extension 'colcon_pkg'
[0.316s] Level 1:colcon.colcon_core.package_identification:_identify(src) by extensions ['colcon_meta']
[0.316s] Level 1:colcon.colcon_core.package_identification:_identify(src) by extension 'colcon_meta'
[0.317s] Level 1:colcon.colcon_core.package_identification:_identify(src) by extensions ['ros']
[0.317s] Level 1:colcon.colcon_core.package_identification:_identify(src) by extension 'ros'
[0.317s] Level 1:colcon.colcon_core.package_identification:_identify(src) by extensions ['cmake', 'python']
[0.317s] Level 1:colcon.colcon_core.package_identification:_identify(src) by extension 'cmake'
[0.317s] Level 1:colcon.colcon_core.package_identification:_identify(src) by extension 'python'
[0.317s] Level 1:colcon.colcon_core.package_identification:_identify(src) by extensions ['python_setup_py']
[0.317s] Level 1:colcon.colcon_core.package_identification:_identify(src) by extension 'python_setup_py'
[0.317s] Level 1:colcon.colcon_core.package_identification:_identify(src/antidrone_turret) by extensions ['ignore', 'ignore_ament_install']
[0.317s] Level 1:colcon.colcon_core.package_identification:_identify(src/antidrone_turret) by extension 'ignore'
[0.317s] Level 1:colcon.colcon_core.package_identification:_identify(src/antidrone_turret) by extension 'ignore_ament_install'
[0.318s] Level 1:colcon.colcon_core.package_identification:_identify(src/antidrone_turret) by extensions ['colcon_pkg']
[0.318s] Level 1:colcon.colcon_core.package_identification:_identify(src/antidrone_turret) by extension 'colcon_pkg'
[0.318s] Level 1:colcon.colcon_core.package_identification:_identify(src/antidrone_turret) by extensions ['colcon_meta']
[0.318s] Level 1:colcon.colcon_core.package_identification:_identify(src/antidrone_turret) by extension 'colcon_meta'
[0.318s] Level 1:colcon.colcon_core.package_identification:_identify(src/antidrone_turret) by extensions ['ros']
[0.318s] Level 1:colcon.colcon_core.package_identification:_identify(src/antidrone_turret) by extension 'ros'
[0.321s] DEBUG:colcon.colcon_core.package_identification:Package 'src/antidrone_turret' with type 'ros.ament_cmake' and name 'antidrone_turret'
[0.322s] Level 1:colcon.colcon_core.package_identification:_identify(src/build) by extensions ['ignore', 'ignore_ament_install']
[0.322s] Level 1:colcon.colcon_core.package_identification:_identify(src/build) by extension 'ignore'
[0.322s] Level 1:colcon.colcon_core.package_identification:_identify(src/build) ignored
[0.322s] Level 1:colcon.colcon_core.package_identification:_identify(src/install) by extensions ['ignore', 'ignore_ament_install']
[0.322s] Level 1:colcon.colcon_core.package_identification:_identify(src/install) by extension 'ignore'
[0.322s] Level 1:colcon.colcon_core.package_identification:_identify(src/install) ignored
[0.322s] Level 1:colcon.colcon_core.package_identification:_identify(src/log) by extensions ['ignore', 'ignore_ament_install']
[0.322s] Level 1:colcon.colcon_core.package_identification:_identify(src/log) by extension 'ignore'
[0.323s] Level 1:colcon.colcon_core.package_identification:_identify(src/log) ignored
[0.323s] Level 1:colcon.colcon_core.package_discovery:discover_packages(recursive) using defaults
[0.323s] Level 1:colcon.colcon_core.package_discovery:discover_packages(ignore) discover
[0.323s] Level 1:colcon.colcon_core.package_discovery:discover_packages(ignore) using defaults
[0.323s] Level 1:colcon.colcon_core.package_discovery:discover_packages(path) discover
[0.323s] Level 1:colcon.colcon_core.package_discovery:discover_packages(path) using defaults
[0.343s] Level 5:colcon.colcon_core.verb:set package 'antidrone_turret' build argument 'cmake_args' from command line to 'None'
[0.343s] Level 5:colcon.colcon_core.verb:set package 'antidrone_turret' build argument 'cmake_target' from command line to 'None'
[0.343s] Level 5:colcon.colcon_core.verb:set package 'antidrone_turret' build argument 'cmake_target_skip_unavailable' from command line to 'False'
[0.343s] Level 5:colcon.colcon_core.verb:set package 'antidrone_turret' build argument 'cmake_clean_cache' from command line to 'False'
[0.343s] Level 5:colcon.colcon_core.verb:set package 'antidrone_turret' build argument 'cmake_clean_first' from command line to 'False'
[0.343s] Level 5:colcon.colcon_core.verb:set package 'antidrone_turret' build argument 'cmake_force_configure' from command line to 'False'
[0.343s] Level 5:colcon.colcon_core.verb:set package 'antidrone_turret' build argument 'ament_cmake_args' from command line to 'None'
[0.343s] Level 5:colcon.colcon_core.verb:set package 'antidrone_turret' build argument 'catkin_cmake_args' from command line to 'None'
[0.343s] Level 5:colcon.colcon_core.verb:set package 'antidrone_turret' build argument 'catkin_skip_building_tests' from command line to 'False'
[0.343s] DEBUG:colcon.colcon_core.verb:Building package 'antidrone_turret' with the following arguments: {'ament_cmake_args': None, 'build_base': '/home/serviom/cpp-miltech/homework_13/robot_ws/build/antidrone_turret', 'catkin_cmake_args': None, 'catkin_skip_building_tests': False, 'cmake_args': None, 'cmake_clean_cache': False, 'cmake_clean_first': False, 'cmake_force_configure': False, 'cmake_target': None, 'cmake_target_skip_unavailable': False, 'install_base': '/home/serviom/cpp-miltech/homework_13/robot_ws/install/antidrone_turret', 'merge_install': False, 'path': '/home/serviom/cpp-miltech/homework_13/robot_ws/src/antidrone_turret', 'symlink_install': False, 'test_result_base': None}
[0.343s] INFO:colcon.colcon_core.executor:Executing jobs using 'parallel' executor
[0.344s] DEBUG:colcon.colcon_parallel_executor.executor.parallel:run_until_complete
[0.345s] INFO:colcon.colcon_ros.task.ament_cmake.build:Building ROS package in '/home/serviom/cpp-miltech/homework_13/robot_ws/src/antidrone_turret' with build type 'ament_cmake'
[0.345s] INFO:colcon.colcon_cmake.task.cmake.build:Building CMake package in '/home/serviom/cpp-miltech/homework_13/robot_ws/src/antidrone_turret'
[0.348s] INFO:colcon.colcon_core.plugin_system:Skipping extension 'colcon_core.shell.bat': Not used on non-Windows systems
[0.348s] INFO:colcon.colcon_core.shell:Skip shell extension 'powershell' for command environment: Not usable outside of PowerShell
[0.348s] DEBUG:colcon.colcon_core.shell:Skip shell extension 'dsv' for command environment
[0.367s] DEBUG:colcon.colcon_core.event_handler.log_command:Invoking command in '/home/serviom/cpp-miltech/homework_13/robot_ws/build/antidrone_turret': CMAKE_PREFIX_PATH=${CMAKE_PREFIX_PATH}:/opt/ros/jazzy DEBUGINFOD_URLS=https://debuginfod.ubuntu.com /usr/bin/cmake /home/serviom/cpp-miltech/homework_13/robot_ws/src/antidrone_turret -DCMAKE_INSTALL_PREFIX=/home/serviom/cpp-miltech/homework_13/robot_ws/install/antidrone_turret
[5.421s] DEBUG:colcon.colcon_core.event_handler.log_command:Invoked command in '/home/serviom/cpp-miltech/homework_13/robot_ws/build/antidrone_turret' returned '0': CMAKE_PREFIX_PATH=${CMAKE_PREFIX_PATH}:/opt/ros/jazzy DEBUGINFOD_URLS=https://debuginfod.ubuntu.com /usr/bin/cmake /home/serviom/cpp-miltech/homework_13/robot_ws/src/antidrone_turret -DCMAKE_INSTALL_PREFIX=/home/serviom/cpp-miltech/homework_13/robot_ws/install/antidrone_turret
[5.422s] DEBUG:colcon.colcon_core.event_handler.log_command:Invoking command in '/home/serviom/cpp-miltech/homework_13/robot_ws/build/antidrone_turret': CMAKE_PREFIX_PATH=${CMAKE_PREFIX_PATH}:/opt/ros/jazzy DEBUGINFOD_URLS=https://debuginfod.ubuntu.com /usr/bin/cmake --build /home/serviom/cpp-miltech/homework_13/robot_ws/build/antidrone_turret -- -j2 -l2
[60.769s] DEBUG:colcon.colcon_core.event_handler.log_command:Invoked command in '/home/serviom/cpp-miltech/homework_13/robot_ws/build/antidrone_turret' returned '2': CMAKE_PREFIX_PATH=${CMAKE_PREFIX_PATH}:/opt/ros/jazzy DEBUGINFOD_URLS=https://debuginfod.ubuntu.com /usr/bin/cmake --build /home/serviom/cpp-miltech/homework_13/robot_ws/build/antidrone_turret -- -j2 -l2
[60.770s] Level 1:colcon.colcon_core.environment:create_environment_scripts_only(antidrone_turret)
[60.772s] Level 1:colcon.colcon_core.environment:checking '/home/serviom/cpp-miltech/homework_13/robot_ws/install/antidrone_turret' for CMake module files
[60.772s] Level 1:colcon.colcon_core.environment:checking '/home/serviom/cpp-miltech/homework_13/robot_ws/install/antidrone_turret' for CMake config files
[60.773s] Level 1:colcon.colcon_core.environment:checking '/home/serviom/cpp-miltech/homework_13/robot_ws/install/antidrone_turret/bin'
[60.773s] Level 1:colcon.colcon_core.environment:checking '/home/serviom/cpp-miltech/homework_13/robot_ws/install/antidrone_turret/lib/pkgconfig/antidrone_turret.pc'
[60.775s] Level 1:colcon.colcon_core.environment:checking '/home/serviom/cpp-miltech/homework_13/robot_ws/install/antidrone_turret/lib/python3.12/site-packages'
[60.775s] Level 1:colcon.colcon_core.environment:checking '/home/serviom/cpp-miltech/homework_13/robot_ws/install/antidrone_turret/bin'
[60.776s] INFO:colcon.colcon_core.shell:Creating package script '/home/serviom/cpp-miltech/homework_13/robot_ws/install/antidrone_turret/share/antidrone_turret/package.ps1'
[60.778s] INFO:colcon.colcon_core.shell:Creating package descriptor '/home/serviom/cpp-miltech/homework_13/robot_ws/install/antidrone_turret/share/antidrone_turret/package.dsv'
[60.778s] INFO:colcon.colcon_core.shell:Creating package script '/home/serviom/cpp-miltech/homework_13/robot_ws/install/antidrone_turret/share/antidrone_turret/package.sh'
[60.779s] INFO:colcon.colcon_core.shell:Creating package script '/home/serviom/cpp-miltech/homework_13/robot_ws/install/antidrone_turret/share/antidrone_turret/package.bash'
[60.780s] INFO:colcon.colcon_core.shell:Creating package script '/home/serviom/cpp-miltech/homework_13/robot_ws/install/antidrone_turret/share/antidrone_turret/package.zsh'
[60.781s] Level 1:colcon.colcon_core.environment:create_file_with_runtime_dependencies(/home/serviom/cpp-miltech/homework_13/robot_ws/install/antidrone_turret/share/colcon-core/packages/antidrone_turret)
[60.793s] DEBUG:colcon.colcon_parallel_executor.executor.parallel:closing loop
[60.793s] DEBUG:colcon.colcon_parallel_executor.executor.parallel:loop closed
[60.793s] DEBUG:colcon.colcon_parallel_executor.executor.parallel:run_until_complete finished with '2'
[60.793s] DEBUG:colcon.colcon_core.event_reactor:joining thread
[60.802s] INFO:colcon.colcon_core.plugin_system:Skipping extension 'colcon_notification.desktop_notification.notify_send': Could not find 'notify-send'
[60.802s] INFO:colcon.colcon_core.plugin_system:Skipping extension 'colcon_notification.desktop_notification.terminal_notifier': Not used on non-Darwin systems
[60.802s] INFO:colcon.colcon_core.plugin_system:Skipping extension 'colcon_notification.desktop_notification.win32': Not used on non-Windows systems
[60.802s] INFO:colcon.colcon_notification.desktop_notification:Sending desktop notification using 'notify2'
[60.806s] DEBUG:colcon.colcon_notification.desktop_notification.notify2:Failed to initialize notify2: org.freedesktop.DBus.Error.Spawn.ExecFailed: /usr/bin/dbus-launch terminated abnormally without any error message
[60.807s] DEBUG:colcon.colcon_core.event_reactor:joined thread
[60.807s] INFO:colcon.colcon_core.shell:Creating prefix script '/home/serviom/cpp-miltech/homework_13/robot_ws/install/local_setup.ps1'
[60.809s] INFO:colcon.colcon_core.shell:Creating prefix util module '/home/serviom/cpp-miltech/homework_13/robot_ws/install/_local_setup_util_ps1.py'
[60.810s] INFO:colcon.colcon_core.shell:Creating prefix chain script '/home/serviom/cpp-miltech/homework_13/robot_ws/install/setup.ps1'
[60.814s] INFO:colcon.colcon_core.shell:Creating prefix script '/home/serviom/cpp-miltech/homework_13/robot_ws/install/local_setup.sh'
[60.815s] INFO:colcon.colcon_core.shell:Creating prefix util module '/home/serviom/cpp-miltech/homework_13/robot_ws/install/_local_setup_util_sh.py'
[60.816s] INFO:colcon.colcon_core.shell:Creating prefix chain script '/home/serviom/cpp-miltech/homework_13/robot_ws/install/setup.sh'
[60.817s] INFO:colcon.colcon_core.shell:Creating prefix script '/home/serviom/cpp-miltech/homework_13/robot_ws/install/local_setup.bash'
[60.818s] INFO:colcon.colcon_core.shell:Creating prefix chain script '/home/serviom/cpp-miltech/homework_13/robot_ws/install/setup.bash'
[60.819s] INFO:colcon.colcon_core.shell:Creating prefix script '/home/serviom/cpp-miltech/homework_13/robot_ws/install/local_setup.zsh'
[60.819s] INFO:colcon.colcon_core.shell:Creating prefix chain script '/home/serviom/cpp-miltech/homework_13/robot_ws/install/setup.zsh'
