-- The C compiler identification is GNU 13.3.0
-- The CXX compiler identification is GNU 13.3.0
-- Detecting C compiler ABI info
-- Detecting C compiler ABI info - done
-- Check for working C compiler: /usr/bin/cc - skipped
-- Detecting C compile features
-- Detecting C compile features - done
-- Detecting CXX compiler ABI info
-- Detecting CXX compiler ABI info - done
-- Check for working CXX compiler: /usr/bin/c++ - skipped
-- Detecting CXX compile features
-- Detecting CXX compile features - done
-- Found ament_cmake_auto: 2.5.6 (/opt/ros/jazzy/share/ament_cmake_auto/cmake)
-- Found Python3: /usr/bin/python3 (found version "3.12.3") found components: Interpreter 
-- Using all available rosidl_typesupport_c: rosidl_typesupport_fastrtps_c;rosidl_typesupport_introspection_c
-- Using all available rosidl_typesupport_cpp: rosidl_typesupport_fastrtps_cpp;rosidl_typesupport_introspection_cpp
-- Found rosidl_adapter: 4.6.9 (/opt/ros/jazzy/share/rosidl_adapter/cmake)
-- Found rmw_implementation_cmake: 7.3.3 (/opt/ros/jazzy/share/rmw_implementation_cmake/cmake)
-- Found rmw_cyclonedds_cpp: 2.2.3 (/opt/ros/jazzy/share/rmw_cyclonedds_cpp/cmake)
-- Using RMW implementation 'rmw_cyclonedds_cpp' as default
-- Found TinyXML2 via Config file: /usr/lib/x86_64-linux-gnu/cmake/tinyxml2
-- Setting yaml-cpp_DIR to: '/opt/ros/jazzy/share/yaml_cpp_vendor/cmake/../../../opt/yaml_cpp_vendor/share/cmake/yaml-cpp'
-- Found ament_cmake_ros: 0.12.1 (/opt/ros/jazzy/share/ament_cmake_ros/cmake)
-- Using all available rosidl_typesupport_c: rosidl_typesupport_fastrtps_c;rosidl_typesupport_introspection_c
-- Using all available rosidl_typesupport_cpp: rosidl_typesupport_fastrtps_cpp;rosidl_typesupport_introspection_cpp
-- Found python_cmake_module: 0.11.1 (/opt/ros/jazzy/share/python_cmake_module/cmake)
-- Found PythonExtra: /usr/bin/python3  
-- Found Python3: /usr/bin/python3 (found version "3.12.3") found components: Interpreter Development NumPy Development.Module Development.Embed 
-- Found Python3: /usr/bin/python3 (found version "3.12.3") found components: Interpreter 
-- Found gtest sources under '/opt/ros/jazzy/src/gtest_vendor': C++ tests using 'Google Test' will be built
-- Performing Test CMAKE_HAVE_LIBC_PTHREAD
-- Performing Test CMAKE_HAVE_LIBC_PTHREAD - Success
-- Found Threads: TRUE  
-- Configuring done (2.5s)
-- Generating done (0.1s)
-- Build files have been written to: /home/serviom/cpp-miltech/homework_14/build/underground_world
[  0%] [34m[1mGenerating Rust code for ROS interfaces[0m
[  1%] [34m[1mGenerating type hashes for ROS interfaces[0m
[  2%] [32mBuilding CXX object gtest/CMakeFiles/gtest_main.dir/src/gtest_main.cc.o[0m
[  2%] Built target ament_cmake_python_copy_underground_world
[  2%] [32mBuilding CXX object gtest/CMakeFiles/gtest.dir/src/gtest-all.cc.o[0m
[  2%] Built target underground_world__rosidl_generator_type_description
[  2%] [34m[1mGenerating C code for ROS interfaces[0m
[  2%] Built target underground_world__rs
[  3%] [34m[1mGenerating C++ code for ROS interfaces[0m
[  4%] [32m[1mLinking CXX static library libgtest_main.a[0m
[  4%] Built target underground_world__cpp
[  5%] [32mBuilding C object CMakeFiles/underground_world__rosidl_generator_c.dir/rosidl_generator_c/underground_world/msg/detail/cell_observation__description.c.o[0m
[  5%] Built target gtest_main
running egg_info
creating underground_world.egg-info
[  6%] [32mBuilding C object CMakeFiles/underground_world__rosidl_generator_c.dir/rosidl_generator_c/underground_world/msg/detail/cell_observation__functions.c.o[0m
writing underground_world.egg-info/PKG-INFO
writing dependency_links to underground_world.egg-info/dependency_links.txt
writing top-level names to underground_world.egg-info/top_level.txt
writing manifest file 'underground_world.egg-info/SOURCES.txt'
[  7%] [32mBuilding C object CMakeFiles/underground_world__rosidl_generator_c.dir/rosidl_generator_c/underground_world/msg/detail/cell_observation__type_support.c.o[0m
[  8%] [32mBuilding C object CMakeFiles/underground_world__rosidl_generator_c.dir/rosidl_generator_c/underground_world/msg/detail/local_scan__description.c.o[0m
reading manifest file 'underground_world.egg-info/SOURCES.txt'
writing manifest file 'underground_world.egg-info/SOURCES.txt'
[  9%] [32mBuilding C object CMakeFiles/underground_world__rosidl_generator_c.dir/rosidl_generator_c/underground_world/msg/detail/local_scan__functions.c.o[0m
[  9%] Built target ament_cmake_python_build_underground_world_egg
[  9%] [32mBuilding C object CMakeFiles/underground_world__rosidl_generator_c.dir/rosidl_generator_c/underground_world/msg/detail/local_scan__type_support.c.o[0m
[ 10%] [32mBuilding C object CMakeFiles/underground_world__rosidl_generator_c.dir/rosidl_generator_c/underground_world/msg/detail/move_command__description.c.o[0m
[ 11%] [32mBuilding C object CMakeFiles/underground_world__rosidl_generator_c.dir/rosidl_generator_c/underground_world/msg/detail/move_command__functions.c.o[0m
[ 13%] [32mBuilding C object CMakeFiles/underground_world__rosidl_generator_c.dir/rosidl_generator_c/underground_world/msg/detail/enemy_down__description.c.o[0m
[ 13%] [32mBuilding C object CMakeFiles/underground_world__rosidl_generator_c.dir/rosidl_generator_c/underground_world/msg/detail/move_command__type_support.c.o[0m
[ 14%] [32mBuilding C object CMakeFiles/underground_world__rosidl_generator_c.dir/rosidl_generator_c/underground_world/msg/detail/enemy_down__functions.c.o[0m
[ 14%] [32mBuilding C object CMakeFiles/underground_world__rosidl_generator_c.dir/rosidl_generator_c/underground_world/msg/detail/enemy_down__type_support.c.o[0m
[ 15%] [32mBuilding C object CMakeFiles/underground_world__rosidl_generator_c.dir/rosidl_generator_c/underground_world/msg/detail/robot_metrics__description.c.o[0m
[ 16%] [32mBuilding C object CMakeFiles/underground_world__rosidl_generator_c.dir/rosidl_generator_c/underground_world/msg/detail/robot_metrics__functions.c.o[0m
[ 17%] [32mBuilding C object CMakeFiles/underground_world__rosidl_generator_c.dir/rosidl_generator_c/underground_world/msg/detail/robot_metrics__type_support.c.o[0m
[ 18%] [32mBuilding C object CMakeFiles/underground_world__rosidl_generator_c.dir/rosidl_generator_c/underground_world/msg/detail/robot_result__description.c.o[0m
[ 19%] [32mBuilding C object CMakeFiles/underground_world__rosidl_generator_c.dir/rosidl_generator_c/underground_world/msg/detail/robot_result__functions.c.o[0m
[ 19%] [32mBuilding C object CMakeFiles/underground_world__rosidl_generator_c.dir/rosidl_generator_c/underground_world/msg/detail/robot_result__type_support.c.o[0m
[ 20%] [32mBuilding C object CMakeFiles/underground_world__rosidl_generator_c.dir/rosidl_generator_c/underground_world/msg/detail/student_status__description.c.o[0m
[ 21%] [32mBuilding C object CMakeFiles/underground_world__rosidl_generator_c.dir/rosidl_generator_c/underground_world/msg/detail/student_status__functions.c.o[0m
[ 22%] [32mBuilding C object CMakeFiles/underground_world__rosidl_generator_c.dir/rosidl_generator_c/underground_world/msg/detail/student_status__type_support.c.o[0m
[ 23%] [32mBuilding C object CMakeFiles/underground_world__rosidl_generator_c.dir/rosidl_generator_c/underground_world/srv/detail/payload_trigger__description.c.o[0m
[ 24%] [32mBuilding C object CMakeFiles/underground_world__rosidl_generator_c.dir/rosidl_generator_c/underground_world/srv/detail/payload_trigger__functions.c.o[0m
[ 24%] [32mBuilding C object CMakeFiles/underground_world__rosidl_generator_c.dir/rosidl_generator_c/underground_world/srv/detail/payload_trigger__type_support.c.o[0m
[ 25%] [32m[1mLinking C shared library libunderground_world__rosidl_generator_c.so[0m
[ 25%] Built target underground_world__rosidl_generator_c
[ 27%] [34m[1mGenerating C type support for eProsima Fast-RTPS[0m
[ 27%] [34m[1mGenerating C introspection for ROS interfaces[0m
[ 27%] [34m[1mGenerating C type support dispatch for ROS interfaces[0m
[ 28%] [32mBuilding CXX object CMakeFiles/underground_world__rosidl_typesupport_c.dir/rosidl_typesupport_c/underground_world/msg/cell_observation__type_support.cpp.o[0m
[ 29%] [32mBuilding CXX object CMakeFiles/underground_world__rosidl_typesupport_c.dir/rosidl_typesupport_c/underground_world/msg/local_scan__type_support.cpp.o[0m
[ 30%] [32mBuilding CXX object CMakeFiles/underground_world__rosidl_typesupport_c.dir/rosidl_typesupport_c/underground_world/msg/move_command__type_support.cpp.o[0m
[ 31%] [32mBuilding C object CMakeFiles/underground_world__rosidl_typesupport_introspection_c.dir/rosidl_typesupport_introspection_c/underground_world/msg/detail/cell_observation__type_support.c.o[0m
[ 32%] [32mBuilding CXX object CMakeFiles/underground_world__rosidl_typesupport_c.dir/rosidl_typesupport_c/underground_world/msg/enemy_down__type_support.cpp.o[0m
[ 32%] [32mBuilding C object CMakeFiles/underground_world__rosidl_typesupport_introspection_c.dir/rosidl_typesupport_introspection_c/underground_world/msg/detail/local_scan__type_support.c.o[0m
[ 33%] [32mBuilding CXX object CMakeFiles/underground_world__rosidl_typesupport_c.dir/rosidl_typesupport_c/underground_world/msg/robot_metrics__type_support.cpp.o[0m
[ 34%] [32mBuilding C object CMakeFiles/underground_world__rosidl_typesupport_introspection_c.dir/rosidl_typesupport_introspection_c/underground_world/msg/detail/move_command__type_support.c.o[0m
[ 34%] [32mBuilding CXX object CMakeFiles/underground_world__rosidl_typesupport_c.dir/rosidl_typesupport_c/underground_world/msg/robot_result__type_support.cpp.o[0m
[ 35%] [32mBuilding C object CMakeFiles/underground_world__rosidl_typesupport_introspection_c.dir/rosidl_typesupport_introspection_c/underground_world/msg/detail/enemy_down__type_support.c.o[0m
[ 36%] [32mBuilding CXX object CMakeFiles/underground_world__rosidl_typesupport_c.dir/rosidl_typesupport_c/underground_world/msg/student_status__type_support.cpp.o[0m
[ 37%] [32mBuilding CXX object CMakeFiles/underground_world__rosidl_typesupport_fastrtps_c.dir/rosidl_typesupport_fastrtps_c/underground_world/msg/detail/cell_observation__type_support_c.cpp.o[0m
[ 38%] [32mBuilding C object CMakeFiles/underground_world__rosidl_typesupport_introspection_c.dir/rosidl_typesupport_introspection_c/underground_world/msg/detail/robot_metrics__type_support.c.o[0m
[ 39%] [32mBuilding CXX object CMakeFiles/underground_world__rosidl_typesupport_c.dir/rosidl_typesupport_c/underground_world/srv/payload_trigger__type_support.cpp.o[0m
[ 40%] [32mBuilding C object CMakeFiles/underground_world__rosidl_typesupport_introspection_c.dir/rosidl_typesupport_introspection_c/underground_world/msg/detail/robot_result__type_support.c.o[0m
[ 41%] [32m[1mLinking CXX shared library libunderground_world__rosidl_typesupport_c.so[0m
[ 42%] [32mBuilding C object CMakeFiles/underground_world__rosidl_typesupport_introspection_c.dir/rosidl_typesupport_introspection_c/underground_world/msg/detail/student_status__type_support.c.o[0m
[ 42%] Built target underground_world__rosidl_typesupport_c
[ 42%] [32mBuilding C object CMakeFiles/underground_world__rosidl_typesupport_introspection_c.dir/rosidl_typesupport_introspection_c/underground_world/srv/detail/payload_trigger__type_support.c.o[0m
[ 42%] [34m[1mGenerating C++ type support for eProsima Fast-RTPS[0m
[ 43%] [32m[1mLinking C shared library libunderground_world__rosidl_typesupport_introspection_c.so[0m
[ 43%] Built target underground_world__rosidl_typesupport_introspection_c
[ 44%] [32mBuilding CXX object CMakeFiles/underground_world__rosidl_typesupport_fastrtps_c.dir/rosidl_typesupport_fastrtps_c/underground_world/msg/detail/local_scan__type_support_c.cpp.o[0m
[ 45%] [34m[1mGenerating C++ introspection for ROS interfaces[0m
[ 46%] [32mBuilding CXX object CMakeFiles/underground_world__rosidl_typesupport_fastrtps_c.dir/rosidl_typesupport_fastrtps_c/underground_world/msg/detail/move_command__type_support_c.cpp.o[0m
[ 47%] [32mBuilding CXX object CMakeFiles/underground_world__rosidl_typesupport_fastrtps_cpp.dir/rosidl_typesupport_fastrtps_cpp/underground_world/msg/detail/dds_fastrtps/cell_observation__type_support.cpp.o[0m
[ 48%] [32mBuilding CXX object CMakeFiles/underground_world__rosidl_typesupport_introspection_cpp.dir/rosidl_typesupport_introspection_cpp/underground_world/msg/detail/cell_observation__type_support.cpp.o[0m
[ 48%] [32mBuilding CXX object CMakeFiles/underground_world__rosidl_typesupport_fastrtps_c.dir/rosidl_typesupport_fastrtps_c/underground_world/msg/detail/enemy_down__type_support_c.cpp.o[0m
[ 49%] [32mBuilding CXX object CMakeFiles/underground_world__rosidl_typesupport_fastrtps_cpp.dir/rosidl_typesupport_fastrtps_cpp/underground_world/msg/detail/dds_fastrtps/local_scan__type_support.cpp.o[0m
[ 50%] [32mBuilding CXX object CMakeFiles/underground_world__rosidl_typesupport_introspection_cpp.dir/rosidl_typesupport_introspection_cpp/underground_world/msg/detail/local_scan__type_support.cpp.o[0m
[ 51%] [32mBuilding CXX object CMakeFiles/underground_world__rosidl_typesupport_fastrtps_c.dir/rosidl_typesupport_fastrtps_c/underground_world/msg/detail/robot_metrics__type_support_c.cpp.o[0m
[ 52%] [32mBuilding CXX object CMakeFiles/underground_world__rosidl_typesupport_introspection_cpp.dir/rosidl_typesupport_introspection_cpp/underground_world/msg/detail/move_command__type_support.cpp.o[0m
[ 53%] [32mBuilding CXX object CMakeFiles/underground_world__rosidl_typesupport_fastrtps_cpp.dir/rosidl_typesupport_fastrtps_cpp/underground_world/msg/detail/dds_fastrtps/move_command__type_support.cpp.o[0m
[ 53%] [32mBuilding CXX object CMakeFiles/underground_world__rosidl_typesupport_introspection_cpp.dir/rosidl_typesupport_introspection_cpp/underground_world/msg/detail/enemy_down__type_support.cpp.o[0m
[ 54%] [32mBuilding CXX object CMakeFiles/underground_world__rosidl_typesupport_fastrtps_c.dir/rosidl_typesupport_fastrtps_c/underground_world/msg/detail/robot_result__type_support_c.cpp.o[0m
[ 55%] [32mBuilding CXX object CMakeFiles/underground_world__rosidl_typesupport_fastrtps_cpp.dir/rosidl_typesupport_fastrtps_cpp/underground_world/msg/detail/dds_fastrtps/enemy_down__type_support.cpp.o[0m
[ 56%] [32mBuilding CXX object CMakeFiles/underground_world__rosidl_typesupport_introspection_cpp.dir/rosidl_typesupport_introspection_cpp/underground_world/msg/detail/robot_metrics__type_support.cpp.o[0m
[ 57%] [32mBuilding CXX object CMakeFiles/underground_world__rosidl_typesupport_fastrtps_c.dir/rosidl_typesupport_fastrtps_c/underground_world/msg/detail/student_status__type_support_c.cpp.o[0m
[ 58%] [32mBuilding CXX object CMakeFiles/underground_world__rosidl_typesupport_introspection_cpp.dir/rosidl_typesupport_introspection_cpp/underground_world/msg/detail/robot_result__type_support.cpp.o[0m
[ 59%] [32mBuilding CXX object CMakeFiles/underground_world__rosidl_typesupport_fastrtps_cpp.dir/rosidl_typesupport_fastrtps_cpp/underground_world/msg/detail/dds_fastrtps/robot_metrics__type_support.cpp.o[0m
[ 60%] [32m[1mLinking CXX static library libgtest.a[0m
[ 60%] Built target gtest
[ 61%] [32mBuilding CXX object CMakeFiles/underground_world__rosidl_typesupport_introspection_cpp.dir/rosidl_typesupport_introspection_cpp/underground_world/msg/detail/student_status__type_support.cpp.o[0m
[ 62%] [32mBuilding CXX object CMakeFiles/underground_world__rosidl_typesupport_fastrtps_c.dir/rosidl_typesupport_fastrtps_c/underground_world/srv/detail/payload_trigger__type_support_c.cpp.o[0m
[ 62%] [32mBuilding CXX object CMakeFiles/underground_world__rosidl_typesupport_fastrtps_cpp.dir/rosidl_typesupport_fastrtps_cpp/underground_world/msg/detail/dds_fastrtps/robot_result__type_support.cpp.o[0m
[ 63%] [32mBuilding CXX object CMakeFiles/underground_world__rosidl_typesupport_introspection_cpp.dir/rosidl_typesupport_introspection_cpp/underground_world/srv/detail/payload_trigger__type_support.cpp.o[0m
[ 64%] [34m[1mGenerating C++ type support dispatch for ROS interfaces[0m
[ 65%] [32mBuilding CXX object CMakeFiles/underground_world__rosidl_typesupport_fastrtps_cpp.dir/rosidl_typesupport_fastrtps_cpp/underground_world/msg/detail/dds_fastrtps/student_status__type_support.cpp.o[0m
[ 66%] [32m[1mLinking CXX shared library libunderground_world__rosidl_typesupport_fastrtps_c.so[0m
[ 67%] [32m[1mLinking CXX shared library libunderground_world__rosidl_typesupport_introspection_cpp.so[0m
[ 67%] Built target underground_world__rosidl_typesupport_fastrtps_c
[ 68%] [32mBuilding CXX object CMakeFiles/underground_world__rosidl_typesupport_fastrtps_cpp.dir/rosidl_typesupport_fastrtps_cpp/underground_world/srv/detail/dds_fastrtps/payload_trigger__type_support.cpp.o[0m
[ 69%] [32mBuilding CXX object CMakeFiles/underground_world__rosidl_typesupport_cpp.dir/rosidl_typesupport_cpp/underground_world/msg/cell_observation__type_support.cpp.o[0m
[ 69%] Built target underground_world__rosidl_typesupport_introspection_cpp
[ 69%] [32mBuilding CXX object CMakeFiles/underground_world__rosidl_typesupport_cpp.dir/rosidl_typesupport_cpp/underground_world/msg/local_scan__type_support.cpp.o[0m
[ 70%] [32mBuilding CXX object CMakeFiles/underground_world__rosidl_typesupport_cpp.dir/rosidl_typesupport_cpp/underground_world/msg/move_command__type_support.cpp.o[0m
[ 71%] [32mBuilding CXX object CMakeFiles/underground_world__rosidl_typesupport_cpp.dir/rosidl_typesupport_cpp/underground_world/msg/enemy_down__type_support.cpp.o[0m
[ 72%] [32mBuilding CXX object CMakeFiles/underground_world__rosidl_typesupport_cpp.dir/rosidl_typesupport_cpp/underground_world/msg/robot_metrics__type_support.cpp.o[0m
[ 73%] [32mBuilding CXX object CMakeFiles/underground_world__rosidl_typesupport_cpp.dir/rosidl_typesupport_cpp/underground_world/msg/robot_result__type_support.cpp.o[0m
[ 74%] [32m[1mLinking CXX shared library libunderground_world__rosidl_typesupport_fastrtps_cpp.so[0m
[ 75%] [32mBuilding CXX object CMakeFiles/underground_world__rosidl_typesupport_cpp.dir/rosidl_typesupport_cpp/underground_world/msg/student_status__type_support.cpp.o[0m
[ 75%] [32mBuilding CXX object CMakeFiles/underground_world__rosidl_typesupport_cpp.dir/rosidl_typesupport_cpp/underground_world/srv/payload_trigger__type_support.cpp.o[0m
[ 75%] Built target underground_world__rosidl_typesupport_fastrtps_cpp
[ 76%] [32m[1mLinking CXX shared library libunderground_world__rosidl_typesupport_cpp.so[0m
[ 76%] Built target underground_world__rosidl_typesupport_cpp
[ 79%] [32mBuilding CXX object CMakeFiles/provided_world_contract_test.dir/test/provided_world_contract_test.cpp.o[0m
[ 79%] [32mBuilding CXX object CMakeFiles/underground_world_core.dir/src/world_model.cpp.o[0m
[ 79%] [32mBuilding CXX object CMakeFiles/underground_world_core.dir/src/scenario_loader.cpp.o[0m
[ 79%] Built target underground_world
[ 80%] [34m[1mGenerating Python code for ROS interfaces[0m
[ 81%] [32m[1mLinking CXX shared library libunderground_world_core.so[0m
[ 81%] Built target underground_world__py
[ 83%] [32mBuilding C object CMakeFiles/underground_world__rosidl_generator_py.dir/rosidl_generator_py/underground_world/msg/_local_scan_s.c.o[0m
[ 82%] [32mBuilding C object CMakeFiles/underground_world__rosidl_generator_py.dir/rosidl_generator_py/underground_world/msg/_cell_observation_s.c.o[0m
[ 83%] Built target underground_world_core
[ 84%] [32mBuilding CXX object CMakeFiles/underground_world_node.dir/src/underground_world_node.cpp.o[0m
[ 85%] [32mBuilding C object CMakeFiles/underground_world__rosidl_generator_py.dir/rosidl_generator_py/underground_world/msg/_move_command_s.c.o[0m
[ 86%] [32mBuilding CXX object CMakeFiles/mission_explorer_node.dir/src/mission_explorer_node.cpp.o[0m
[ 87%] [32mBuilding C object CMakeFiles/underground_world__rosidl_generator_py.dir/rosidl_generator_py/underground_world/msg/_enemy_down_s.c.o[0m
[ 87%] [32mBuilding C object CMakeFiles/underground_world__rosidl_generator_py.dir/rosidl_generator_py/underground_world/msg/_robot_metrics_s.c.o[0m
[ 88%] [32mBuilding C object CMakeFiles/underground_world__rosidl_generator_py.dir/rosidl_generator_py/underground_world/msg/_robot_result_s.c.o[0m
[ 89%] [32m[1mLinking CXX executable provided_world_contract_test[0m
[ 90%] [32mBuilding C object CMakeFiles/underground_world__rosidl_generator_py.dir/rosidl_generator_py/underground_world/msg/_student_status_s.c.o[0m
/usr/bin/ld: CMakeFiles/provided_world_contract_test.dir/test/provided_world_contract_test.cpp.o: in function `underground_world::(anonymous namespace)::reachable_cells_from_start(underground_world::Scenario const&)':
provided_world_contract_test.cpp:(.text+0x358): undefined reference to `underground_world::Scenario::is_passable(underground_world::Position) const'
/usr/bin/ld: CMakeFiles/provided_world_contract_test.dir/test/provided_world_contract_test.cpp.o: in function `underground_world::(anonymous namespace)::expect_valid_required_scenario(std::__cxx11::basic_string<char, std::char_traits<char>, std::allocator<char> > const&)':
provided_world_contract_test.cpp:(.text+0x543): undefined reference to `underground_world::load_scenario(std::filesystem::__cxx11::path const&)'
/usr/bin/ld: provided_world_contract_test.cpp:(.text+0x68f): undefined reference to `underground_world::Scenario::width() const'
/usr/bin/ld: provided_world_contract_test.cpp:(.text+0x779): undefined reference to `underground_world::Scenario::height() const'
/usr/bin/ld: provided_world_contract_test.cpp:(.text+0xb01): undefined reference to `underground_world::Scenario::is_passable(underground_world::Position) const'
/usr/bin/ld: provided_world_contract_test.cpp:(.text+0xc20): undefined reference to `underground_world::Scenario::base_cell(underground_world::Position) const'
/usr/bin/ld: CMakeFiles/provided_world_contract_test.dir/test/provided_world_contract_test.cpp.o: in function `underground_world::ProvidedWorldContractTest_ContactIdsAreStableAndOneBased_Test::TestBody()':
provided_world_contract_test.cpp:(.text+0x16d7): undefined reference to `underground_world::load_scenario(std::filesystem::__cxx11::path const&)'
/usr/bin/ld: provided_world_contract_test.cpp:(.text+0x1824): undefined reference to `underground_world::Scenario::is_passable(underground_world::Position) const'
/usr/bin/ld: CMakeFiles/provided_world_contract_test.dir/test/provided_world_contract_test.cpp.o: in function `underground_world::ProvidedWorldContractTest_InvalidMoveMetricCountsOnlyWallOrBoundsMoves_Test::TestBody()':
provided_world_contract_test.cpp:(.text+0x1b36): undefined reference to `underground_world::load_scenario(std::filesystem::__cxx11::path const&)'
/usr/bin/ld: provided_world_contract_test.cpp:(.text+0x1b4f): undefined reference to `underground_world::WorldModel::WorldModel(underground_world::Scenario)'
/usr/bin/ld: provided_world_contract_test.cpp:(.text+0x1b91): undefined reference to `underground_world::WorldModel::apply_move(unsigned char)'
/usr/bin/ld: provided_world_contract_test.cpp:(.text+0x1cb9): undefined reference to `underground_world::WorldModel::metrics() const'
/usr/bin/ld: provided_world_contract_test.cpp:(.text+0x1dae): undefined reference to `underground_world::WorldModel::apply_move(unsigned char)'
/usr/bin/ld: provided_world_contract_test.cpp:(.text+0x1ed6): undefined reference to `underground_world::WorldModel::metrics() const'
/usr/bin/ld: CMakeFiles/provided_world_contract_test.dir/test/provided_world_contract_test.cpp.o: in function `underground_world::ProvidedWorldContractTest_ProcessedContactIsPublishedAsX_Test::TestBody()':
provided_world_contract_test.cpp:(.text+0x22a2): undefined reference to `underground_world::load_scenario(std::filesystem::__cxx11::path const&)'
/usr/bin/ld: provided_world_contract_test.cpp:(.text+0x22bb): undefined reference to `underground_world::WorldModel::WorldModel(underground_world::Scenario)'
/usr/bin/ld: provided_world_contract_test.cpp:(.text+0x22fd): undefined reference to `underground_world::WorldModel::apply_move(unsigned char)'
/usr/bin/ld: provided_world_contract_test.cpp:(.text+0x2428): undefined reference to `underground_world::WorldModel::apply_move(unsigned char)'
/usr/bin/ld: provided_world_contract_test.cpp:(.text+0x2564): undefined reference to `underground_world::WorldModel::make_scan()'
/usr/bin/ld: provided_world_contract_test.cpp:(.text+0x295b): undefined reference to `underground_world::WorldModel::apply_enemy_down(int, underground_world::Position)'
/usr/bin/ld: provided_world_contract_test.cpp:(.text+0x2a8e): undefined reference to `underground_world::WorldModel::make_scan()'
/usr/bin/ld: provided_world_contract_test.cpp:(.text+0x2c3c): undefined reference to `underground_world::cell_kind_to_string[abi:cxx11](underground_world::CellKind)'
/usr/bin/ld: CMakeFiles/provided_world_contract_test.dir/test/provided_world_contract_test.cpp.o: in function `underground_world::ProvidedWorldContractTest_ActiveContactBlocksMovementUntilProcessed_Test::TestBody()':
provided_world_contract_test.cpp:(.text+0x34a2): undefined reference to `underground_world::load_scenario(std::filesystem::__cxx11::path const&)'
/usr/bin/ld: provided_world_contract_test.cpp:(.text+0x34bb): undefined reference to `underground_world::WorldModel::WorldModel(underground_world::Scenario)'
/usr/bin/ld: provided_world_contract_test.cpp:(.text+0x34fd): undefined reference to `underground_world::WorldModel::apply_move(unsigned char)'
/usr/bin/ld: provided_world_contract_test.cpp:(.text+0x3628): undefined reference to `underground_world::WorldModel::apply_move(unsigned char)'
/usr/bin/ld: provided_world_contract_test.cpp:(.text+0x375f): undefined reference to `underground_world::WorldModel::apply_move(unsigned char)'
/usr/bin/ld: provided_world_contract_test.cpp:(.text+0x3893): undefined reference to `underground_world::WorldModel::robot_position() const'
/usr/bin/ld: provided_world_contract_test.cpp:(.text+0x398b): undefined reference to `underground_world::WorldModel::metrics() const'
/usr/bin/ld: provided_world_contract_test.cpp:(.text+0x3ab0): undefined reference to `underground_world::WorldModel::apply_enemy_down(int, underground_world::Position)'
/usr/bin/ld: provided_world_contract_test.cpp:(.text+0x3bd2): undefined reference to `underground_world::WorldModel::apply_move(unsigned char)'
/usr/bin/ld: provided_world_contract_test.cpp:(.text+0x3d03): undefined reference to `underground_world::WorldModel::robot_position() const'
/usr/bin/ld: CMakeFiles/provided_world_contract_test.dir/test/provided_world_contract_test.cpp.o: in function `underground_world::ProvidedWorldContractTest_SuccessDoesNotRequireReturningToStart_Test::TestBody()':
provided_world_contract_test.cpp:(.text+0x4260): undefined reference to `underground_world::load_scenario(std::filesystem::__cxx11::path const&)'
/usr/bin/ld: provided_world_contract_test.cpp:(.text+0x4279): undefined reference to `underground_world::WorldModel::WorldModel(underground_world::Scenario)'
/usr/bin/ld: provided_world_contract_test.cpp:(.text+0x42bb): undefined reference to `underground_world::WorldModel::apply_move(unsigned char)'
/usr/bin/ld: provided_world_contract_test.cpp:(.text+0x43eb): undefined reference to `underground_world::WorldModel::make_scan()'
/usr/bin/ld: provided_world_contract_test.cpp:(.text+0x441a): undefined reference to `underground_world::WorldModel::apply_move(unsigned char)'
/usr/bin/ld: provided_world_contract_test.cpp:(.text+0x454a): undefined reference to `underground_world::WorldModel::make_scan()'
/usr/bin/ld: provided_world_contract_test.cpp:(.text+0x45a9): undefined reference to `underground_world::WorldModel::apply_enemy_down(int, underground_world::Position)'
/usr/bin/ld: provided_world_contract_test.cpp:(.text+0x46cb): undefined reference to `underground_world::WorldModel::apply_move(unsigned char)'
/usr/bin/ld: provided_world_contract_test.cpp:(.text+0x4804): undefined reference to `underground_world::WorldModel::make_scan()'
/usr/bin/ld: provided_world_contract_test.cpp:(.text+0x4833): undefined reference to `underground_world::WorldModel::apply_move(unsigned char)'
/usr/bin/ld: provided_world_contract_test.cpp:(.text+0x4960): undefined reference to `underground_world::WorldModel::make_scan()'
/usr/bin/ld: provided_world_contract_test.cpp:(.text+0x498f): undefined reference to `underground_world::WorldModel::apply_move(unsigned char)'
/usr/bin/ld: provided_world_contract_test.cpp:(.text+0x4abc): undefined reference to `underground_world::WorldModel::make_scan()'
/usr/bin/ld: provided_world_contract_test.cpp:(.text+0x4ae6): undefined reference to `underground_world::WorldModel::scenario() const'
/usr/bin/ld: provided_world_contract_test.cpp:(.text+0x4af8): undefined reference to `underground_world::WorldModel::robot_position() const'
/usr/bin/ld: provided_world_contract_test.cpp:(.text+0x4c28): undefined reference to `underground_world::WorldModel::result() const'
collect2: error: ld returned 1 exit status
gmake[2]: *** [CMakeFiles/provided_world_contract_test.dir/build.make:107: provided_world_contract_test] Error 1
gmake[1]: *** [CMakeFiles/Makefile2:788: CMakeFiles/provided_world_contract_test.dir/all] Error 2
gmake[1]: *** Waiting for unfinished jobs....
[ 91%] [32mBuilding C object CMakeFiles/underground_world__rosidl_generator_py.dir/rosidl_generator_py/underground_world/srv/_payload_trigger_s.c.o[0m
[ 92%] [32m[1mLinking C shared library libunderground_world__rosidl_generator_py.so[0m
[ 92%] Built target underground_world__rosidl_generator_py
[ 93%] [32m[1mLinking CXX executable mission_explorer_node[0m
[ 93%] Built target mission_explorer_node
[ 94%] [32m[1mLinking CXX executable underground_world_node[0m
[ 94%] Built target underground_world_node
gmake: *** [Makefile:146: all] Error 2
