[0.010s] Invoking command in '/home/serviom/cpp-miltech/homework_14/build/underground_world': CMAKE_PREFIX_PATH=${CMAKE_PREFIX_PATH}:/opt/ros/jazzy DEBUGINFOD_URLS=https://debuginfod.ubuntu.com /usr/bin/cmake /home/serviom/cpp-miltech/homework_14/robot_ws/src/underground_world -DCMAKE_INSTALL_PREFIX=/home/serviom/cpp-miltech/homework_14/install/underground_world
[0.157s] -- The C compiler identification is GNU 13.3.0
[0.232s] -- The CXX compiler identification is GNU 13.3.0
[0.245s] -- Detecting C compiler ABI info
[0.319s] -- Detecting C compiler ABI info - done
[0.326s] -- Check for working C compiler: /usr/bin/cc - skipped
[0.326s] -- Detecting C compile features
[0.327s] -- Detecting C compile features - done
[0.333s] -- Detecting CXX compiler ABI info
[0.398s] -- Detecting CXX compiler ABI info - done
[0.404s] -- Check for working CXX compiler: /usr/bin/c++ - skipped
[0.404s] -- Detecting CXX compile features
[0.405s] -- Detecting CXX compile features - done
[0.410s] -- Found ament_cmake_auto: 2.5.6 (/opt/ros/jazzy/share/ament_cmake_auto/cmake)
[0.511s] -- Found Python3: /usr/bin/python3 (found version "3.12.3") found components: Interpreter 
[0.673s] -- Using all available rosidl_typesupport_c: rosidl_typesupport_fastrtps_c;rosidl_typesupport_introspection_c
[0.717s] -- Using all available rosidl_typesupport_cpp: rosidl_typesupport_fastrtps_cpp;rosidl_typesupport_introspection_cpp
[0.755s] -- Found rosidl_adapter: 4.6.9 (/opt/ros/jazzy/share/rosidl_adapter/cmake)
[0.836s] -- Found rmw_implementation_cmake: 7.3.3 (/opt/ros/jazzy/share/rmw_implementation_cmake/cmake)
[0.838s] -- Found rmw_cyclonedds_cpp: 2.2.3 (/opt/ros/jazzy/share/rmw_cyclonedds_cpp/cmake)
[0.861s] -- Using RMW implementation 'rmw_cyclonedds_cpp' as default
[0.942s] -- Found TinyXML2 via Config file: /usr/lib/x86_64-linux-gnu/cmake/tinyxml2
[0.951s] -- Setting yaml-cpp_DIR to: '/opt/ros/jazzy/share/yaml_cpp_vendor/cmake/../../../opt/yaml_cpp_vendor/share/cmake/yaml-cpp'
[1.311s] -- Found ament_cmake_ros: 0.12.1 (/opt/ros/jazzy/share/ament_cmake_ros/cmake)
[1.620s] -- Using all available rosidl_typesupport_c: rosidl_typesupport_fastrtps_c;rosidl_typesupport_introspection_c
[1.994s] -- Using all available rosidl_typesupport_cpp: rosidl_typesupport_fastrtps_cpp;rosidl_typesupport_introspection_cpp
[1.998s] -- Found python_cmake_module: 0.11.1 (/opt/ros/jazzy/share/python_cmake_module/cmake)
[2.089s] -- Found PythonExtra: /usr/bin/python3  
[2.402s] -- Found Python3: /usr/bin/python3 (found version "3.12.3") found components: Interpreter Development NumPy Development.Module Development.Embed 
[2.451s] -- Found Python3: /usr/bin/python3 (found version "3.12.3") found components: Interpreter 
[2.458s] -- Found gtest sources under '/opt/ros/jazzy/src/gtest_vendor': C++ tests using 'Google Test' will be built
[2.461s] -- Performing Test CMAKE_HAVE_LIBC_PTHREAD
[2.519s] -- Performing Test CMAKE_HAVE_LIBC_PTHREAD - Success
[2.520s] -- Found Threads: TRUE  
[2.528s] -- Configuring done (2.5s)
[2.598s] -- Generating done (0.1s)
[2.614s] -- Build files have been written to: /home/serviom/cpp-miltech/homework_14/build/underground_world
[2.624s] Invoked command in '/home/serviom/cpp-miltech/homework_14/build/underground_world' returned '0': CMAKE_PREFIX_PATH=${CMAKE_PREFIX_PATH}:/opt/ros/jazzy DEBUGINFOD_URLS=https://debuginfod.ubuntu.com /usr/bin/cmake /home/serviom/cpp-miltech/homework_14/robot_ws/src/underground_world -DCMAKE_INSTALL_PREFIX=/home/serviom/cpp-miltech/homework_14/install/underground_world
[2.625s] Invoking command in '/home/serviom/cpp-miltech/homework_14/build/underground_world': CMAKE_PREFIX_PATH=${CMAKE_PREFIX_PATH}:/opt/ros/jazzy DEBUGINFOD_URLS=https://debuginfod.ubuntu.com /usr/bin/cmake --build /home/serviom/cpp-miltech/homework_14/build/underground_world -- -j4 -l4
[2.661s] [  0%] [34m[1mGenerating Rust code for ROS interfaces[0m
[2.661s] [  1%] [34m[1mGenerating type hashes for ROS interfaces[0m
[2.668s] [  2%] [32mBuilding CXX object gtest/CMakeFiles/gtest_main.dir/src/gtest_main.cc.o[0m
[2.668s] [  2%] Built target ament_cmake_python_copy_underground_world
[2.681s] [  2%] [32mBuilding CXX object gtest/CMakeFiles/gtest.dir/src/gtest-all.cc.o[0m
[2.959s] [  2%] Built target underground_world__rosidl_generator_type_description
[2.969s] [  2%] [34m[1mGenerating C code for ROS interfaces[0m
[2.975s] [  2%] Built target underground_world__rs
[3.004s] [  3%] [34m[1mGenerating C++ code for ROS interfaces[0m
[3.443s] [  4%] [32m[1mLinking CXX static library libgtest_main.a[0m
[3.520s] [  4%] Built target underground_world__cpp
[3.617s] [  5%] [32mBuilding C object CMakeFiles/underground_world__rosidl_generator_c.dir/rosidl_generator_c/underground_world/msg/detail/cell_observation__description.c.o[0m
[3.648s] [  5%] Built target gtest_main
[3.649s] running egg_info
[3.650s] creating underground_world.egg-info
[3.653s] [  6%] [32mBuilding C object CMakeFiles/underground_world__rosidl_generator_c.dir/rosidl_generator_c/underground_world/msg/detail/cell_observation__functions.c.o[0m
[3.660s] writing underground_world.egg-info/PKG-INFO
[3.660s] writing dependency_links to underground_world.egg-info/dependency_links.txt
[3.660s] writing top-level names to underground_world.egg-info/top_level.txt
[3.660s] writing manifest file 'underground_world.egg-info/SOURCES.txt'
[3.663s] [  7%] [32mBuilding C object CMakeFiles/underground_world__rosidl_generator_c.dir/rosidl_generator_c/underground_world/msg/detail/cell_observation__type_support.c.o[0m
[3.683s] [  8%] [32mBuilding C object CMakeFiles/underground_world__rosidl_generator_c.dir/rosidl_generator_c/underground_world/msg/detail/local_scan__description.c.o[0m
[3.687s] reading manifest file 'underground_world.egg-info/SOURCES.txt'
[3.687s] writing manifest file 'underground_world.egg-info/SOURCES.txt'
[3.702s] [  9%] [32mBuilding C object CMakeFiles/underground_world__rosidl_generator_c.dir/rosidl_generator_c/underground_world/msg/detail/local_scan__functions.c.o[0m
[3.704s] [  9%] Built target ament_cmake_python_build_underground_world_egg
[3.709s] [  9%] [32mBuilding C object CMakeFiles/underground_world__rosidl_generator_c.dir/rosidl_generator_c/underground_world/msg/detail/local_scan__type_support.c.o[0m
[3.710s] [ 10%] [32mBuilding C object CMakeFiles/underground_world__rosidl_generator_c.dir/rosidl_generator_c/underground_world/msg/detail/move_command__description.c.o[0m
[3.731s] [ 11%] [32mBuilding C object CMakeFiles/underground_world__rosidl_generator_c.dir/rosidl_generator_c/underground_world/msg/detail/move_command__functions.c.o[0m
[3.733s] [ 13%] [32mBuilding C object CMakeFiles/underground_world__rosidl_generator_c.dir/rosidl_generator_c/underground_world/msg/detail/enemy_down__description.c.o[0m
[3.733s] [ 13%] [32mBuilding C object CMakeFiles/underground_world__rosidl_generator_c.dir/rosidl_generator_c/underground_world/msg/detail/move_command__type_support.c.o[0m
[3.759s] [ 14%] [32mBuilding C object CMakeFiles/underground_world__rosidl_generator_c.dir/rosidl_generator_c/underground_world/msg/detail/enemy_down__functions.c.o[0m
[3.759s] [ 14%] [32mBuilding C object CMakeFiles/underground_world__rosidl_generator_c.dir/rosidl_generator_c/underground_world/msg/detail/enemy_down__type_support.c.o[0m
[3.763s] [ 15%] [32mBuilding C object CMakeFiles/underground_world__rosidl_generator_c.dir/rosidl_generator_c/underground_world/msg/detail/robot_metrics__description.c.o[0m
[3.779s] [ 16%] [32mBuilding C object CMakeFiles/underground_world__rosidl_generator_c.dir/rosidl_generator_c/underground_world/msg/detail/robot_metrics__functions.c.o[0m
[3.787s] [ 17%] [32mBuilding C object CMakeFiles/underground_world__rosidl_generator_c.dir/rosidl_generator_c/underground_world/msg/detail/robot_metrics__type_support.c.o[0m
[3.788s] [ 18%] [32mBuilding C object CMakeFiles/underground_world__rosidl_generator_c.dir/rosidl_generator_c/underground_world/msg/detail/robot_result__description.c.o[0m
[3.805s] [ 19%] [32mBuilding C object CMakeFiles/underground_world__rosidl_generator_c.dir/rosidl_generator_c/underground_world/msg/detail/robot_result__functions.c.o[0m
[3.809s] [ 19%] [32mBuilding C object CMakeFiles/underground_world__rosidl_generator_c.dir/rosidl_generator_c/underground_world/msg/detail/robot_result__type_support.c.o[0m
[3.811s] [ 20%] [32mBuilding C object CMakeFiles/underground_world__rosidl_generator_c.dir/rosidl_generator_c/underground_world/msg/detail/student_status__description.c.o[0m
[3.830s] [ 21%] [32mBuilding C object CMakeFiles/underground_world__rosidl_generator_c.dir/rosidl_generator_c/underground_world/msg/detail/student_status__functions.c.o[0m
[3.834s] [ 22%] [32mBuilding C object CMakeFiles/underground_world__rosidl_generator_c.dir/rosidl_generator_c/underground_world/msg/detail/student_status__type_support.c.o[0m
[3.840s] [ 23%] [32mBuilding C object CMakeFiles/underground_world__rosidl_generator_c.dir/rosidl_generator_c/underground_world/srv/detail/payload_trigger__description.c.o[0m
[3.854s] [ 24%] [32mBuilding C object CMakeFiles/underground_world__rosidl_generator_c.dir/rosidl_generator_c/underground_world/srv/detail/payload_trigger__functions.c.o[0m
[3.862s] [ 24%] [32mBuilding C object CMakeFiles/underground_world__rosidl_generator_c.dir/rosidl_generator_c/underground_world/srv/detail/payload_trigger__type_support.c.o[0m
[3.901s] [ 25%] [32m[1mLinking C shared library libunderground_world__rosidl_generator_c.so[0m
[3.927s] [ 25%] Built target underground_world__rosidl_generator_c
[3.934s] [ 27%] [34m[1mGenerating C type support for eProsima Fast-RTPS[0m
[3.934s] [ 27%] [34m[1mGenerating C introspection for ROS interfaces[0m
[3.935s] [ 27%] [34m[1mGenerating C type support dispatch for ROS interfaces[0m
[4.206s] [ 28%] [32mBuilding CXX object CMakeFiles/underground_world__rosidl_typesupport_c.dir/rosidl_typesupport_c/underground_world/msg/cell_observation__type_support.cpp.o[0m
[4.236s] [ 29%] [32mBuilding CXX object CMakeFiles/underground_world__rosidl_typesupport_c.dir/rosidl_typesupport_c/underground_world/msg/local_scan__type_support.cpp.o[0m
[4.259s] [ 30%] [32mBuilding CXX object CMakeFiles/underground_world__rosidl_typesupport_c.dir/rosidl_typesupport_c/underground_world/msg/move_command__type_support.cpp.o[0m
[4.276s] [ 31%] [32mBuilding C object CMakeFiles/underground_world__rosidl_typesupport_introspection_c.dir/rosidl_typesupport_introspection_c/underground_world/msg/detail/cell_observation__type_support.c.o[0m
[4.285s] [ 32%] [32mBuilding CXX object CMakeFiles/underground_world__rosidl_typesupport_c.dir/rosidl_typesupport_c/underground_world/msg/enemy_down__type_support.cpp.o[0m
[4.304s] [ 32%] [32mBuilding C object CMakeFiles/underground_world__rosidl_typesupport_introspection_c.dir/rosidl_typesupport_introspection_c/underground_world/msg/detail/local_scan__type_support.c.o[0m
[4.308s] [ 33%] [32mBuilding CXX object CMakeFiles/underground_world__rosidl_typesupport_c.dir/rosidl_typesupport_c/underground_world/msg/robot_metrics__type_support.cpp.o[0m
[4.329s] [ 34%] [32mBuilding C object CMakeFiles/underground_world__rosidl_typesupport_introspection_c.dir/rosidl_typesupport_introspection_c/underground_world/msg/detail/move_command__type_support.c.o[0m
[4.332s] [ 34%] [32mBuilding CXX object CMakeFiles/underground_world__rosidl_typesupport_c.dir/rosidl_typesupport_c/underground_world/msg/robot_result__type_support.cpp.o[0m
[4.350s] [ 35%] [32mBuilding C object CMakeFiles/underground_world__rosidl_typesupport_introspection_c.dir/rosidl_typesupport_introspection_c/underground_world/msg/detail/enemy_down__type_support.c.o[0m
[4.355s] [ 36%] [32mBuilding CXX object CMakeFiles/underground_world__rosidl_typesupport_c.dir/rosidl_typesupport_c/underground_world/msg/student_status__type_support.cpp.o[0m
[4.364s] [ 37%] [32mBuilding CXX object CMakeFiles/underground_world__rosidl_typesupport_fastrtps_c.dir/rosidl_typesupport_fastrtps_c/underground_world/msg/detail/cell_observation__type_support_c.cpp.o[0m
[4.373s] [ 38%] [32mBuilding C object CMakeFiles/underground_world__rosidl_typesupport_introspection_c.dir/rosidl_typesupport_introspection_c/underground_world/msg/detail/robot_metrics__type_support.c.o[0m
[4.380s] [ 39%] [32mBuilding CXX object CMakeFiles/underground_world__rosidl_typesupport_c.dir/rosidl_typesupport_c/underground_world/srv/payload_trigger__type_support.cpp.o[0m
[4.396s] [ 40%] [32mBuilding C object CMakeFiles/underground_world__rosidl_typesupport_introspection_c.dir/rosidl_typesupport_introspection_c/underground_world/msg/detail/robot_result__type_support.c.o[0m
[4.409s] [ 41%] [32m[1mLinking CXX shared library libunderground_world__rosidl_typesupport_c.so[0m
[4.422s] [ 42%] [32mBuilding C object CMakeFiles/underground_world__rosidl_typesupport_introspection_c.dir/rosidl_typesupport_introspection_c/underground_world/msg/detail/student_status__type_support.c.o[0m
[4.439s] [ 42%] Built target underground_world__rosidl_typesupport_c
[4.444s] [ 42%] [32mBuilding C object CMakeFiles/underground_world__rosidl_typesupport_introspection_c.dir/rosidl_typesupport_introspection_c/underground_world/srv/detail/payload_trigger__type_support.c.o[0m
[4.448s] [ 42%] [34m[1mGenerating C++ type support for eProsima Fast-RTPS[0m
[4.478s] [ 43%] [32m[1mLinking C shared library libunderground_world__rosidl_typesupport_introspection_c.so[0m
[4.503s] [ 43%] Built target underground_world__rosidl_typesupport_introspection_c
[4.512s] [ 44%] [32mBuilding CXX object CMakeFiles/underground_world__rosidl_typesupport_fastrtps_c.dir/rosidl_typesupport_fastrtps_c/underground_world/msg/detail/local_scan__type_support_c.cpp.o[0m
[4.661s] [ 45%] [34m[1mGenerating C++ introspection for ROS interfaces[0m
[4.804s] [ 46%] [32mBuilding CXX object CMakeFiles/underground_world__rosidl_typesupport_fastrtps_c.dir/rosidl_typesupport_fastrtps_c/underground_world/msg/detail/move_command__type_support_c.cpp.o[0m
[4.850s] [ 47%] [32mBuilding CXX object CMakeFiles/underground_world__rosidl_typesupport_fastrtps_cpp.dir/rosidl_typesupport_fastrtps_cpp/underground_world/msg/detail/dds_fastrtps/cell_observation__type_support.cpp.o[0m
[4.993s] [ 48%] [32mBuilding CXX object CMakeFiles/underground_world__rosidl_typesupport_introspection_cpp.dir/rosidl_typesupport_introspection_cpp/underground_world/msg/detail/cell_observation__type_support.cpp.o[0m
[5.091s] [ 48%] [32mBuilding CXX object CMakeFiles/underground_world__rosidl_typesupport_fastrtps_c.dir/rosidl_typesupport_fastrtps_c/underground_world/msg/detail/enemy_down__type_support_c.cpp.o[0m
[5.113s] [ 49%] [32mBuilding CXX object CMakeFiles/underground_world__rosidl_typesupport_fastrtps_cpp.dir/rosidl_typesupport_fastrtps_cpp/underground_world/msg/detail/dds_fastrtps/local_scan__type_support.cpp.o[0m
[5.199s] [ 50%] [32mBuilding CXX object CMakeFiles/underground_world__rosidl_typesupport_introspection_cpp.dir/rosidl_typesupport_introspection_cpp/underground_world/msg/detail/local_scan__type_support.cpp.o[0m
[5.340s] [ 51%] [32mBuilding CXX object CMakeFiles/underground_world__rosidl_typesupport_fastrtps_c.dir/rosidl_typesupport_fastrtps_c/underground_world/msg/detail/robot_metrics__type_support_c.cpp.o[0m
[5.393s] [ 52%] [32mBuilding CXX object CMakeFiles/underground_world__rosidl_typesupport_introspection_cpp.dir/rosidl_typesupport_introspection_cpp/underground_world/msg/detail/move_command__type_support.cpp.o[0m
[5.397s] [ 53%] [32mBuilding CXX object CMakeFiles/underground_world__rosidl_typesupport_fastrtps_cpp.dir/rosidl_typesupport_fastrtps_cpp/underground_world/msg/detail/dds_fastrtps/move_command__type_support.cpp.o[0m
[5.559s] [ 53%] [32mBuilding CXX object CMakeFiles/underground_world__rosidl_typesupport_introspection_cpp.dir/rosidl_typesupport_introspection_cpp/underground_world/msg/detail/enemy_down__type_support.cpp.o[0m
[5.593s] [ 54%] [32mBuilding CXX object CMakeFiles/underground_world__rosidl_typesupport_fastrtps_c.dir/rosidl_typesupport_fastrtps_c/underground_world/msg/detail/robot_result__type_support_c.cpp.o[0m
[5.653s] [ 55%] [32mBuilding CXX object CMakeFiles/underground_world__rosidl_typesupport_fastrtps_cpp.dir/rosidl_typesupport_fastrtps_cpp/underground_world/msg/detail/dds_fastrtps/enemy_down__type_support.cpp.o[0m
[5.728s] [ 56%] [32mBuilding CXX object CMakeFiles/underground_world__rosidl_typesupport_introspection_cpp.dir/rosidl_typesupport_introspection_cpp/underground_world/msg/detail/robot_metrics__type_support.cpp.o[0m
[5.847s] [ 57%] [32mBuilding CXX object CMakeFiles/underground_world__rosidl_typesupport_fastrtps_c.dir/rosidl_typesupport_fastrtps_c/underground_world/msg/detail/student_status__type_support_c.cpp.o[0m
[5.903s] [ 58%] [32mBuilding CXX object CMakeFiles/underground_world__rosidl_typesupport_introspection_cpp.dir/rosidl_typesupport_introspection_cpp/underground_world/msg/detail/robot_result__type_support.cpp.o[0m
[5.916s] [ 59%] [32mBuilding CXX object CMakeFiles/underground_world__rosidl_typesupport_fastrtps_cpp.dir/rosidl_typesupport_fastrtps_cpp/underground_world/msg/detail/dds_fastrtps/robot_metrics__type_support.cpp.o[0m
[5.916s] [ 60%] [32m[1mLinking CXX static library libgtest.a[0m
[5.983s] [ 60%] Built target gtest
[5.989s] [ 61%] [32mBuilding CXX object CMakeFiles/underground_world__rosidl_typesupport_introspection_cpp.dir/rosidl_typesupport_introspection_cpp/underground_world/msg/detail/student_status__type_support.cpp.o[0m
[6.093s] [ 62%] [32mBuilding CXX object CMakeFiles/underground_world__rosidl_typesupport_fastrtps_c.dir/rosidl_typesupport_fastrtps_c/underground_world/srv/detail/payload_trigger__type_support_c.cpp.o[0m
[6.108s] [ 62%] [32mBuilding CXX object CMakeFiles/underground_world__rosidl_typesupport_fastrtps_cpp.dir/rosidl_typesupport_fastrtps_cpp/underground_world/msg/detail/dds_fastrtps/robot_result__type_support.cpp.o[0m
[6.171s] [ 63%] [32mBuilding CXX object CMakeFiles/underground_world__rosidl_typesupport_introspection_cpp.dir/rosidl_typesupport_introspection_cpp/underground_world/srv/detail/payload_trigger__type_support.cpp.o[0m
[6.181s] [ 64%] [34m[1mGenerating C++ type support dispatch for ROS interfaces[0m
[6.370s] [ 65%] [32mBuilding CXX object CMakeFiles/underground_world__rosidl_typesupport_fastrtps_cpp.dir/rosidl_typesupport_fastrtps_cpp/underground_world/msg/detail/dds_fastrtps/student_status__type_support.cpp.o[0m
[6.379s] [ 66%] [32m[1mLinking CXX shared library libunderground_world__rosidl_typesupport_fastrtps_c.so[0m
[6.416s] [ 67%] [32m[1mLinking CXX shared library libunderground_world__rosidl_typesupport_introspection_cpp.so[0m
[6.426s] [ 67%] Built target underground_world__rosidl_typesupport_fastrtps_c
[6.431s] [ 68%] [32mBuilding CXX object CMakeFiles/underground_world__rosidl_typesupport_fastrtps_cpp.dir/rosidl_typesupport_fastrtps_cpp/underground_world/srv/detail/dds_fastrtps/payload_trigger__type_support.cpp.o[0m
[6.449s] [ 69%] [32mBuilding CXX object CMakeFiles/underground_world__rosidl_typesupport_cpp.dir/rosidl_typesupport_cpp/underground_world/msg/cell_observation__type_support.cpp.o[0m
[6.467s] [ 69%] Built target underground_world__rosidl_typesupport_introspection_cpp
[6.472s] [ 69%] [32mBuilding CXX object CMakeFiles/underground_world__rosidl_typesupport_cpp.dir/rosidl_typesupport_cpp/underground_world/msg/local_scan__type_support.cpp.o[0m
[6.615s] [ 70%] [32mBuilding CXX object CMakeFiles/underground_world__rosidl_typesupport_cpp.dir/rosidl_typesupport_cpp/underground_world/msg/move_command__type_support.cpp.o[0m
[6.623s] [ 71%] [32mBuilding CXX object CMakeFiles/underground_world__rosidl_typesupport_cpp.dir/rosidl_typesupport_cpp/underground_world/msg/enemy_down__type_support.cpp.o[0m
[6.647s] [ 72%] [32mBuilding CXX object CMakeFiles/underground_world__rosidl_typesupport_cpp.dir/rosidl_typesupport_cpp/underground_world/msg/robot_metrics__type_support.cpp.o[0m
[6.792s] [ 73%] [32mBuilding CXX object CMakeFiles/underground_world__rosidl_typesupport_cpp.dir/rosidl_typesupport_cpp/underground_world/msg/robot_result__type_support.cpp.o[0m
[6.798s] [ 74%] [32m[1mLinking CXX shared library libunderground_world__rosidl_typesupport_fastrtps_cpp.so[0m
[6.804s] [ 75%] [32mBuilding CXX object CMakeFiles/underground_world__rosidl_typesupport_cpp.dir/rosidl_typesupport_cpp/underground_world/msg/student_status__type_support.cpp.o[0m
[6.832s] [ 75%] [32mBuilding CXX object CMakeFiles/underground_world__rosidl_typesupport_cpp.dir/rosidl_typesupport_cpp/underground_world/srv/payload_trigger__type_support.cpp.o[0m
[6.843s] [ 75%] Built target underground_world__rosidl_typesupport_fastrtps_cpp
[7.066s] [ 76%] [32m[1mLinking CXX shared library libunderground_world__rosidl_typesupport_cpp.so[0m
[7.115s] [ 76%] Built target underground_world__rosidl_typesupport_cpp
[7.126s] [ 79%] [32mBuilding CXX object CMakeFiles/provided_world_contract_test.dir/test/provided_world_contract_test.cpp.o[0m
[7.126s] [ 79%] [32mBuilding CXX object CMakeFiles/underground_world_core.dir/src/world_model.cpp.o[0m
[7.128s] [ 79%] [32mBuilding CXX object CMakeFiles/underground_world_core.dir/src/scenario_loader.cpp.o[0m
[7.129s] [ 79%] Built target underground_world
[7.145s] [ 80%] [34m[1mGenerating Python code for ROS interfaces[0m
[7.657s] [ 81%] [32m[1mLinking CXX shared library libunderground_world_core.so[0m
[7.691s] [ 81%] Built target underground_world__py
[7.708s] [ 83%] [32mBuilding C object CMakeFiles/underground_world__rosidl_generator_py.dir/rosidl_generator_py/underground_world/msg/_local_scan_s.c.o[0m
[7.708s] [ 82%] [32mBuilding C object CMakeFiles/underground_world__rosidl_generator_py.dir/rosidl_generator_py/underground_world/msg/_cell_observation_s.c.o[0m
[7.760s] [ 83%] Built target underground_world_core
[7.774s] [ 84%] [32mBuilding CXX object CMakeFiles/underground_world_node.dir/src/underground_world_node.cpp.o[0m
[7.844s] [ 85%] [32mBuilding C object CMakeFiles/underground_world__rosidl_generator_py.dir/rosidl_generator_py/underground_world/msg/_move_command_s.c.o[0m
[7.844s] [ 86%] [32mBuilding CXX object CMakeFiles/mission_explorer_node.dir/src/mission_explorer_node.cpp.o[0m
[7.915s] [ 87%] [32mBuilding C object CMakeFiles/underground_world__rosidl_generator_py.dir/rosidl_generator_py/underground_world/msg/_enemy_down_s.c.o[0m
[7.987s] [ 87%] [32mBuilding C object CMakeFiles/underground_world__rosidl_generator_py.dir/rosidl_generator_py/underground_world/msg/_robot_metrics_s.c.o[0m
[8.088s] [ 88%] [32mBuilding C object CMakeFiles/underground_world__rosidl_generator_py.dir/rosidl_generator_py/underground_world/msg/_robot_result_s.c.o[0m
[8.152s] [ 89%] [32m[1mLinking CXX executable provided_world_contract_test[0m
[8.175s] [ 90%] [32mBuilding C object CMakeFiles/underground_world__rosidl_generator_py.dir/rosidl_generator_py/underground_world/msg/_student_status_s.c.o[0m
[8.217s] /usr/bin/ld: CMakeFiles/provided_world_contract_test.dir/test/provided_world_contract_test.cpp.o: in function `underground_world::(anonymous namespace)::reachable_cells_from_start(underground_world::Scenario const&)':
[8.217s] provided_world_contract_test.cpp:(.text+0x358): undefined reference to `underground_world::Scenario::is_passable(underground_world::Position) const'
[8.217s] /usr/bin/ld: CMakeFiles/provided_world_contract_test.dir/test/provided_world_contract_test.cpp.o: in function `underground_world::(anonymous namespace)::expect_valid_required_scenario(std::__cxx11::basic_string<char, std::char_traits<char>, std::allocator<char> > const&)':
[8.217s] provided_world_contract_test.cpp:(.text+0x543): undefined reference to `underground_world::load_scenario(std::filesystem::__cxx11::path const&)'
[8.217s] /usr/bin/ld: provided_world_contract_test.cpp:(.text+0x68f): undefined reference to `underground_world::Scenario::width() const'
[8.217s] /usr/bin/ld: provided_world_contract_test.cpp:(.text+0x779): undefined reference to `underground_world::Scenario::height() const'
[8.217s] /usr/bin/ld: provided_world_contract_test.cpp:(.text+0xb01): undefined reference to `underground_world::Scenario::is_passable(underground_world::Position) const'
[8.217s] /usr/bin/ld: provided_world_contract_test.cpp:(.text+0xc20): undefined reference to `underground_world::Scenario::base_cell(underground_world::Position) const'
[8.217s] /usr/bin/ld: CMakeFiles/provided_world_contract_test.dir/test/provided_world_contract_test.cpp.o: in function `underground_world::ProvidedWorldContractTest_ContactIdsAreStableAndOneBased_Test::TestBody()':
[8.217s] provided_world_contract_test.cpp:(.text+0x16d7): undefined reference to `underground_world::load_scenario(std::filesystem::__cxx11::path const&)'
[8.217s] /usr/bin/ld: provided_world_contract_test.cpp:(.text+0x1824): undefined reference to `underground_world::Scenario::is_passable(underground_world::Position) const'
[8.217s] /usr/bin/ld: CMakeFiles/provided_world_contract_test.dir/test/provided_world_contract_test.cpp.o: in function `underground_world::ProvidedWorldContractTest_InvalidMoveMetricCountsOnlyWallOrBoundsMoves_Test::TestBody()':
[8.217s] provided_world_contract_test.cpp:(.text+0x1b36): undefined reference to `underground_world::load_scenario(std::filesystem::__cxx11::path const&)'
[8.217s] /usr/bin/ld: provided_world_contract_test.cpp:(.text+0x1b4f): undefined reference to `underground_world::WorldModel::WorldModel(underground_world::Scenario)'
[8.217s] /usr/bin/ld: provided_world_contract_test.cpp:(.text+0x1b91): undefined reference to `underground_world::WorldModel::apply_move(unsigned char)'
[8.217s] /usr/bin/ld: provided_world_contract_test.cpp:(.text+0x1cb9): undefined reference to `underground_world::WorldModel::metrics() const'
[8.217s] /usr/bin/ld: provided_world_contract_test.cpp:(.text+0x1dae): undefined reference to `underground_world::WorldModel::apply_move(unsigned char)'
[8.217s] /usr/bin/ld: provided_world_contract_test.cpp:(.text+0x1ed6): undefined reference to `underground_world::WorldModel::metrics() const'
[8.217s] /usr/bin/ld: CMakeFiles/provided_world_contract_test.dir/test/provided_world_contract_test.cpp.o: in function `underground_world::ProvidedWorldContractTest_ProcessedContactIsPublishedAsX_Test::TestBody()':
[8.217s] provided_world_contract_test.cpp:(.text+0x22a2): undefined reference to `underground_world::load_scenario(std::filesystem::__cxx11::path const&)'
[8.217s] /usr/bin/ld: provided_world_contract_test.cpp:(.text+0x22bb): undefined reference to `underground_world::WorldModel::WorldModel(underground_world::Scenario)'
[8.217s] /usr/bin/ld: provided_world_contract_test.cpp:(.text+0x22fd): undefined reference to `underground_world::WorldModel::apply_move(unsigned char)'
[8.217s] /usr/bin/ld: provided_world_contract_test.cpp:(.text+0x2428): undefined reference to `underground_world::WorldModel::apply_move(unsigned char)'
[8.217s] /usr/bin/ld: provided_world_contract_test.cpp:(.text+0x2564): undefined reference to `underground_world::WorldModel::make_scan()'
[8.217s] /usr/bin/ld: provided_world_contract_test.cpp:(.text+0x295b): undefined reference to `underground_world::WorldModel::apply_enemy_down(int, underground_world::Position)'
[8.217s] /usr/bin/ld: provided_world_contract_test.cpp:(.text+0x2a8e): undefined reference to `underground_world::WorldModel::make_scan()'
[8.217s] /usr/bin/ld: provided_world_contract_test.cpp:(.text+0x2c3c): undefined reference to `underground_world::cell_kind_to_string[abi:cxx11](underground_world::CellKind)'
[8.218s] /usr/bin/ld: CMakeFiles/provided_world_contract_test.dir/test/provided_world_contract_test.cpp.o: in function `underground_world::ProvidedWorldContractTest_ActiveContactBlocksMovementUntilProcessed_Test::TestBody()':
[8.218s] provided_world_contract_test.cpp:(.text+0x34a2): undefined reference to `underground_world::load_scenario(std::filesystem::__cxx11::path const&)'
[8.218s] /usr/bin/ld: provided_world_contract_test.cpp:(.text+0x34bb): undefined reference to `underground_world::WorldModel::WorldModel(underground_world::Scenario)'
[8.218s] /usr/bin/ld: provided_world_contract_test.cpp:(.text+0x34fd): undefined reference to `underground_world::WorldModel::apply_move(unsigned char)'
[8.218s] /usr/bin/ld: provided_world_contract_test.cpp:(.text+0x3628): undefined reference to `underground_world::WorldModel::apply_move(unsigned char)'
[8.218s] /usr/bin/ld: provided_world_contract_test.cpp:(.text+0x375f): undefined reference to `underground_world::WorldModel::apply_move(unsigned char)'
[8.218s] /usr/bin/ld: provided_world_contract_test.cpp:(.text+0x3893): undefined reference to `underground_world::WorldModel::robot_position() const'
[8.218s] /usr/bin/ld: provided_world_contract_test.cpp:(.text+0x398b): undefined reference to `underground_world::WorldModel::metrics() const'
[8.218s] /usr/bin/ld: provided_world_contract_test.cpp:(.text+0x3ab0): undefined reference to `underground_world::WorldModel::apply_enemy_down(int, underground_world::Position)'
[8.218s] /usr/bin/ld: provided_world_contract_test.cpp:(.text+0x3bd2): undefined reference to `underground_world::WorldModel::apply_move(unsigned char)'
[8.218s] /usr/bin/ld: provided_world_contract_test.cpp:(.text+0x3d03): undefined reference to `underground_world::WorldModel::robot_position() const'
[8.218s] /usr/bin/ld: CMakeFiles/provided_world_contract_test.dir/test/provided_world_contract_test.cpp.o: in function `underground_world::ProvidedWorldContractTest_SuccessDoesNotRequireReturningToStart_Test::TestBody()':
[8.218s] provided_world_contract_test.cpp:(.text+0x4260): undefined reference to `underground_world::load_scenario(std::filesystem::__cxx11::path const&)'
[8.218s] /usr/bin/ld: provided_world_contract_test.cpp:(.text+0x4279): undefined reference to `underground_world::WorldModel::WorldModel(underground_world::Scenario)'
[8.218s] /usr/bin/ld: provided_world_contract_test.cpp:(.text+0x42bb): undefined reference to `underground_world::WorldModel::apply_move(unsigned char)'
[8.218s] /usr/bin/ld: provided_world_contract_test.cpp:(.text+0x43eb): undefined reference to `underground_world::WorldModel::make_scan()'
[8.218s] /usr/bin/ld: provided_world_contract_test.cpp:(.text+0x441a): undefined reference to `underground_world::WorldModel::apply_move(unsigned char)'
[8.218s] /usr/bin/ld: provided_world_contract_test.cpp:(.text+0x454a): undefined reference to `underground_world::WorldModel::make_scan()'
[8.218s] /usr/bin/ld: provided_world_contract_test.cpp:(.text+0x45a9): undefined reference to `underground_world::WorldModel::apply_enemy_down(int, underground_world::Position)'
[8.218s] /usr/bin/ld: provided_world_contract_test.cpp:(.text+0x46cb): undefined reference to `underground_world::WorldModel::apply_move(unsigned char)'
[8.218s] /usr/bin/ld: provided_world_contract_test.cpp:(.text+0x4804): undefined reference to `underground_world::WorldModel::make_scan()'
[8.218s] /usr/bin/ld: provided_world_contract_test.cpp:(.text+0x4833): undefined reference to `underground_world::WorldModel::apply_move(unsigned char)'
[8.218s] /usr/bin/ld: provided_world_contract_test.cpp:(.text+0x4960): undefined reference to `underground_world::WorldModel::make_scan()'
[8.218s] /usr/bin/ld: provided_world_contract_test.cpp:(.text+0x498f): undefined reference to `underground_world::WorldModel::apply_move(unsigned char)'
[8.218s] /usr/bin/ld: provided_world_contract_test.cpp:(.text+0x4abc): undefined reference to `underground_world::WorldModel::make_scan()'
[8.218s] /usr/bin/ld: provided_world_contract_test.cpp:(.text+0x4ae6): undefined reference to `underground_world::WorldModel::scenario() const'
[8.218s] /usr/bin/ld: provided_world_contract_test.cpp:(.text+0x4af8): undefined reference to `underground_world::WorldModel::robot_position() const'
[8.218s] /usr/bin/ld: provided_world_contract_test.cpp:(.text+0x4c28): undefined reference to `underground_world::WorldModel::result() const'
[8.229s] collect2: error: ld returned 1 exit status
[8.230s] gmake[2]: *** [CMakeFiles/provided_world_contract_test.dir/build.make:107: provided_world_contract_test] Error 1
[8.230s] gmake[1]: *** [CMakeFiles/Makefile2:788: CMakeFiles/provided_world_contract_test.dir/all] Error 2
[8.232s] gmake[1]: *** Waiting for unfinished jobs....
[8.237s] [ 91%] [32mBuilding C object CMakeFiles/underground_world__rosidl_generator_py.dir/rosidl_generator_py/underground_world/srv/_payload_trigger_s.c.o[0m
[8.325s] [ 92%] [32m[1mLinking C shared library libunderground_world__rosidl_generator_py.so[0m
[8.354s] [ 92%] Built target underground_world__rosidl_generator_py
[15.426s] [ 93%] [32m[1mLinking CXX executable mission_explorer_node[0m
[15.661s] [ 93%] Built target mission_explorer_node
[16.994s] [ 94%] [32m[1mLinking CXX executable underground_world_node[0m
[17.281s] [ 94%] Built target underground_world_node
[17.281s] gmake: *** [Makefile:146: all] Error 2
[17.283s] Invoked command in '/home/serviom/cpp-miltech/homework_14/build/underground_world' returned '2': CMAKE_PREFIX_PATH=${CMAKE_PREFIX_PATH}:/opt/ros/jazzy DEBUGINFOD_URLS=https://debuginfod.ubuntu.com /usr/bin/cmake --build /home/serviom/cpp-miltech/homework_14/build/underground_world -- -j4 -l4
