[01m[K/home/serviom/cpp-miltech/homework_13/robot_ws/src/antidrone_turret/src/turret_controller_node.cpp:[m[K In constructor ‘[01m[KTurretControllerNode::[01;32m[KTurretControllerNode[m[K()[m[K’:
[01m[K/home/serviom/cpp-miltech/homework_13/robot_ws/src/antidrone_turret/src/turret_controller_node.cpp:10:9:[m[K [01;31m[Kerror: [m[K‘[01m[Ktarget_sub_[m[K’ was not declared in this scope
   10 |         [01;31m[Ktarget_sub_[m[K = this->create_subscription<antidrone_turret::msg::Target>(
      |         [01;31m[K^~~~~~~~~~~[m[K
[01m[K/home/serviom/cpp-miltech/homework_13/robot_ws/src/antidrone_turret/src/turret_controller_node.cpp:[m[K In member function ‘[01m[Kvoid TurretControllerNode::[01;32m[Kprocess[m[K(antidrone_turret::msg::Target_<std::allocator<void> >::SharedPtr)[m[K’:
[01m[K/home/serviom/cpp-miltech/homework_13/robot_ws/src/antidrone_turret/src/turret_controller_node.cpp:19:23:[m[K [01;31m[Kerror: [m[K‘[01m[Kusing std::__shared_ptr_access<antidrone_turret::msg::Target_<std::allocator<void> >, __gnu_cxx::_S_atomic, false, false>::element_type = struct antidrone_turret::msg::Target_<std::allocator<void> >[m[K’ {aka ‘[01m[Kstruct antidrone_turret::msg::Target_<std::allocator<void> >[m[K’} has no member named ‘[01m[Kdistance[m[K’; did you mean ‘[01m[Kdistance_m[m[K’?
   19 |         Target t{msg->[01;31m[Kdistance[m[K, msg->azimuth, msg->elevation, msg->locked};
      |                       [01;31m[K^~~~~~~~[m[K
      |                       [32m[Kdistance_m[m[K
[01m[K/home/serviom/cpp-miltech/homework_13/robot_ws/src/antidrone_turret/src/turret_controller_node.cpp:19:38:[m[K [01;31m[Kerror: [m[K‘[01m[Kusing std::__shared_ptr_access<antidrone_turret::msg::Target_<std::allocator<void> >, __gnu_cxx::_S_atomic, false, false>::element_type = struct antidrone_turret::msg::Target_<std::allocator<void> >[m[K’ {aka ‘[01m[Kstruct antidrone_turret::msg::Target_<std::allocator<void> >[m[K’} has no member named ‘[01m[Kazimuth[m[K’
   19 |         Target t{msg->distance, msg->[01;31m[Kazimuth[m[K, msg->elevation, msg->locked};
      |                                      [01;31m[K^~~~~~~[m[K
[01m[K/home/serviom/cpp-miltech/homework_13/robot_ws/src/antidrone_turret/src/turret_controller_node.cpp:19:52:[m[K [01;31m[Kerror: [m[K‘[01m[Kusing std::__shared_ptr_access<antidrone_turret::msg::Target_<std::allocator<void> >, __gnu_cxx::_S_atomic, false, false>::element_type = struct antidrone_turret::msg::Target_<std::allocator<void> >[m[K’ {aka ‘[01m[Kstruct antidrone_turret::msg::Target_<std::allocator<void> >[m[K’} has no member named ‘[01m[Kelevation[m[K’
   19 |         Target t{msg->distance, msg->azimuth, msg->[01;31m[Kelevation[m[K, msg->locked};
      |                                                    [01;31m[K^~~~~~~~~[m[K
[01m[K/home/serviom/cpp-miltech/homework_13/robot_ws/src/antidrone_turret/src/turret_controller_node.cpp:19:68:[m[K [01;31m[Kerror: [m[K‘[01m[Kusing std::__shared_ptr_access<antidrone_turret::msg::Target_<std::allocator<void> >, __gnu_cxx::_S_atomic, false, false>::element_type = struct antidrone_turret::msg::Target_<std::allocator<void> >[m[K’ {aka ‘[01m[Kstruct antidrone_turret::msg::Target_<std::allocator<void> >[m[K’} has no member named ‘[01m[Klocked[m[K’
   19 |         Target t{msg->distance, msg->azimuth, msg->elevation, msg->[01;31m[Klocked[m[K};
      |                                                                    [01;31m[K^~~~~~[m[K
[01m[K/home/serviom/cpp-miltech/homework_13/robot_ws/src/antidrone_turret/src/turret_controller_node.cpp:22:54:[m[K [01;31m[Kerror: [m[Kcannot convert ‘[01m[Kantidrone_turret::msg::ActuatorStatus[m[K’ {aka ‘[01m[Kantidrone_turret::msg::ActuatorStatus_<std::allocator<void> >[m[K’} to ‘[01m[KActuatorStatus[m[K’
   22 |         auto result = TurretController::calculate(t, [01;31m[Kcurrent_actuator_status_[m[K);
      |                                                      [01;31m[K^~~~~~~~~~~~~~~~~~~~~~~~[m[K
      |                                                      [01;31m[K|[m[K
      |                                                      [01;31m[Kantidrone_turret::msg::ActuatorStatus {aka antidrone_turret::msg::ActuatorStatus_<std::allocator<void> >}[m[K
In file included from [01m[K/home/serviom/cpp-miltech/homework_13/robot_ws/src/antidrone_turret/src/turret_controller_node.cpp:2[m[K:
[01m[K/home/serviom/cpp-miltech/homework_13/robot_ws/src/antidrone_turret/include/antidrone_turret/turret_logic.hpp:47:66:[m[K [01;36m[Knote: [m[K  initializing argument 2 of ‘[01m[Kstatic TurretController::Output TurretController::[01;32m[Kcalculate[m[K(const Target&, ActuatorStatus)[m[K’
   47 |     static Output calculate(const Target& target, [01;36m[KActuatorStatus actuator[m[K) {
      |                                                   [01;36m[K~~~~~~~~~~~~~~~^~~~~~~~[m[K
gmake[2]: *** [CMakeFiles/turret_controller_node.dir/build.make:76: CMakeFiles/turret_controller_node.dir/src/turret_controller_node.cpp.o] Error 1
gmake[1]: *** [CMakeFiles/Makefile2:725: CMakeFiles/turret_controller_node.dir/all] Error 2
gmake[1]: *** Waiting for unfinished jobs....
gmake: *** [Makefile:146: all] Error 2
