[0.047s] Invoking command in '/home/serviom/cpp-miltech/homework_13/robot_ws/src/build/antidrone_turret': CMAKE_PREFIX_PATH=${CMAKE_PREFIX_PATH}:/opt/ros/jazzy DEBUGINFOD_URLS=https://debuginfod.ubuntu.com /usr/bin/cmake /home/serviom/cpp-miltech/homework_13/robot_ws/src/antidrone_turret -DCMAKE_INSTALL_PREFIX=/home/serviom/cpp-miltech/homework_13/robot_ws/src/install/antidrone_turret
[0.362s] -- The C compiler identification is GNU 13.3.0
[0.510s] -- The CXX compiler identification is GNU 13.3.0
[0.546s] -- Detecting C compiler ABI info
[0.691s] -- Detecting C compiler ABI info - done
[0.700s] -- Check for working C compiler: /usr/bin/cc - skipped
[0.702s] -- Detecting C compile features
[0.703s] -- Detecting C compile features - done
[0.720s] -- Detecting CXX compiler ABI info
[0.863s] -- Detecting CXX compiler ABI info - done
[0.879s] -- Check for working CXX compiler: /usr/bin/c++ - skipped
[0.879s] -- Detecting CXX compile features
[0.880s] -- Detecting CXX compile features - done
[0.891s] -- Found ament_cmake_auto: 2.5.6 (/opt/ros/jazzy/share/ament_cmake_auto/cmake)
[1.136s] -- Found Python3: /usr/bin/python3 (found version "3.12.3") found components: Interpreter 
[1.605s] -- Using all available rosidl_typesupport_c: rosidl_typesupport_fastrtps_c;rosidl_typesupport_introspection_c
[1.733s] -- Using all available rosidl_typesupport_cpp: rosidl_typesupport_fastrtps_cpp;rosidl_typesupport_introspection_cpp
[1.863s] -- Found rosidl_adapter: 4.6.9 (/opt/ros/jazzy/share/rosidl_adapter/cmake)
[2.070s] -- Found rmw_implementation_cmake: 7.3.3 (/opt/ros/jazzy/share/rmw_implementation_cmake/cmake)
[2.080s] -- Found rmw_cyclonedds_cpp: 2.2.3 (/opt/ros/jazzy/share/rmw_cyclonedds_cpp/cmake)
[2.163s] -- Using RMW implementation 'rmw_cyclonedds_cpp' as default
[3.107s] -- Found ament_cmake_ros: 0.12.1 (/opt/ros/jazzy/share/ament_cmake_ros/cmake)
[3.691s] -- Using all available rosidl_typesupport_c: rosidl_typesupport_fastrtps_c;rosidl_typesupport_introspection_c
[4.496s] -- Using all available rosidl_typesupport_cpp: rosidl_typesupport_fastrtps_cpp;rosidl_typesupport_introspection_cpp
[4.503s] -- Found python_cmake_module: 0.11.1 (/opt/ros/jazzy/share/python_cmake_module/cmake)
[4.685s] -- Found PythonExtra: /usr/bin/python3  
[5.414s] -- Found Python3: /usr/bin/python3 (found version "3.12.3") found components: Interpreter Development NumPy Development.Module Development.Embed 
[5.517s] -- Found Python3: /usr/bin/python3 (found version "3.12.3") found components: Interpreter 
[5.535s] -- Found gtest sources under '/opt/ros/jazzy/src/gtest_vendor': C++ tests using 'Google Test' will be built
[5.546s] -- Performing Test CMAKE_HAVE_LIBC_PTHREAD
[5.679s] -- Performing Test CMAKE_HAVE_LIBC_PTHREAD - Success
[5.680s] -- Found Threads: TRUE  
[5.713s] -- Configuring done (5.6s)
[5.926s] -- Generating done (0.2s)
[5.959s] -- Build files have been written to: /home/serviom/cpp-miltech/homework_13/robot_ws/src/build/antidrone_turret
[5.979s] Invoked command in '/home/serviom/cpp-miltech/homework_13/robot_ws/src/build/antidrone_turret' returned '0': CMAKE_PREFIX_PATH=${CMAKE_PREFIX_PATH}:/opt/ros/jazzy DEBUGINFOD_URLS=https://debuginfod.ubuntu.com /usr/bin/cmake /home/serviom/cpp-miltech/homework_13/robot_ws/src/antidrone_turret -DCMAKE_INSTALL_PREFIX=/home/serviom/cpp-miltech/homework_13/robot_ws/src/install/antidrone_turret
[5.981s] Invoking command in '/home/serviom/cpp-miltech/homework_13/robot_ws/src/build/antidrone_turret': CMAKE_PREFIX_PATH=${CMAKE_PREFIX_PATH}:/opt/ros/jazzy DEBUGINFOD_URLS=https://debuginfod.ubuntu.com /usr/bin/cmake --build /home/serviom/cpp-miltech/homework_13/robot_ws/src/build/antidrone_turret -- -j2 -l2
[6.064s] [  1%] [34m[1mGenerating type hashes for ROS interfaces[0m
[6.064s] [  2%] [34m[1mGenerating Rust code for ROS interfaces[0m
[6.644s] [  2%] Built target antidrone_turret__rosidl_generator_type_description
[6.694s] [  2%] Built target ament_cmake_python_copy_antidrone_turret
[6.731s] [  3%] [32mBuilding CXX object gtest/CMakeFiles/gtest_main.dir/src/gtest_main.cc.o[0m
[6.833s] [  3%] Built target antidrone_turret__rs
[6.867s] [  4%] [32mBuilding CXX object gtest/CMakeFiles/gtest.dir/src/gtest-all.cc.o[0m
[9.119s] [  5%] [32m[1mLinking CXX static library libgtest_main.a[0m
[9.339s] [  5%] Built target gtest_main
[9.363s] [  6%] [34m[1mGenerating C code for ROS interfaces[0m
[11.172s] [  7%] [32mBuilding C object CMakeFiles/antidrone_turret__rosidl_generator_c.dir/rosidl_generator_c/antidrone_turret/msg/detail/target__description.c.o[0m
[11.277s] [  8%] [32mBuilding C object CMakeFiles/antidrone_turret__rosidl_generator_c.dir/rosidl_generator_c/antidrone_turret/msg/detail/target__functions.c.o[0m
[11.369s] [  9%] [32mBuilding C object CMakeFiles/antidrone_turret__rosidl_generator_c.dir/rosidl_generator_c/antidrone_turret/msg/detail/target__type_support.c.o[0m
[11.432s] [ 10%] [32mBuilding C object CMakeFiles/antidrone_turret__rosidl_generator_c.dir/rosidl_generator_c/antidrone_turret/msg/detail/actuator_status__description.c.o[0m
[11.504s] [ 11%] [32mBuilding C object CMakeFiles/antidrone_turret__rosidl_generator_c.dir/rosidl_generator_c/antidrone_turret/msg/detail/actuator_status__functions.c.o[0m
[11.599s] [ 12%] [32mBuilding C object CMakeFiles/antidrone_turret__rosidl_generator_c.dir/rosidl_generator_c/antidrone_turret/msg/detail/actuator_status__type_support.c.o[0m
[11.651s] [ 13%] [32mBuilding C object CMakeFiles/antidrone_turret__rosidl_generator_c.dir/rosidl_generator_c/antidrone_turret/msg/detail/gimbal_command__description.c.o[0m
[11.722s] [ 14%] [32mBuilding C object CMakeFiles/antidrone_turret__rosidl_generator_c.dir/rosidl_generator_c/antidrone_turret/msg/detail/gimbal_command__functions.c.o[0m
[11.834s] [ 15%] [32mBuilding C object CMakeFiles/antidrone_turret__rosidl_generator_c.dir/rosidl_generator_c/antidrone_turret/msg/detail/gimbal_command__type_support.c.o[0m
[11.889s] [ 16%] [32mBuilding C object CMakeFiles/antidrone_turret__rosidl_generator_c.dir/rosidl_generator_c/antidrone_turret/msg/detail/servo_command__description.c.o[0m
[11.954s] [ 17%] [32mBuilding C object CMakeFiles/antidrone_turret__rosidl_generator_c.dir/rosidl_generator_c/antidrone_turret/msg/detail/servo_command__functions.c.o[0m
[12.100s] [ 18%] [32mBuilding C object CMakeFiles/antidrone_turret__rosidl_generator_c.dir/rosidl_generator_c/antidrone_turret/msg/detail/servo_command__type_support.c.o[0m
[12.171s] [ 19%] [32mBuilding C object CMakeFiles/antidrone_turret__rosidl_generator_c.dir/rosidl_generator_c/antidrone_turret/msg/detail/turret_status__description.c.o[0m
[12.247s] [ 20%] [32mBuilding C object CMakeFiles/antidrone_turret__rosidl_generator_c.dir/rosidl_generator_c/antidrone_turret/msg/detail/turret_status__functions.c.o[0m
[12.337s] [ 21%] [32mBuilding C object CMakeFiles/antidrone_turret__rosidl_generator_c.dir/rosidl_generator_c/antidrone_turret/msg/detail/turret_status__type_support.c.o[0m
[12.403s] [ 22%] [32mBuilding C object CMakeFiles/antidrone_turret__rosidl_generator_c.dir/rosidl_generator_c/antidrone_turret/srv/detail/trigger_actuator__description.c.o[0m
[12.503s] [ 23%] [32mBuilding C object CMakeFiles/antidrone_turret__rosidl_generator_c.dir/rosidl_generator_c/antidrone_turret/srv/detail/trigger_actuator__functions.c.o[0m
[12.625s] [ 24%] [32mBuilding C object CMakeFiles/antidrone_turret__rosidl_generator_c.dir/rosidl_generator_c/antidrone_turret/srv/detail/trigger_actuator__type_support.c.o[0m
[12.716s] [ 25%] [32m[1mLinking C shared library libantidrone_turret__rosidl_generator_c.so[0m
[12.796s] [ 25%] Built target antidrone_turret__rosidl_generator_c
[12.841s] [ 26%] [34m[1mGenerating C++ code for ROS interfaces[0m
[14.116s] [ 26%] Built target antidrone_turret__cpp
[14.654s] running egg_info
[14.656s] creating antidrone_turret.egg-info
[14.683s] writing antidrone_turret.egg-info/PKG-INFO
[14.684s] writing dependency_links to antidrone_turret.egg-info/dependency_links.txt
[14.684s] writing top-level names to antidrone_turret.egg-info/top_level.txt
[14.684s] writing manifest file 'antidrone_turret.egg-info/SOURCES.txt'
[14.767s] reading manifest file 'antidrone_turret.egg-info/SOURCES.txt'
[14.768s] writing manifest file 'antidrone_turret.egg-info/SOURCES.txt'
[14.827s] [ 26%] Built target ament_cmake_python_build_antidrone_turret_egg
[14.847s] [ 27%] [34m[1mGenerating C type support for eProsima Fast-RTPS[0m
[15.966s] [ 28%] [32mBuilding CXX object CMakeFiles/antidrone_turret__rosidl_typesupport_fastrtps_c.dir/rosidl_typesupport_fastrtps_c/antidrone_turret/msg/detail/target__type_support_c.cpp.o[0m
[16.000s] [ 29%] [32m[1mLinking CXX static library libgtest.a[0m
[16.153s] [ 29%] Built target gtest
[16.170s] [ 30%] [34m[1mGenerating C introspection for ROS interfaces[0m
[16.692s] [ 31%] [32mBuilding CXX object CMakeFiles/antidrone_turret__rosidl_typesupport_fastrtps_c.dir/rosidl_typesupport_fastrtps_c/antidrone_turret/msg/detail/actuator_status__type_support_c.cpp.o[0m
[17.007s] [ 32%] [32mBuilding C object CMakeFiles/antidrone_turret__rosidl_typesupport_introspection_c.dir/rosidl_typesupport_introspection_c/antidrone_turret/msg/detail/target__type_support.c.o[0m
[17.078s] [ 33%] [32mBuilding C object CMakeFiles/antidrone_turret__rosidl_typesupport_introspection_c.dir/rosidl_typesupport_introspection_c/antidrone_turret/msg/detail/actuator_status__type_support.c.o[0m
[17.132s] [ 34%] [32mBuilding C object CMakeFiles/antidrone_turret__rosidl_typesupport_introspection_c.dir/rosidl_typesupport_introspection_c/antidrone_turret/msg/detail/gimbal_command__type_support.c.o[0m
[17.191s] [ 35%] [32mBuilding C object CMakeFiles/antidrone_turret__rosidl_typesupport_introspection_c.dir/rosidl_typesupport_introspection_c/antidrone_turret/msg/detail/servo_command__type_support.c.o[0m
[17.249s] [ 36%] [32mBuilding C object CMakeFiles/antidrone_turret__rosidl_typesupport_introspection_c.dir/rosidl_typesupport_introspection_c/antidrone_turret/msg/detail/turret_status__type_support.c.o[0m
[17.308s] [ 37%] [32mBuilding C object CMakeFiles/antidrone_turret__rosidl_typesupport_introspection_c.dir/rosidl_typesupport_introspection_c/antidrone_turret/srv/detail/trigger_actuator__type_support.c.o[0m
[17.408s] [ 38%] [32mBuilding CXX object CMakeFiles/antidrone_turret__rosidl_typesupport_fastrtps_c.dir/rosidl_typesupport_fastrtps_c/antidrone_turret/msg/detail/gimbal_command__type_support_c.cpp.o[0m
[17.415s] [ 39%] [32m[1mLinking C shared library libantidrone_turret__rosidl_typesupport_introspection_c.so[0m
[17.498s] [ 39%] Built target antidrone_turret__rosidl_typesupport_introspection_c
[17.514s] [ 40%] [34m[1mGenerating C type support dispatch for ROS interfaces[0m
[18.181s] [ 41%] [32mBuilding CXX object CMakeFiles/antidrone_turret__rosidl_typesupport_fastrtps_c.dir/rosidl_typesupport_fastrtps_c/antidrone_turret/msg/detail/servo_command__type_support_c.cpp.o[0m
[18.219s] [ 42%] [32mBuilding CXX object CMakeFiles/antidrone_turret__rosidl_typesupport_c.dir/rosidl_typesupport_c/antidrone_turret/msg/target__type_support.cpp.o[0m
[18.287s] [ 43%] [32mBuilding CXX object CMakeFiles/antidrone_turret__rosidl_typesupport_c.dir/rosidl_typesupport_c/antidrone_turret/msg/actuator_status__type_support.cpp.o[0m
[18.352s] [ 44%] [32mBuilding CXX object CMakeFiles/antidrone_turret__rosidl_typesupport_c.dir/rosidl_typesupport_c/antidrone_turret/msg/gimbal_command__type_support.cpp.o[0m
[18.423s] [ 45%] [32mBuilding CXX object CMakeFiles/antidrone_turret__rosidl_typesupport_c.dir/rosidl_typesupport_c/antidrone_turret/msg/servo_command__type_support.cpp.o[0m
[18.514s] [ 46%] [32mBuilding CXX object CMakeFiles/antidrone_turret__rosidl_typesupport_c.dir/rosidl_typesupport_c/antidrone_turret/msg/turret_status__type_support.cpp.o[0m
[18.589s] [ 47%] [32mBuilding CXX object CMakeFiles/antidrone_turret__rosidl_typesupport_c.dir/rosidl_typesupport_c/antidrone_turret/srv/trigger_actuator__type_support.cpp.o[0m
[18.678s] [ 48%] [32m[1mLinking CXX shared library libantidrone_turret__rosidl_typesupport_c.so[0m
[18.764s] [ 48%] Built target antidrone_turret__rosidl_typesupport_c
[18.780s] [ 49%] [32mBuilding CXX object CMakeFiles/antidrone_turret__rosidl_typesupport_fastrtps_c.dir/rosidl_typesupport_fastrtps_c/antidrone_turret/msg/detail/turret_status__type_support_c.cpp.o[0m
[18.890s] [ 50%] [34m[1mGenerating C++ type support for eProsima Fast-RTPS[0m
[19.467s] [ 51%] [32mBuilding CXX object CMakeFiles/antidrone_turret__rosidl_typesupport_fastrtps_c.dir/rosidl_typesupport_fastrtps_c/antidrone_turret/srv/detail/trigger_actuator__type_support_c.cpp.o[0m
[19.836s] [ 52%] [32mBuilding CXX object CMakeFiles/antidrone_turret__rosidl_typesupport_fastrtps_cpp.dir/rosidl_typesupport_fastrtps_cpp/antidrone_turret/msg/detail/dds_fastrtps/target__type_support.cpp.o[0m
[20.317s] [ 53%] [32m[1mLinking CXX shared library libantidrone_turret__rosidl_typesupport_fastrtps_c.so[0m
[20.397s] [ 53%] Built target antidrone_turret__rosidl_typesupport_fastrtps_c
[20.415s] [ 54%] [32mBuilding CXX object CMakeFiles/antidrone_turret__rosidl_typesupport_fastrtps_cpp.dir/rosidl_typesupport_fastrtps_cpp/antidrone_turret/msg/detail/dds_fastrtps/actuator_status__type_support.cpp.o[0m
[20.549s] [ 55%] [32mBuilding CXX object CMakeFiles/antidrone_turret__rosidl_typesupport_fastrtps_cpp.dir/rosidl_typesupport_fastrtps_cpp/antidrone_turret/msg/detail/dds_fastrtps/gimbal_command__type_support.cpp.o[0m
[21.341s] [ 56%] [34m[1mGenerating C++ introspection for ROS interfaces[0m
[21.451s] [ 57%] [32mBuilding CXX object CMakeFiles/antidrone_turret__rosidl_typesupport_fastrtps_cpp.dir/rosidl_typesupport_fastrtps_cpp/antidrone_turret/msg/detail/dds_fastrtps/servo_command__type_support.cpp.o[0m
[22.166s] [ 58%] [32mBuilding CXX object CMakeFiles/antidrone_turret__rosidl_typesupport_introspection_cpp.dir/rosidl_typesupport_introspection_cpp/antidrone_turret/msg/detail/target__type_support.cpp.o[0m
[22.212s] [ 59%] [32mBuilding CXX object CMakeFiles/antidrone_turret__rosidl_typesupport_fastrtps_cpp.dir/rosidl_typesupport_fastrtps_cpp/antidrone_turret/msg/detail/dds_fastrtps/turret_status__type_support.cpp.o[0m
[22.649s] [ 60%] [32mBuilding CXX object CMakeFiles/antidrone_turret__rosidl_typesupport_introspection_cpp.dir/rosidl_typesupport_introspection_cpp/antidrone_turret/msg/detail/actuator_status__type_support.cpp.o[0m
[22.974s] [ 61%] [32mBuilding CXX object CMakeFiles/antidrone_turret__rosidl_typesupport_fastrtps_cpp.dir/rosidl_typesupport_fastrtps_cpp/antidrone_turret/srv/detail/dds_fastrtps/trigger_actuator__type_support.cpp.o[0m
[23.171s] [ 62%] [32mBuilding CXX object CMakeFiles/antidrone_turret__rosidl_typesupport_introspection_cpp.dir/rosidl_typesupport_introspection_cpp/antidrone_turret/msg/detail/gimbal_command__type_support.cpp.o[0m
[23.626s] [ 63%] [32mBuilding CXX object CMakeFiles/antidrone_turret__rosidl_typesupport_introspection_cpp.dir/rosidl_typesupport_introspection_cpp/antidrone_turret/msg/detail/servo_command__type_support.cpp.o[0m
[23.839s] [ 64%] [32m[1mLinking CXX shared library libantidrone_turret__rosidl_typesupport_fastrtps_cpp.so[0m
[23.968s] [ 64%] Built target antidrone_turret__rosidl_typesupport_fastrtps_cpp
[23.983s] [ 65%] [34m[1mGenerating C++ type support dispatch for ROS interfaces[0m
[24.074s] [ 66%] [32mBuilding CXX object CMakeFiles/antidrone_turret__rosidl_typesupport_introspection_cpp.dir/rosidl_typesupport_introspection_cpp/antidrone_turret/msg/detail/turret_status__type_support.cpp.o[0m
[24.613s] [ 67%] [32mBuilding CXX object CMakeFiles/antidrone_turret__rosidl_typesupport_introspection_cpp.dir/rosidl_typesupport_introspection_cpp/antidrone_turret/srv/detail/trigger_actuator__type_support.cpp.o[0m
[24.688s] [ 68%] [32mBuilding CXX object CMakeFiles/antidrone_turret__rosidl_typesupport_cpp.dir/rosidl_typesupport_cpp/antidrone_turret/msg/target__type_support.cpp.o[0m
[25.136s] [ 69%] [32mBuilding CXX object CMakeFiles/antidrone_turret__rosidl_typesupport_cpp.dir/rosidl_typesupport_cpp/antidrone_turret/msg/actuator_status__type_support.cpp.o[0m
[25.208s] [ 70%] [32m[1mLinking CXX shared library libantidrone_turret__rosidl_typesupport_introspection_cpp.so[0m
[25.336s] [ 70%] Built target antidrone_turret__rosidl_typesupport_introspection_cpp
[25.350s] [ 71%] [32mBuilding CXX object CMakeFiles/antidrone_turret__rosidl_typesupport_cpp.dir/rosidl_typesupport_cpp/antidrone_turret/msg/gimbal_command__type_support.cpp.o[0m
[25.612s] [ 72%] [32mBuilding CXX object CMakeFiles/provided_logic_test.dir/test/provided_logic_test.cpp.o[0m
[25.795s] [ 73%] [32mBuilding CXX object CMakeFiles/antidrone_turret__rosidl_typesupport_cpp.dir/rosidl_typesupport_cpp/antidrone_turret/msg/servo_command__type_support.cpp.o[0m
[26.247s] [ 74%] [32mBuilding CXX object CMakeFiles/antidrone_turret__rosidl_typesupport_cpp.dir/rosidl_typesupport_cpp/antidrone_turret/msg/turret_status__type_support.cpp.o[0m
[26.753s] [ 75%] [32mBuilding CXX object CMakeFiles/antidrone_turret__rosidl_typesupport_cpp.dir/rosidl_typesupport_cpp/antidrone_turret/srv/trigger_actuator__type_support.cpp.o[0m
[27.395s] [ 76%] [32m[1mLinking CXX shared library libantidrone_turret__rosidl_typesupport_cpp.so[0m
[27.525s] [ 76%] Built target antidrone_turret__rosidl_typesupport_cpp
[27.559s] [ 76%] Built target antidrone_turret
[27.591s] [ 77%] [32mBuilding CXX object CMakeFiles/target_track_publisher_node.dir/src/target_track_publisher_node.cpp.o[0m
[28.390s] [ 78%] [32m[1mLinking CXX executable provided_logic_test[0m
[28.699s] [ 78%] Built target provided_logic_test
[28.727s] [ 78%] [32mBuilding CXX object CMakeFiles/actuator_node.dir/src/actuator_node.cpp.o[0m
[43.041s] [ 79%] [32m[1mLinking CXX executable actuator_node[0m
[43.605s] [ 79%] Built target actuator_node
[46.895s] [ 80%] [32m[1mLinking CXX executable target_track_publisher_node[0m
[47.345s] [ 80%] Built target target_track_publisher_node
[47.379s] [ 81%] [32mBuilding CXX object CMakeFiles/turret_controller_node.dir/src/turret_controller_node.cpp.o[0m
[51.547s] [01m[K/home/serviom/cpp-miltech/homework_13/robot_ws/src/antidrone_turret/src/turret_controller_node.cpp:118:44:[m[K [01;31m[Kerror: [m[K‘[01m[KTurretStatus[m[K’ is not a member of ‘[01m[Kantidrone_turret::msg[m[K’; did you mean ‘[01m[Kturret_logic::TurretStatus[m[K’?
[51.548s]   118 |   rclcpp::Publisher<antidrone_turret::msg::[01;31m[KTurretStatus[m[K>::SharedPtr turret_status_pub_;
[51.548s]       |                                            [01;31m[K^~~~~~~~~~~~[m[K
[51.548s] In file included from [01m[K/home/serviom/cpp-miltech/homework_13/robot_ws/src/antidrone_turret/src/turret_controller_node.cpp:2[m[K:
[51.548s] [01m[K/home/serviom/cpp-miltech/homework_13/robot_ws/src/antidrone_turret/include/antidrone_turret/turret_logic.hpp:70:8:[m[K [01;36m[Knote: [m[K‘[01m[Kturret_logic::TurretStatus[m[K’ declared here
[51.548s]    70 | struct [01;36m[KTurretStatus[m[K {
[51.549s]       |        [01;36m[K^~~~~~~~~~~~[m[K
[51.549s] [01m[K/home/serviom/cpp-miltech/homework_13/robot_ws/src/antidrone_turret/src/turret_controller_node.cpp:118:56:[m[K [01;31m[Kerror: [m[Ktemplate argument 1 is invalid
[51.549s]   118 |   rclcpp::Publisher<antidrone_turret::msg::TurretStatus[01;31m[K>[m[K::SharedPtr turret_status_pub_;
[51.549s]       |                                                        [01;31m[K^[m[K
[51.549s] [01m[K/home/serviom/cpp-miltech/homework_13/robot_ws/src/antidrone_turret/src/turret_controller_node.cpp:118:59:[m[K [01;31m[Kerror: [m[Kexpected ‘[01m[K;[m[K’ at end of member declaration
[51.549s]   118 |   rclcpp::Publisher<antidrone_turret::msg::TurretStatus>::[01;31m[KSharedPtr[m[K turret_status_pub_;
[51.549s]       |                                                           [01;31m[K^~~~~~~~~[m[K
[51.549s]       |                                                                    [32m[K;[m[K
[51.553s] [01m[K/home/serviom/cpp-miltech/homework_13/robot_ws/src/antidrone_turret/src/turret_controller_node.cpp:118:69:[m[K [01;31m[Kerror: [m[K‘[01m[Kturret_status_pub_[m[K’ does not name a type
[51.553s]   118 |   rclcpp::Publisher<antidrone_turret::msg::TurretStatus>::SharedPtr [01;31m[Kturret_status_pub_[m[K;
[51.554s]       |                                                                     [01;31m[K^~~~~~~~~~~~~~~~~~[m[K
[51.674s] [01m[K/home/serviom/cpp-miltech/homework_13/robot_ws/src/antidrone_turret/src/turret_controller_node.cpp:[m[K In constructor ‘[01m[KTurretControllerNode::[01;32m[KTurretControllerNode[m[K()[m[K’:
[51.674s] [01m[K/home/serviom/cpp-miltech/homework_13/robot_ws/src/antidrone_turret/src/turret_controller_node.cpp:32:5:[m[K [01;31m[Kerror: [m[K‘[01m[Kturret_status_pub_[m[K’ was not declared in this scope
[51.674s]    32 |     [01;31m[Kturret_status_pub_[m[K = this->create_publisher<antidrone_turret::msg::TurretStatus>("/turret/status", 10);
[51.674s]       |     [01;31m[K^~~~~~~~~~~~~~~~~~[m[K
[51.675s] [01m[K/home/serviom/cpp-miltech/homework_13/robot_ws/src/antidrone_turret/src/turret_controller_node.cpp:32:72:[m[K [01;31m[Kerror: [m[K‘[01m[KTurretStatus[m[K’ is not a member of ‘[01m[Kantidrone_turret::msg[m[K’; did you mean ‘[01m[Kturret_logic::TurretStatus[m[K’?
[51.675s]    32 |     turret_status_pub_ = this->create_publisher<antidrone_turret::msg::[01;31m[KTurretStatus[m[K>("/turret/status", 10);
[51.675s]       |                                                                        [01;31m[K^~~~~~~~~~~~[m[K
[51.675s] [01m[K/home/serviom/cpp-miltech/homework_13/robot_ws/src/antidrone_turret/include/antidrone_turret/turret_logic.hpp:70:8:[m[K [01;36m[Knote: [m[K‘[01m[Kturret_logic::TurretStatus[m[K’ declared here
[51.675s]    70 | struct [01;36m[KTurretStatus[m[K {
[51.675s]       |        [01;36m[K^~~~~~~~~~~~[m[K
[51.675s] [01m[K/home/serviom/cpp-miltech/homework_13/robot_ws/src/antidrone_turret/src/turret_controller_node.cpp:32:85:[m[K [01;31m[Kerror: [m[Kno matching function for call to ‘[01m[KTurretControllerNode::create_publisher<<expression error> >(const char [15], int)[m[K’
[51.676s]    32 |     turret_status_pub_ = [01;31m[Kthis->create_publisher<antidrone_turret::msg::TurretStatus>("/turret/status", 10)[m[K;
[51.676s]       |                          [01;31m[K~~~~~~~~~~~~~~~~~~~~~~~~~~~~~~~~~~~~~~~~~~~~~~~~~~~~~~~~~~~^~~~~~~~~~~~~~~~~~~~~~[m[K
[51.676s] In file included from [01m[K/opt/ros/jazzy/include/rclcpp/rclcpp/node.hpp:1663[m[K,
[51.676s]                  from [01m[K/opt/ros/jazzy/include/rclcpp/rclcpp/executors/single_threaded_executor.hpp:28[m[K,
[51.676s]                  from [01m[K/opt/ros/jazzy/include/rclcpp/rclcpp/executors.hpp:22[m[K,
[51.676s]                  from [01m[K/opt/ros/jazzy/include/rclcpp/rclcpp/rclcpp.hpp:176[m[K,
[51.676s]                  from [01m[K/home/serviom/cpp-miltech/homework_13/robot_ws/src/antidrone_turret/src/turret_controller_node.cpp:1[m[K:
[51.677s] [01m[K/opt/ros/jazzy/include/rclcpp/rclcpp/node_impl.hpp:73:1:[m[K [01;36m[Knote: [m[Kcandidate: ‘[01m[Ktemplate<class MessageT, class AllocatorT, class PublisherT> std::shared_ptr<PublisherT> rclcpp::Node::[01;32m[Kcreate_publisher[m[K(const std::string&, const rclcpp::QoS&, const rclcpp::PublisherOptionsWithAllocator<AllocatorT>&)[m[K’
[51.677s]    73 | [01;36m[KNode[m[K::create_publisher(
[51.677s]       | [01;36m[K^~~~[m[K
[51.677s] [01m[K/opt/ros/jazzy/include/rclcpp/rclcpp/node_impl.hpp:73:1:[m[K [01;36m[Knote: [m[K  template argument deduction/substitution failed:
[51.677s] [01m[K/home/serviom/cpp-miltech/homework_13/robot_ws/src/antidrone_turret/src/turret_controller_node.cpp:32:85:[m[K [01;31m[Kerror: [m[Ktemplate argument 1 is invalid
[51.677s]    32 |     turret_status_pub_ = [01;31m[Kthis->create_publisher<antidrone_turret::msg::TurretStatus>("/turret/status", 10)[m[K;
[51.677s]       |                          [01;31m[K~~~~~~~~~~~~~~~~~~~~~~~~~~~~~~~~~~~~~~~~~~~~~~~~~~~~~~~~~~~^~~~~~~~~~~~~~~~~~~~~~[m[K
[51.687s] [01m[K/home/serviom/cpp-miltech/homework_13/robot_ws/src/antidrone_turret/src/turret_controller_node.cpp:[m[K In member function ‘[01m[Kvoid TurretControllerNode::[01;32m[Kstatus_callback[m[K(antidrone_turret::msg::ActuatorStatus_<std::allocator<void> >::SharedPtr)[m[K’:
[51.688s] [01m[K/home/serviom/cpp-miltech/homework_13/robot_ws/src/antidrone_turret/src/turret_controller_node.cpp:41:5:[m[K [01;31m[Kerror: [m[K‘[01m[Kcurrent_actuator_status_[m[K’ was not declared in this scope; did you mean ‘[01m[Kcurrent_actuator_state_[m[K’?
[51.688s]    41 |     [01;31m[Kcurrent_actuator_status_[m[K = static_cast<ActuatorStatus>(msg->state);
[51.688s]       |     [01;31m[K^~~~~~~~~~~~~~~~~~~~~~~~[m[K
[51.688s]       |     [32m[Kcurrent_actuator_state_[m[K
[51.692s] [01m[K/home/serviom/cpp-miltech/homework_13/robot_ws/src/antidrone_turret/src/turret_controller_node.cpp:41:44:[m[K [01;31m[Kerror: [m[K‘[01m[KActuatorStatus[m[K’ does not name a type
[51.692s]    41 |     current_actuator_status_ = static_cast<[01;31m[KActuatorStatus[m[K>(msg->state);
[51.692s]       |                                            [01;31m[K^~~~~~~~~~~~~~[m[K
[51.693s] [01m[K/home/serviom/cpp-miltech/homework_13/robot_ws/src/antidrone_turret/src/turret_controller_node.cpp:[m[K In member function ‘[01m[Kvoid TurretControllerNode::[01;32m[Kprocess[m[K(antidrone_turret::msg::Target_<std::allocator<void> >::SharedPtr)[m[K’:
[51.694s] [01m[K/home/serviom/cpp-miltech/homework_13/robot_ws/src/antidrone_turret/src/turret_controller_node.cpp:58:28:[m[K [01;31m[Kerror: [m[K‘[01m[KTurretStatus[m[K’ is not a member of ‘[01m[Kantidrone_turret::msg[m[K’; did you mean ‘[01m[Kturret_logic::TurretStatus[m[K’?
[51.694s]    58 |     antidrone_turret::msg::[01;31m[KTurretStatus[m[K status_msg;
[51.694s]       |                            [01;31m[K^~~~~~~~~~~~[m[K
[51.694s] [01m[K/home/serviom/cpp-miltech/homework_13/robot_ws/src/antidrone_turret/include/antidrone_turret/turret_logic.hpp:70:8:[m[K [01;36m[Knote: [m[K‘[01m[Kturret_logic::TurretStatus[m[K’ declared here
[51.694s]    70 | struct [01;36m[KTurretStatus[m[K {
[51.694s]       |        [01;36m[K^~~~~~~~~~~~[m[K
[51.705s] [01m[K/home/serviom/cpp-miltech/homework_13/robot_ws/src/antidrone_turret/src/turret_controller_node.cpp:59:5:[m[K [01;31m[Kerror: [m[K‘[01m[Kstatus_msg[m[K’ was not declared in this scope
[51.706s]    59 |     [01;31m[Kstatus_msg[m[K.target_state = out.status.target_state;
[51.706s]       |     [01;31m[K^~~~~~~~~~[m[K
[51.720s] [01m[K/home/serviom/cpp-miltech/homework_13/robot_ws/src/antidrone_turret/src/turret_controller_node.cpp:64:5:[m[K [01;31m[Kerror: [m[K‘[01m[Kturret_status_pub_[m[K’ was not declared in this scope
[51.720s]    64 |     [01;31m[Kturret_status_pub_[m[K->publish(status_msg);
[51.721s]       |     [01;31m[K^~~~~~~~~~~~~~~~~~[m[K
[58.388s] gmake[2]: *** [CMakeFiles/turret_controller_node.dir/build.make:76: CMakeFiles/turret_controller_node.dir/src/turret_controller_node.cpp.o] Error 1
[58.393s] gmake[1]: *** [CMakeFiles/Makefile2:729: CMakeFiles/turret_controller_node.dir/all] Error 2
[58.394s] gmake: *** [Makefile:146: all] Error 2
[58.395s] Invoked command in '/home/serviom/cpp-miltech/homework_13/robot_ws/src/build/antidrone_turret' returned '2': CMAKE_PREFIX_PATH=${CMAKE_PREFIX_PATH}:/opt/ros/jazzy DEBUGINFOD_URLS=https://debuginfod.ubuntu.com /usr/bin/cmake --build /home/serviom/cpp-miltech/homework_13/robot_ws/src/build/antidrone_turret -- -j2 -l2
