[0.269s] DEBUG:colcon:Command line arguments: ['/usr/bin/colcon', 'build', '--packages-select', 'antidrone_turret']
[0.269s] DEBUG:colcon:Parsed command line arguments: Namespace(log_base=None, log_level=None, verb_name='build', build_base='build', install_base='install', merge_install=False, symlink_install=False, test_result_base=None, continue_on_error=False, executor='parallel', parallel_workers=4, event_handlers=None, ignore_user_meta=False, metas=['./colcon.meta'], base_paths=['.'], packages_ignore=None, packages_ignore_regex=None, paths=None, packages_up_to=None, packages_up_to_regex=None, packages_above=None, packages_above_and_dependencies=None, packages_above_depth=None, packages_select_by_dep=None, packages_skip_by_dep=None, packages_skip_up_to=None, packages_select_build_failed=False, packages_skip_build_finished=False, packages_select_test_failures=False, packages_skip_test_passed=False, packages_select=['antidrone_turret'], packages_skip=None, packages_select_regex=None, packages_skip_regex=None, packages_start=None, packages_end=None, cmake_args=None, cmake_target=None, cmake_target_skip_unavailable=False, cmake_clean_cache=False, cmake_clean_first=False, cmake_force_configure=False, ament_cmake_args=None, catkin_cmake_args=None, catkin_skip_building_tests=False, mixin_files=None, mixin=None, verb_parser=<colcon_mixin.mixin.mixin_argument.MixinArgumentDecorator object at 0x7192bc38cd10>, verb_extension=<colcon_core.verb.build.BuildVerb object at 0x7192bc38c950>, main=<bound method BuildVerb.main of <colcon_core.verb.build.BuildVerb object at 0x7192bc38c950>>, mixin_verb=('build',))
[0.336s] Level 1:colcon.colcon_core.package_discovery:discover_packages(colcon_meta) check parameters
[0.336s] Level 1:colcon.colcon_core.package_discovery:discover_packages(recursive) check parameters
[0.336s] Level 1:colcon.colcon_core.package_discovery:discover_packages(ignore) check parameters
[0.336s] Level 1:colcon.colcon_core.package_discovery:discover_packages(path) check parameters
[0.336s] Level 1:colcon.colcon_core.package_discovery:discover_packages(colcon_meta) discover
[0.336s] Level 1:colcon.colcon_core.package_discovery:discover_packages(recursive) discover
[0.336s] INFO:colcon.colcon_core.package_discovery:Crawling recursively for packages in '/home/serviom/cpp-miltech/homework_13/robot_ws/src/antidrone_turret'
[0.336s] Level 1:colcon.colcon_core.package_identification:_identify(.) by extensions ['ignore', 'ignore_ament_install']
[0.337s] Level 1:colcon.colcon_core.package_identification:_identify(.) by extension 'ignore'
[0.337s] Level 1:colcon.colcon_core.package_identification:_identify(.) by extension 'ignore_ament_install'
[0.337s] Level 1:colcon.colcon_core.package_identification:_identify(.) by extensions ['colcon_pkg']
[0.337s] Level 1:colcon.colcon_core.package_identification:_identify(.) by extension 'colcon_pkg'
[0.337s] Level 1:colcon.colcon_core.package_identification:_identify(.) by extensions ['colcon_meta']
[0.337s] Level 1:colcon.colcon_core.package_identification:_identify(.) by extension 'colcon_meta'
[0.337s] Level 1:colcon.colcon_core.package_identification:_identify(.) by extensions ['ros']
[0.337s] Level 1:colcon.colcon_core.package_identification:_identify(.) by extension 'ros'
[0.378s] DEBUG:colcon.colcon_core.package_identification:Package '.' with type 'ros.ament_cmake' and name 'antidrone_turret'
[0.378s] Level 1:colcon.colcon_core.package_discovery:discover_packages(recursive) using defaults
[0.378s] Level 1:colcon.colcon_core.package_discovery:discover_packages(ignore) discover
[0.378s] Level 1:colcon.colcon_core.package_discovery:discover_packages(ignore) using defaults
[0.378s] Level 1:colcon.colcon_core.package_discovery:discover_packages(path) discover
[0.379s] Level 1:colcon.colcon_core.package_discovery:discover_packages(path) using defaults
[0.407s] Level 5:colcon.colcon_core.verb:set package 'antidrone_turret' build argument 'cmake_args' from command line to 'None'
[0.407s] Level 5:colcon.colcon_core.verb:set package 'antidrone_turret' build argument 'cmake_target' from command line to 'None'
[0.407s] Level 5:colcon.colcon_core.verb:set package 'antidrone_turret' build argument 'cmake_target_skip_unavailable' from command line to 'False'
[0.407s] Level 5:colcon.colcon_core.verb:set package 'antidrone_turret' build argument 'cmake_clean_cache' from command line to 'False'
[0.407s] Level 5:colcon.colcon_core.verb:set package 'antidrone_turret' build argument 'cmake_clean_first' from command line to 'False'
[0.407s] Level 5:colcon.colcon_core.verb:set package 'antidrone_turret' build argument 'cmake_force_configure' from command line to 'False'
[0.408s] Level 5:colcon.colcon_core.verb:set package 'antidrone_turret' build argument 'ament_cmake_args' from command line to 'None'
[0.408s] Level 5:colcon.colcon_core.verb:set package 'antidrone_turret' build argument 'catkin_cmake_args' from command line to 'None'
[0.408s] Level 5:colcon.colcon_core.verb:set package 'antidrone_turret' build argument 'catkin_skip_building_tests' from command line to 'False'
[0.408s] DEBUG:colcon.colcon_core.verb:Building package 'antidrone_turret' with the following arguments: {'ament_cmake_args': None, 'build_base': '/home/serviom/cpp-miltech/homework_13/robot_ws/src/antidrone_turret/build/antidrone_turret', 'catkin_cmake_args': None, 'catkin_skip_building_tests': False, 'cmake_args': None, 'cmake_clean_cache': False, 'cmake_clean_first': False, 'cmake_force_configure': False, 'cmake_target': None, 'cmake_target_skip_unavailable': False, 'install_base': '/home/serviom/cpp-miltech/homework_13/robot_ws/src/antidrone_turret/install/antidrone_turret', 'merge_install': False, 'path': '/home/serviom/cpp-miltech/homework_13/robot_ws/src/antidrone_turret', 'symlink_install': False, 'test_result_base': None}
[0.408s] INFO:colcon.colcon_core.executor:Executing jobs using 'parallel' executor
[0.409s] DEBUG:colcon.colcon_parallel_executor.executor.parallel:run_until_complete
[0.409s] INFO:colcon.colcon_ros.task.ament_cmake.build:Building ROS package in '/home/serviom/cpp-miltech/homework_13/robot_ws/src/antidrone_turret' with build type 'ament_cmake'
[0.409s] INFO:colcon.colcon_cmake.task.cmake.build:Building CMake package in '/home/serviom/cpp-miltech/homework_13/robot_ws/src/antidrone_turret'
[0.417s] INFO:colcon.colcon_core.plugin_system:Skipping extension 'colcon_core.shell.bat': Not used on non-Windows systems
[0.417s] INFO:colcon.colcon_core.shell:Skip shell extension 'powershell' for command environment: Not usable outside of PowerShell
[0.417s] DEBUG:colcon.colcon_core.shell:Skip shell extension 'dsv' for command environment
[0.428s] DEBUG:colcon.colcon_core.event_handler.log_command:Invoking command in '/home/serviom/cpp-miltech/homework_13/robot_ws/src/antidrone_turret/build/antidrone_turret': CMAKE_PREFIX_PATH=${CMAKE_PREFIX_PATH}:/opt/ros/jazzy DEBUGINFOD_URLS=https://debuginfod.ubuntu.com /usr/bin/cmake --build /home/serviom/cpp-miltech/homework_13/robot_ws/src/antidrone_turret/build/antidrone_turret -- -j4 -l4
[13.036s] DEBUG:colcon.colcon_core.event_handler.log_command:Invoked command in '/home/serviom/cpp-miltech/homework_13/robot_ws/src/antidrone_turret/build/antidrone_turret' returned '2': CMAKE_PREFIX_PATH=${CMAKE_PREFIX_PATH}:/opt/ros/jazzy DEBUGINFOD_URLS=https://debuginfod.ubuntu.com /usr/bin/cmake --build /home/serviom/cpp-miltech/homework_13/robot_ws/src/antidrone_turret/build/antidrone_turret -- -j4 -l4
[13.037s] Level 1:colcon.colcon_core.environment:create_environment_scripts_only(antidrone_turret)
[13.044s] Level 1:colcon.colcon_core.environment:checking '/home/serviom/cpp-miltech/homework_13/robot_ws/src/antidrone_turret/install/antidrone_turret' for CMake module files
[13.044s] Level 1:colcon.colcon_core.environment:checking '/home/serviom/cpp-miltech/homework_13/robot_ws/src/antidrone_turret/install/antidrone_turret' for CMake config files
[13.045s] Level 1:colcon.colcon_core.environment:checking '/home/serviom/cpp-miltech/homework_13/robot_ws/src/antidrone_turret/install/antidrone_turret/bin'
[13.045s] Level 1:colcon.colcon_core.environment:checking '/home/serviom/cpp-miltech/homework_13/robot_ws/src/antidrone_turret/install/antidrone_turret/lib/pkgconfig/antidrone_turret.pc'
[13.047s] Level 1:colcon.colcon_core.environment:checking '/home/serviom/cpp-miltech/homework_13/robot_ws/src/antidrone_turret/install/antidrone_turret/lib/python3.12/site-packages'
[13.047s] Level 1:colcon.colcon_core.environment:checking '/home/serviom/cpp-miltech/homework_13/robot_ws/src/antidrone_turret/install/antidrone_turret/bin'
[13.047s] INFO:colcon.colcon_core.shell:Creating package script '/home/serviom/cpp-miltech/homework_13/robot_ws/src/antidrone_turret/install/antidrone_turret/share/antidrone_turret/package.ps1'
[13.048s] INFO:colcon.colcon_core.shell:Creating package descriptor '/home/serviom/cpp-miltech/homework_13/robot_ws/src/antidrone_turret/install/antidrone_turret/share/antidrone_turret/package.dsv'
[13.049s] INFO:colcon.colcon_core.shell:Creating package script '/home/serviom/cpp-miltech/homework_13/robot_ws/src/antidrone_turret/install/antidrone_turret/share/antidrone_turret/package.sh'
[13.050s] INFO:colcon.colcon_core.shell:Creating package script '/home/serviom/cpp-miltech/homework_13/robot_ws/src/antidrone_turret/install/antidrone_turret/share/antidrone_turret/package.bash'
[13.050s] INFO:colcon.colcon_core.shell:Creating package script '/home/serviom/cpp-miltech/homework_13/robot_ws/src/antidrone_turret/install/antidrone_turret/share/antidrone_turret/package.zsh'
[13.051s] Level 1:colcon.colcon_core.environment:create_file_with_runtime_dependencies(/home/serviom/cpp-miltech/homework_13/robot_ws/src/antidrone_turret/install/antidrone_turret/share/colcon-core/packages/antidrone_turret)
[13.062s] DEBUG:colcon.colcon_parallel_executor.executor.parallel:closing loop
[13.062s] DEBUG:colcon.colcon_parallel_executor.executor.parallel:loop closed
[13.062s] DEBUG:colcon.colcon_parallel_executor.executor.parallel:run_until_complete finished with '2'
[13.062s] DEBUG:colcon.colcon_core.event_reactor:joining thread
[13.074s] INFO:colcon.colcon_core.plugin_system:Skipping extension 'colcon_notification.desktop_notification.notify_send': Could not find 'notify-send'
[13.074s] INFO:colcon.colcon_core.plugin_system:Skipping extension 'colcon_notification.desktop_notification.terminal_notifier': Not used on non-Darwin systems
[13.074s] INFO:colcon.colcon_core.plugin_system:Skipping extension 'colcon_notification.desktop_notification.win32': Not used on non-Windows systems
[13.074s] INFO:colcon.colcon_notification.desktop_notification:Sending desktop notification using 'notify2'
[13.076s] DEBUG:colcon.colcon_notification.desktop_notification.notify2:Failed to initialize notify2: org.freedesktop.DBus.Error.Spawn.ExecFailed: /usr/bin/dbus-launch terminated abnormally without any error message
[13.076s] DEBUG:colcon.colcon_core.event_reactor:joined thread
[13.077s] INFO:colcon.colcon_core.shell:Creating prefix script '/home/serviom/cpp-miltech/homework_13/robot_ws/src/antidrone_turret/install/local_setup.ps1'
[13.078s] INFO:colcon.colcon_core.shell:Creating prefix util module '/home/serviom/cpp-miltech/homework_13/robot_ws/src/antidrone_turret/install/_local_setup_util_ps1.py'
[13.079s] INFO:colcon.colcon_core.shell:Creating prefix chain script '/home/serviom/cpp-miltech/homework_13/robot_ws/src/antidrone_turret/install/setup.ps1'
[13.081s] INFO:colcon.colcon_core.shell:Creating prefix script '/home/serviom/cpp-miltech/homework_13/robot_ws/src/antidrone_turret/install/local_setup.sh'
[13.081s] INFO:colcon.colcon_core.shell:Creating prefix util module '/home/serviom/cpp-miltech/homework_13/robot_ws/src/antidrone_turret/install/_local_setup_util_sh.py'
[13.082s] INFO:colcon.colcon_core.shell:Creating prefix chain script '/home/serviom/cpp-miltech/homework_13/robot_ws/src/antidrone_turret/install/setup.sh'
[13.083s] INFO:colcon.colcon_core.shell:Creating prefix script '/home/serviom/cpp-miltech/homework_13/robot_ws/src/antidrone_turret/install/local_setup.bash'
[13.083s] INFO:colcon.colcon_core.shell:Creating prefix chain script '/home/serviom/cpp-miltech/homework_13/robot_ws/src/antidrone_turret/install/setup.bash'
[13.084s] INFO:colcon.colcon_core.shell:Creating prefix script '/home/serviom/cpp-miltech/homework_13/robot_ws/src/antidrone_turret/install/local_setup.zsh'
[13.084s] INFO:colcon.colcon_core.shell:Creating prefix chain script '/home/serviom/cpp-miltech/homework_13/robot_ws/src/antidrone_turret/install/setup.zsh'
